09-11 01:02:30.819   833  2596 I ActivityManager: START u0 {act=android.intent.action.VIEW dat=content://com.UCMobile.fileProvider/external_files/UCDownloads/baidumap_AndroidPhone_1012337a.apk typ=application/vnd.android.package-archive flg=0x2000000 cmp=com.android.packageinstaller/.InstallStaging (has extras)} from uid 10020
09-11 01:02:31.362   833   833 W WindowManager: removeWindowToken: Attempted to remove non-existing token: android.os.Binder@f7cec1e
09-11 01:02:31.367  7427  7527 W PackageParser: No actions in intent filter at /storage/emulated/0/UCDownloads/dingding_544.apk Binary XML file line #5718
09-11 01:02:31.367  7427  7527 W PackageParser: No actions in intent filter at /storage/emulated/0/UCDownloads/dingding_544.apk Binary XML file line #5723
09-11 01:02:31.367  7427  7527 W PackageParser: No actions in intent filter at /storage/emulated/0/UCDownloads/dingding_544.apk Binary XML file line #5749
09-11 01:02:31.657   833  2390 I ActivityManager: START u0 {act=android.intent.action.VIEW dat=content://com.UCMobile.fileProvider/external_files/UCDownloads/baidumap_AndroidPhone_1012337a.apk typ=application/vnd.android.package-archive cmp=com.android.packageinstaller/.InstallStart (has extras)} from uid 10063
09-11 01:02:31.658   833  2390 W ActivityManager: startActivity called from non-Activity context; forcing Intent.FLAG_ACTIVITY_NEW_TASK for: Intent { act=android.intent.action.VIEW dat=content://com.UCMobile.fileProvider/external_files/UCDownloads/baidumap_AndroidPhone_1012337a.apk typ=application/vnd.android.package-archive flg=0x800000 cmp=com.android.packageinstaller/.InstallStart (has extras) }
09-11 01:02:32.158  6744  6790 W PackageParser: No actions in intent filter at /storage/emulated/0/UCDownloads/dingding_544.apk Binary XML file line #5718
09-11 01:02:32.159  6744  6790 W PackageParser: No actions in intent filter at /storage/emulated/0/UCDownloads/dingding_544.apk Binary XML file line #5723
09-11 01:02:32.159  6744  6790 W PackageParser: No actions in intent filter at /storage/emulated/0/UCDownloads/dingding_544.apk Binary XML file line #5749
09-11 01:02:32.216  6744  7377 W PackageParser: No actions in intent filter at /storage/emulated/0/UCDownloads/dingding_544.apk Binary XML file line #5718
09-11 01:02:32.216  6744  7377 W PackageParser: No actions in intent filter at /storage/emulated/0/UCDownloads/dingding_544.apk Binary XML file line #5723
09-11 01:02:32.218  6744  7377 W PackageParser: No actions in intent filter at /storage/emulated/0/UCDownloads/dingding_544.apk Binary XML file line #5749
09-11 01:02:32.601   833  2390 I ActivityManager: START u0 {act=android.intent.action.VIEW dat=file:///data/user_de/0/com.android.packageinstaller/no_backup/package1077517127734419464.apk flg=0x10000 cmp=com.android.packageinstaller/.PackageInstallerActivity (has extras)} from uid 10020
09-11 01:02:33.102  6744  6790 W PackageParser: No actions in intent filter at /storage/emulated/0/UCDownloads/dingding_544.apk Binary XML file line #5718
09-11 01:02:33.102  6744  6790 W PackageParser: No actions in intent filter at /storage/emulated/0/UCDownloads/dingding_544.apk Binary XML file line #5723
09-11 01:02:33.103  6744  6790 W PackageParser: No actions in intent filter at /storage/emulated/0/UCDownloads/dingding_544.apk Binary XML file line #5749
09-11 01:02:33.917   833  2390 I ActivityManager: START u0 {dat=file:///data/user_de/0/com.android.packageinstaller/no_backup/package1077517127734419464.apk cmp=com.android.packageinstaller/.InstallInstalling (has extras)} from uid 10020
09-11 01:02:35.038  6744  8617 W PackageParser: No actions in intent filter at /storage/emulated/0/UCDownloads/dingding_544.apk Binary XML file line #5718
09-11 01:02:35.039  6744  8617 W PackageParser: No actions in intent filter at /storage/emulated/0/UCDownloads/dingding_544.apk Binary XML file line #5723
09-11 01:02:35.039  6744  8617 W PackageParser: No actions in intent filter at /storage/emulated/0/UCDownloads/dingding_544.apk Binary XML file line #5749
09-11 01:02:48.569   833   849 W ActivityManager: Stopping service due to app idle: u0a64 -4m46s361ms com.alibaba.android.rimet/com.alibaba.android.dingtalkbase.service.DDBabysitterService
09-11 01:02:48.570   833   849 W ActivityManager: Stopping service due to app idle: u0a64 -3m12s283ms com.alibaba.android.rimet/com.alibaba.android.calendar.service.ListenSystemCalendarService
09-11 01:02:48.570   833   849 W ActivityManager: Stopping service due to app idle: u0a64 -4m15s274ms com.alibaba.android.rimet/com.alibaba.android.teleconf.service.ListenPhoneService
09-11 01:02:48.570   833   849 W ActivityManager: Stopping service due to app idle: u0a64 -4m46s787ms com.alibaba.android.rimet/com.laiwang.protocol.android.LWPService
09-11 01:02:48.570   833   849 W ActivityManager: Stopping service due to app idle: u0a64 -4m46s135ms com.alibaba.android.rimet/com.alibaba.android.dingtalkbase.bizframework.ipc.DDServiceManageImpl
09-11 01:02:48.570   833   849 W ActivityManager: Stopping service due to app idle: u0a64 -4m46s404ms com.alibaba.android.rimet/com.alibaba.lightapp.runtime.service.LightAppService
09-11 01:02:48.570   833   849 W ActivityManager: Stopping service due to app idle: u0a64 -4m46s410ms com.alibaba.android.rimet/com.alibaba.android.dingtalkbase.service.DDEudemonService
09-11 01:02:53.781   833  1124 W ActivityManager: Background start not allowed: service Intent { flg=0x4 cmp=com.alibaba.android.rimet/com.laiwang.protocol.android.LWPService (has extras) } to com.alibaba.android.rimet/com.laiwang.protocol.android.LWPService from pid=-1 uid=10064 pkg=com.alibaba.android.rimet
09-11 01:02:53.828   833  1124 W ActivityManager: Background start not allowed: service Intent { flg=0x4 cmp=com.alibaba.android.rimet/com.alibaba.android.teleconf.service.ListenPhoneService (has extras) } to com.alibaba.android.rimet/com.alibaba.android.teleconf.service.ListenPhoneService from pid=-1 uid=10064 pkg=com.alibaba.android.rimet
09-11 01:03:04.019   833   864 D PackageManager: Ephemeral installer not found with new action; try old one
09-11 01:03:04.019   833   864 D PackageManager: Clear ephemeral installer activity
09-11 01:03:04.142   833  2263 I ActivityManager: START u0 {dat=file:///data/user_de/0/com.android.packageinstaller/no_backup/package1077517127734419464.apk flg=0x2000000 cmp=com.android.packageinstaller/.InstallSuccess (has extras)} from uid 10020
09-11 01:03:04.241   833  2263 W BroadcastQueue: Background execution not allowed: receiving Intent { act=android.intent.action.PACKAGE_ADDED dat=package:com.baidu.BaiduMap flg=0x4000010 (has extras) } to com.UCMobile/com.pp.plugin.appstore.receiver.PPActiveReceiver
09-11 01:03:04.320   833  2390 W BroadcastQueue: Background execution not allowed: receiving Intent { act=android.intent.action.PACKAGE_ADDED dat=package:com.baidu.BaiduMap flg=0x4000010 (has extras) } to com.android.musicfx/.Compatibility$Receiver
09-11 01:03:04.320   833   849 W BroadcastQueue: Background execution not allowed: receiving Intent { act=android.intent.action.PACKAGE_ADDED dat=package:com.baidu.BaiduMap flg=0x4000010 (has extras) } to com.svox.pico/.VoiceDataInstallerReceiver
09-11 01:03:04.321   833   849 W BroadcastQueue: Background execution not allowed: receiving Intent { act=android.intent.action.PACKAGE_ADDED dat=package:com.baidu.BaiduMap flg=0x4000010 (has extras) } to com.UCMobile/com.uc.base.system.receivers.SysReceiver
09-11 01:03:04.321   833   849 W BroadcastQueue: Background execution not allowed: receiving Intent { act=android.intent.action.PACKAGE_ADDED dat=package:com.baidu.BaiduMap flg=0x4000010 (has extras) } to com.UCMobile/com.alv.foun.PhoenixBroadcastReceiver
09-11 01:03:04.321   833   849 W BroadcastQueue: Background execution not allowed: receiving Intent { act=android.intent.action.PACKAGE_ADDED dat=package:com.baidu.BaiduMap flg=0x4000010 (has extras) } to com.sohu.inputmethod.sogou/com.sogou.androidtool.receiver.SupportReceiver
09-11 01:03:04.321   833   849 W BroadcastQueue: Background execution not allowed: receiving Intent { act=android.intent.action.PACKAGE_ADDED dat=package:com.baidu.BaiduMap flg=0x4000010 (has extras) } to com.sohu.inputmethod.sogou/com.sohu.inputmethod.flx.dynamic.tools.download.InstallFinishReceiver
09-11 01:03:04.335   833   833 I Telecom : DefaultDialerCache: Refreshing default dialer for user 0: now com.android.dialer: DDC.oR@AGA
09-11 01:03:04.493   833   848 W VoiceInteractionManagerService: no available voice recognition services found for user 0
09-11 01:03:05.615  6744  6744 W PackageParser: No actions in intent filter at /storage/emulated/0/UCDownloads/dingding_544.apk Binary XML file line #5718
09-11 01:03:05.615  6744  6744 W PackageParser: No actions in intent filter at /storage/emulated/0/UCDownloads/dingding_544.apk Binary XML file line #5723
09-11 01:03:05.624  6744  6744 W PackageParser: No actions in intent filter at /storage/emulated/0/UCDownloads/dingding_544.apk Binary XML file line #5749
09-11 01:03:06.025   833  5934 I ActivityManager: START u0 {act=android.intent.action.MAIN cat=[android.intent.category.LAUNCHER] flg=0x10000000 pkg=com.baidu.BaiduMap cmp=com.baidu.BaiduMap/com.baidu.baidumaps.WelcomeScreen} from uid 10020
09-11 01:03:06.101   833  2263 W ActivityManager: Slow operation: 63ms so far, now at startProcess: returned from zygote!
09-11 01:03:06.101   833  2263 W ActivityManager: Slow operation: 63ms so far, now at startProcess: done updating battery stats
09-11 01:03:06.103   833  2263 W ActivityManager: Slow operation: 64ms so far, now at startProcess: building log message
09-11 01:03:06.103   833  2263 I ActivityManager: Start proc 10639:com.baidu.BaiduMap/u0a65 for activity com.baidu.BaiduMap/com.baidu.baidumaps.WelcomeScreen
09-11 01:03:06.103   833  2263 W ActivityManager: Slow operation: 65ms so far, now at startProcess: starting to update pids map
09-11 01:03:06.103   833  2263 W ActivityManager: Slow operation: 65ms so far, now at startProcess: done updating pids map
09-11 01:03:06.103   833  2263 W ActivityManager: Slow operation: 65ms so far, now at startProcess: done starting proc!
09-11 01:03:06.202   833   898 I WindowManager: Failed to capture screenshot of Token{a5d2a57 ActivityRecord{3f637d6 u0 com.android.packageinstaller/.InstallSuccess t19 f}} appWin=Window{9ed989d u0 com.android.packageinstaller/com.android.packageinstaller.InstallSuccess} drawState=4
09-11 01:03:06.713   833   845 I ActivityManager: Start proc 10659:com.baidu.BaiduMap:SandBoxProcess/u0a65 for content provider com.baidu.BaiduMap/com.baidu.searchbox.process.ipc.agent.provider.MainProcessDelegateProvider
09-11 01:03:07.296   833  2596 D VoldConnector: SND -> {46 volume mkdirs /storage/emulated/0/Android/data/com.baidu.BaiduMap/files/}
09-11 01:03:07.345   833  1369 D VoldConnector: RCV <- {200 46 Command succeeded}
09-11 01:03:08.095   833  3279 I ActivityManager: Start proc 10891:com.baidu.BaiduMap:MapCoreService/u0a65 for service com.baidu.BaiduMap/com.baidu.location.f
09-11 01:03:08.437   833  5934 W ActivityManager: Slow operation: 136ms so far, now at startProcess: returned from zygote!
09-11 01:03:08.437   833  5934 W ActivityManager: Slow operation: 136ms so far, now at startProcess: done updating battery stats
09-11 01:03:08.437   833  5934 W ActivityManager: Slow operation: 137ms so far, now at startProcess: building log message
09-11 01:03:08.437   833  5934 I ActivityManager: Start proc 10951:com.android.webview:sandboxed_process0/u0i0 for webview_service com.baidu.BaiduMap/org.chromium.content.app.SandboxedProcessService0
09-11 01:03:08.437   833  5934 W ActivityManager: Slow operation: 137ms so far, now at startProcess: starting to update pids map
09-11 01:03:08.437   833  5934 W ActivityManager: Slow operation: 137ms so far, now at startProcess: done updating pids map
09-11 01:03:08.437   833  5934 W ActivityManager: Slow operation: 138ms so far, now at startProcess: done starting proc!
09-11 01:03:08.441   833   850 W Looper  : Dispatch took 137ms on android.ui, h=Handler (com.android.server.am.ActivityManagerService$UiHandler) {2245367} cb=null msg=53
09-11 01:03:08.728   833   849 W BroadcastQueue: Background execution not allowed: receiving Intent { act=com.huawei.android.push.intent.REGISTER flg=0x30 (has extras) } to com.alibaba.android.rimet/com.huawei.android.pushagent.PushBootReceiver
09-11 01:03:08.891 10659 11004 E ActivityThread: Failed to find provider info for com.baidu.BaiduMap.BaiduGidContentProvider
09-11 01:03:09.224   833  2596 I ActivityManager: START u0 {act=android.intent.action.MAIN cat=[android.intent.category.LAUNCHER] flg=0x10000000 pkg=com.baidu.BaiduMap cmp=com.baidu.BaiduMap/com.baidu.baidumaps.guide.TermsActivity} from uid 10065
--------- beginning of main
09-11 01:03:10.003 11051 11051 I chatty  : uid=10065(u0_a65) expire 1 line
09-11 01:03:10.033 11052 11052 I chatty  : uid=10065(u0_a65) expire 1 line
09-11 01:03:10.070 11053 11053 I chatty  : uid=10065(u0_a65) expire 1 line
09-11 01:03:10.103 11055 11055 I chatty  : uid=10065(u0_a65) expire 1 line
09-11 01:03:10.136 11056 11056 I chatty  : uid=10065(u0_a65) expire 1 line
09-11 01:03:10.171   833  5934 I ActivityManager: Start proc 11058:com.baidu.BaiduMap:swan0/u0a65 for service com.baidu.BaiduMap/com.baidu.swan.apps.process.messaging.client.SwanAppLocalService
09-11 01:03:10.173 11057 11057 I chatty  : uid=10065(u0_a65) expire 1 line
09-11 01:03:10.206 11072 11072 I chatty  : uid=10065(u0_a65) expire 1 line
09-11 01:03:10.236 11074 11074 I chatty  : uid=10065(u0_a65) expire 1 line
09-11 01:03:10.259 11058 11058 I chatty  : uid=10065(u0_a65) com.baidu.BaiduMap:swan0 expire 27 lines
09-11 01:03:10.270 11076 11076 W cat     : type=1400 audit(0.0:291): avc: denied { read } for name="address" dev="sysfs" ino=23800 scontext=u:r:untrusted_app:s0:c512,c768 tcontext=u:object_r:sysfs_mac_address:s0 tclass=file permissive=0
09-11 01:03:10.310 11079 11079 I chatty  : uid=10065(u0_a65) expire 1 line
09-11 01:03:10.507 11058 11091 I chatty  : uid=10065(u0_a65) V8JavaScriptCon expire 13 lines
09-11 01:03:10.665 11058 11096 I chatty  : uid=10065(u0_a65) com.baidu.BaiduMap:swan0 expire 1 line
09-11 01:03:10.811 11058 11102 I chatty  : uid=10065(u0_a65) Chrome_DBThread expire 9 lines
09-11 01:03:11.064 10659 11004 E ActivityThread: Failed to find provider info for com.baidu.BaiduMap.BaiduGidContentProvider
09-11 01:03:11.067 10659 11004 E ActivityThread: Failed to find provider info for com.baidu.BaiduMap.BaiduGidContentProvider
09-11 01:03:11.329 10951 10966 E cr_ChildProcessService: Service is already bound by pid 10659, cannot bind for pid 11058
09-11 01:03:11.346 11117 11117 E /system/bin/webview_zygote32: failed to make and chown /acct/uid_99001: Permission denied
09-11 01:03:11.346 11117 11117 E Zygote  : createProcessGroup(99001, 0) failed: Permission denied
09-11 01:03:11.350   833  3341 I ActivityManager: Start proc 11117:com.android.webview:sandboxed_process1/u0i1 for webview_service com.baidu.BaiduMap/org.chromium.content.app.SandboxedProcessService1
09-11 01:03:11.354 11058 11105 I chatty  : uid=10065(u0_a65) Chrome_ProcessL expire 1 line
09-11 01:03:11.376 11117 11117 I SamplingProfilerIntegration: Profiling disabled.
09-11 01:03:11.428   592   705 I ThermalEngine: ACTION: GPU - Setting GPU[0] to 390000000
09-11 01:03:11.524 11131 11131 E asset   : setgid: Operation not permitted
09-11 01:03:11.738   833   846 I ActivityManager: START u0 {act=android.content.pm.action.REQUEST_PERMISSIONS pkg=com.android.packageinstaller cmp=com.android.packageinstaller/.permission.ui.GrantPermissionsActivity (has extras)} from uid 10065
09-11 01:03:11.750   603  4736 D audio_hw_primary: enable_snd_device: snd_device(2: speaker)
09-11 01:03:11.753   603  4736 D audio_hw_primary: enable_audio_route: usecase(1) apply and update mixer path: low-latency-playback speaker
09-11 01:03:11.827 11117 11117 I LoadedApk: No resource references to update in package com.android.webview
09-11 01:03:11.886 11117 11117 I cr_ChildProcessService: Creating new ChildProcessService pid=11117
09-11 01:03:12.310   603   773 D audio_hw_primary: disable_audio_route: usecase(1) reset and update mixer path: low-latency-playback speaker
09-11 01:03:12.317   603   773 D audio_hw_primary: disable_snd_device: snd_device(2: speaker)
09-11 01:03:12.508 11117 11136 I cr_LibraryLoader: Time to load native libraries: 0 ms (timestamps 7514-7514)
09-11 01:03:12.508 11117 11136 I cr_LibraryLoader: Using linker: org.chromium.base.library_loader.ModernLinker
09-11 01:03:12.527 11117 11136 I chromium: [INFO:library_loader_hooks.cc(140)] Chromium logging enabled: level = 0, default verbosity = 0
09-11 01:03:12.528 11117 11136 I cr_LibraryLoader: Expected native library version number "58.0.3029.125", actual native library version number "58.0.3029.125"
09-11 01:03:13.161   833   833 I chatty  : uid=1000 system_server expire 4 lines
09-11 01:03:13.167   603  4736 D audio_hw_primary: enable_snd_device: snd_device(2: speaker)
09-11 01:03:13.170   603  4736 D audio_hw_primary: enable_audio_route: usecase(1) apply and update mixer path: low-latency-playback speaker
09-11 01:03:13.715 11058 11148 I chatty  : uid=10065(u0_a65) Chrome_InProcGp expire 2 lines
09-11 01:03:13.718   603   773 D audio_hw_primary: disable_audio_route: usecase(1) reset and update mixer path: low-latency-playback speaker
09-11 01:03:13.729   603   773 D audio_hw_primary: disable_snd_device: snd_device(2: speaker)
09-11 01:03:13.825 11151 11151 I chatty  : uid=10065(u0_a65) /system/bin/dex2oat expire 3 lines
09-11 01:03:14.736 11199 11199 I chatty  : uid=10065(u0_a65) expire 1 line
09-11 01:03:14.745   833   849 W BroadcastQueue: Background execution not allowed: receiving Intent { act=com.huawei.android.push.intent.REGISTER flg=0x30 (has extras) } to com.alibaba.android.rimet/com.huawei.android.pushagent.PushBootReceiver
09-11 01:03:15.217 11058 11073 I chatty  : uid=10065(u0_a65) Profile Saver expire 2 lines
09-11 01:03:15.502 11058 11069 I chatty  : uid=10065(u0_a65) HeapTaskDaemon expire 1 line
09-11 01:03:17.439   592   705 I ThermalEngine: ACTION: GPU - Setting GPU[0] to 450000000
09-11 01:03:18.643   833  3341 I chatty  : uid=1000(system) Binder:833_9 expire 7 lines
09-11 01:03:18.796 11253 11253 I chatty  : uid=10065(u0_a65) expire 1 line
09-11 01:03:18.803 10659 10664 I chatty  : uid=10065(u0_a65) Jit thread pool expire 12 lines
09-11 01:03:18.990 11258 11258 I chatty  : uid=10065(u0_a65) expire 1 line
09-11 01:03:18.999 11257 11257 I chatty  : uid=10065(u0_a65) /system/bin/dex2oat expire 3 lines
09-11 01:03:19.026 11260 11260 I chatty  : uid=10065(u0_a65) expire 1 line
09-11 01:03:19.316 10659 11166 I chatty  : uid=10065(u0_a65) com.baidu.BaiduMap:SandBoxProcess expire 2 lines
09-11 01:03:19.373 11276 11276 I chatty  : uid=10065(u0_a65) expire 1 line
09-11 01:03:19.482  7280  7280 I ServiceManager: Waiting for service AtCmdFwd...
09-11 01:03:19.509 10659 10701 I chatty  : uid=10065(u0_a65) com.baidu.BaiduMap:SandBoxProcess expire 8 lines
09-11 01:03:19.566 11290 11290 I chatty  : uid=10065(u0_a65) expire 1 line
09-11 01:03:19.576   423   423 I chatty  : uid=1010 wifi@1.0-servic expire 11 lines
09-11 01:03:19.745 10659 10793 I chatty  : uid=10065(u0_a65) com.baidu.BaiduMap:SandBoxProcess expire 8 lines
09-11 01:03:19.813 11303 11303 I chatty  : uid=10065(u0_a65) expire 1 line
09-11 01:03:19.926 11313 11313 I chatty  : uid=10065(u0_a65) expire 1 line
09-11 01:03:20.040 11166 11166 I chatty  : uid=10065(u0_a65) com.baidu.BaiduMap:SandBoxProcess expire 1 line
09-11 01:03:20.080 11341 11341 I chatty  : uid=10065(u0_a65) expire 1 line
09-11 01:03:20.126 11351 11351 I chatty  : uid=10065(u0_a65) expire 1 line
09-11 01:03:20.176 11355 11355 I chatty  : uid=10065(u0_a65) expire 1 line
09-11 01:03:20.187 10659 11265 I chatty  : uid=10065(u0_a65) com.baidu.BaiduMap:SandBoxProcess expire 1 line
09-11 01:03:20.220 11356 11356 I chatty  : uid=10065(u0_a65) expire 1 line
09-11 01:03:20.300 11354 11354 I chatty  : uid=10065(u0_a65) fin-1-thread-3 expire 13 lines
09-11 01:03:20.340 11357 11357 I chatty  : uid=10065(u0_a65) expire 1 line
09-11 01:03:20.400 11359 11359 I chatty  : uid=10065(u0_a65) expire 1 line
09-11 01:03:20.444   592   705 I ThermalEngine: ACTION: GPU - Setting GPU[0] to 390000000
09-11 01:03:20.483  7280  7280 I ServiceManager: Waiting for service AtCmdFwd...
09-11 01:03:20.484  3528  3548 E DatabaseUtils: Writing exception to parcel
09-11 01:03:20.484  3528  3548 E DatabaseUtils: java.lang.SecurityException: Permission Denial: reading com.android.providers.media.MediaProvider uri content://media/external/images/media from pid=10659, uid=10065 requires android.permission.READ_EXTERNAL_STORAGE, or grantUriPermission()
09-11 01:03:20.484  3528  3548 E DatabaseUtils: 	at android.content.ContentProvider.enforceReadPermissionInner(ContentProvider.java:633)
09-11 01:03:20.484  3528  3548 E DatabaseUtils: 	at android.content.ContentProvider$Transport.enforceReadPermission(ContentProvider.java:503)
09-11 01:03:20.484  3528  3548 E DatabaseUtils: 	at android.content.ContentProvider$Transport.query(ContentProvider.java:215)
09-11 01:03:20.484  3528  3548 E DatabaseUtils: 	at android.content.ContentProviderNative.onTransact(ContentProviderNative.java:102)
09-11 01:03:20.484  3528  3548 E DatabaseUtils: 	at android.os.Binder.execTransact(Binder.java:674)
09-11 01:03:20.753   833   849 W BroadcastQueue: Background execution not allowed: receiving Intent { act=com.huawei.android.push.intent.REGISTER flg=0x30 (has extras) } to com.alibaba.android.rimet/com.huawei.android.pushagent.PushBootReceiver
09-11 01:03:20.850 11175 11175 I chatty  : uid=10065(u0_a65) sec-1-thread-2 expire 19 lines
09-11 01:03:21.484  7280  7280 I ServiceManager: Waiting for service AtCmdFwd...
09-11 01:03:21.536  3528  3548 E DatabaseUtils: Writing exception to parcel
09-11 01:03:21.536  3528  3548 E DatabaseUtils: java.lang.SecurityException: Permission Denial: reading com.android.providers.media.MediaProvider uri content://media/external/audio/media from pid=10659, uid=10065 requires android.permission.READ_EXTERNAL_STORAGE, or grantUriPermission()
09-11 01:03:21.536  3528  3548 E DatabaseUtils: 	at android.content.ContentProvider.enforceReadPermissionInner(ContentProvider.java:633)
09-11 01:03:21.536  3528  3548 E DatabaseUtils: 	at android.content.ContentProvider$Transport.enforceReadPermission(ContentProvider.java:503)
09-11 01:03:21.536  3528  3548 E DatabaseUtils: 	at android.content.ContentProvider$Transport.query(ContentProvider.java:215)
09-11 01:03:21.536  3528  3548 E DatabaseUtils: 	at android.content.ContentProviderNative.onTransact(ContentProviderNative.java:102)
09-11 01:03:21.536  3528  3548 E DatabaseUtils: 	at android.os.Binder.execTransact(Binder.java:674)
09-11 01:03:21.556  3528  3555 E DatabaseUtils: Writing exception to parcel
09-11 01:03:21.556  3528  3555 E DatabaseUtils: java.lang.SecurityException: Permission Denial: reading com.android.providers.media.MediaProvider uri content://media/external/video/media from pid=10659, uid=10065 requires android.permission.READ_EXTERNAL_STORAGE, or grantUriPermission()
09-11 01:03:21.556  3528  3555 E DatabaseUtils: 	at android.content.ContentProvider.enforceReadPermissionInner(ContentProvider.java:633)
09-11 01:03:21.556  3528  3555 E DatabaseUtils: 	at android.content.ContentProvider$Transport.enforceReadPermission(ContentProvider.java:503)
09-11 01:03:21.556  3528  3555 E DatabaseUtils: 	at android.content.ContentProvider$Transport.query(ContentProvider.java:215)
09-11 01:03:21.556  3528  3555 E DatabaseUtils: 	at android.content.ContentProviderNative.onTransact(ContentProviderNative.java:102)
09-11 01:03:21.556  3528  3555 E DatabaseUtils: 	at android.os.Binder.execTransact(Binder.java:674)
09-11 01:03:22.296 11181 11181 I chatty  : uid=10065(u0_a65) sec-1-thread-4 expire 22 lines
09-11 01:03:22.485   833   846 D VoldConnector: SND -> {47 volume remount_uid 10065 read}
09-11 01:03:22.487  7280  7280 I ServiceManager: Waiting for service AtCmdFwd...
09-11 01:03:22.492   603  4736 D audio_hw_primary: enable_snd_device: snd_device(2: speaker)
09-11 01:03:22.493   387   404 D vold    : Remounting 10065 as mode read
09-11 01:03:22.495   603  4736 D audio_hw_primary: enable_audio_route: usecase(1) apply and update mixer path: low-latency-playback speaker
09-11 01:03:22.520   387   404 D vold    : Found matching PID 10639
09-11 01:03:22.560   387   404 D vold    : Found matching PID 10659
09-11 01:03:22.593   387   404 D vold    : Found matching PID 10891
09-11 01:03:22.624   387   404 D vold    : Found matching PID 11058
09-11 01:03:22.647   387   404 D vold    : Found matching PID 11368
09-11 01:03:22.674   833  1369 D VoldConnector: RCV <- {200 47 Command succeeded}
09-11 01:03:22.675   833  2305 D VoldConnector: SND -> {48 volume remount_uid 10065 write}
09-11 01:03:22.677   387   404 D vold    : Remounting 10065 as mode write
09-11 01:03:22.694   387   404 D vold    : Found matching PID 10639
09-11 01:03:22.714   387   404 D vold    : Found matching PID 10659
09-11 01:03:22.732   387   404 D vold    : Found matching PID 10891
09-11 01:03:22.762   387   404 D vold    : Found matching PID 11058
09-11 01:03:22.790   387   404 D vold    : Found matching PID 11368
09-11 01:03:22.817   833  1369 D VoldConnector: RCV <- {200 48 Command succeeded}
09-11 01:03:23.034   603   773 D audio_hw_primary: disable_audio_route: usecase(1) reset and update mixer path: low-latency-playback speaker
09-11 01:03:23.047   603   773 D audio_hw_primary: disable_snd_device: snd_device(2: speaker)
09-11 01:03:23.405 10659 11354 I chatty  : uid=10065(u0_a65) fin-1-thread-3 expire 2 lines
09-11 01:03:23.406 10659 11175 I chatty  : uid=10065(u0_a65) sec-1-thread-2 expire 37 lines
09-11 01:03:23.487  7280  7280 W Atfwd_Sendcmd: AtCmdFwd service not published, waiting... retryCnt : 3
09-11 01:03:24.244   603  4736 D audio_hw_primary: enable_snd_device: snd_device(2: speaker)
09-11 01:03:24.247   603  4736 D audio_hw_primary: enable_audio_route: usecase(1) apply and update mixer path: low-latency-playback speaker
09-11 01:03:24.354  4373  4984 D OpenGLRenderer: endAllActiveAnimators on 0x73ce1f3400 (RippleDrawable) with handle 0x73cb12cb60
09-11 01:03:24.452   833  3279 I ActivityManager: START u0 {act=android.intent.action.MAIN cat=[android.intent.category.LAUNCHER] flg=0x10000000 pkg=com.baidu.BaiduMap cmp=com.baidu.BaiduMap/com.baidu.baidumaps.guide.NewUserGuide} from uid 10065
09-11 01:03:24.781   603   773 D audio_hw_primary: disable_audio_route: usecase(1) reset and update mixer path: low-latency-playback speaker
09-11 01:03:24.790   603   773 D audio_hw_primary: disable_snd_device: snd_device(2: speaker)
09-11 01:03:24.987   833  2263 I ActivityManager: Process com.baidu.BaiduMap:MapCoreService (pid 10891) has died: vis  BFGS
09-11 01:03:24.997   833  2263 W ActivityManager: Scheduling restart of crashed service com.baidu.BaiduMap/com.baidu.location.f in 1000ms
09-11 01:03:25.363 11366 11366 I chatty  : uid=10065(u0_a65) fin-1-thread-5 expire 10 lines
09-11 01:03:25.399   428   428 E lowmemorykiller: Error writing /proc/5817/oom_score_adj; errno=22
09-11 01:03:25.400   428   428 E lowmemorykiller: Error writing /proc/5838/oom_score_adj; errno=22
09-11 01:03:25.526   833  3274 I ActivityManager: Process com.android.externalstorage (pid 5817) has died: cch+4CEM 
09-11 01:03:25.534   428   428 E lowmemorykiller: Error writing /proc/5838/oom_score_adj; errno=22
09-11 01:03:25.612   833   848 I chatty  : uid=1000(system) android.bg expire 16 lines
09-11 01:03:25.618   833  2509 I chatty  : uid=1000(system) Thread-5 expire 17 lines
09-11 01:03:25.619   833  3341 I ActivityManager: Process com.android.mtp (pid 5838) has died: cch+6CEM 
09-11 01:03:25.629   833  2552 I chatty  : uid=1000(system) Loc_hal_worker expire 15 lines
09-11 01:03:25.630 11010 11010 I chatty  : uid=10065(u0_a65) pool-11-thread- expire 4 lines
09-11 01:03:25.750 11421 11421 I chatty  : uid=10065(u0_a65) expire 1 line
09-11 01:03:25.763   833  3279 I ActivityManager: Start proc 11426:com.baidu.BaiduMap:MapCoreService/u0a65 for service com.baidu.BaiduMap/com.baidu.location.f
09-11 01:03:25.831   833  2305 I ActivityManager: Start proc 11446:com.baidu.BaiduMap:na/u0a65 for service com.baidu.BaiduMap/com.baidu.mapframework.nacrashcollector.service.NaCrashService
09-11 01:03:25.882 10639 10785 I chatty  : uid=10065(u0_a65) HEDULE.worker-8 expire 5 lines
09-11 01:03:25.930   833   846 I ActivityManager: Process com.android.cellbroadcastreceiver (pid 4395) has died: cch+6CEM 
09-11 01:03:25.986 11465 11465 W cat     : type=1400 audit(0.0:512): avc: denied { read } for name="boot_id" dev="proc" ino=145813 scontext=u:r:untrusted_app:s0:c512,c768 tcontext=u:object_r:proc:s0 tclass=file permissive=0
09-11 01:03:26.018 10639 10730 I chatty  : uid=10065(u0_a65) com.baidu.BaiduMap expire 10 lines
09-11 01:03:26.036   375   375 W auditd  : type=2 
09-11 01:03:26.052 11433 11433 I chatty  : uid=10065(u0_a65) /system/bin/dex2oat expire 3 lines
09-11 01:03:26.106 11476 11476 I chatty  : uid=10065(u0_a65) expire 1 line
09-11 01:03:26.117 11426 11426 I chatty  : uid=10065(u0_a65) com.baidu.BaiduMap:MapCoreService expire 4 lines
09-11 01:03:26.173 11446 11446 I chatty  : uid=10065(u0_a65) com.baidu.BaiduMap:na expire 4 lines
09-11 01:03:26.345 11426 11441 I chatty  : uid=10065(u0_a65) HeapTaskDaemon expire 10 lines
09-11 01:03:26.760   833   849 W BroadcastQueue: Background execution not allowed: receiving Intent { act=com.huawei.android.push.intent.REGISTER flg=0x30 (has extras) } to com.alibaba.android.rimet/com.huawei.android.pushagent.PushBootReceiver
09-11 01:03:26.928 10659 10999 I chatty  : uid=10065(u0_a65) com.baidu.BaiduMap:SandBoxProcess expire 13 lines
09-11 01:03:27.026 11521 11521 I chatty  : uid=10065(u0_a65) md5sum expire 1 line
09-11 01:03:27.113 11526 11526 I chatty  : uid=10065(u0_a65) expire 1 line
09-11 01:03:27.153 11176 11176 I chatty  : uid=10065(u0_a65) sec-1-thread-3 expire 9 lines
09-11 01:03:27.232 11426 11490 I chatty  : uid=10065(u0_a65) ServiceStartArg expire 3 lines
09-11 01:03:27.509   833  2305 I ActivityManager: START u0 {act=android.intent.action.MAIN cat=[android.intent.category.LAUNCHER] flg=0x10000000 pkg=com.baidu.BaiduMap cmp=com.baidu.BaiduMap/com.baidu.baidumaps.MapsActivity (has extras)} from uid 10065
09-11 01:03:27.525   603  4736 D audio_hw_primary: enable_snd_device: snd_device(2: speaker)
09-11 01:03:27.528   603  4736 D audio_hw_primary: enable_audio_route: usecase(1) apply and update mixer path: low-latency-playback speaker
09-11 01:03:27.761 10639 11550 I chatty  : uid=10065(u0_a65) Nirvana-ThreadF expire 2 lines
09-11 01:03:27.786 10639 11555 I chatty  : uid=10065(u0_a65) runTaskSync expire 35 lines
09-11 01:03:27.787 10639 10888 I chatty  : uid=10065(u0_a65) Nirvana-ThreadF expire 15 lines
09-11 01:03:27.854 10639 10639 I chatty  : uid=10065(u0_a65) com.baidu.BaiduMap expire 48 lines
09-11 01:03:27.893 10639 10644 I chatty  : uid=10065(u0_a65) Jit thread pool expire 11 lines
09-11 01:03:27.988   593   884 I chatty  : uid=1001(radio) /vendor/bin/qmuxd expire 12 lines
09-11 01:03:28.063   603   773 D audio_hw_primary: disable_audio_route: usecase(1) reset and update mixer path: low-latency-playback speaker
09-11 01:03:28.076   603   773 D audio_hw_primary: disable_snd_device: snd_device(2: speaker)
09-11 01:03:28.259 10639 10844 I chatty  : uid=10065(u0_a65) downloadThread expire 1 line
09-11 01:03:28.260 11562 11562 I chatty  : uid=10065(u0_a65) expire 1 line
09-11 01:03:28.353 10639 11557 I chatty  : uid=10065(u0_a65) ctx_run expire 92 lines
09-11 01:03:28.493   833 11533 I chatty  : uid=1000 system_server expire 1 line
09-11 01:03:28.502   833  3341 I ActivityManager: Process com.baidu.BaiduMap:na (pid 11446) has died: fore SVC 
09-11 01:03:28.736 11572 11572 I chatty  : uid=10065(u0_a65) expire 1 line
09-11 01:03:28.744 11426 11573 I chatty  : uid=10065(u0_a65) pool-6-thread-1 expire 1 line
09-11 01:03:28.755   603   747 W DeviceHAL: Device 0xf022d000 open_input_stream: Invalid argument
09-11 01:03:28.761   833  2390 I ActivityManager: Process com.UCMobile:game (pid 8037) has died: cch+6CEM 
09-11 01:03:28.764   833  2596 D ConnectivityService: ConnectivityService NetworkRequestInfo binderDied(NetworkRequest [ LISTEN id=16, [ Capabilities: INTERNET&NOT_RESTRICTED&TRUSTED] ], android.os.BinderProxy@b77bd8a)
09-11 01:03:28.765   833  1818 E ConnectivityService: RemoteException caught trying to send a callback msg for NetworkRequest [ LISTEN id=16, [ Capabilities: INTERNET&NOT_RESTRICTED&TRUSTED] ]
09-11 01:03:28.775   603 11584 I AudioFlinger: AudioFlinger's thread 0xebe03900 tid=11584 ready to run
09-11 01:03:28.823 11580 11580 I chatty  : uid=10065(u0_a65) expire 1 line
09-11 01:03:28.892   603   797 I SoundTriggerHwService::Module: onCallbackEvent no clients
09-11 01:03:28.905   603 11589 D audio_hw_primary: select_devices: changing use case audio-record input device from(0: none, acdb -1) to (35: handset-mic, acdb 4)
09-11 01:03:28.905   603 11589 I msm8974_platform: platform_check_capture_backend_cfg:txbecf: afe: Codec backend needs to be updated. new bit width: 0 new sample rate: 0 new channel: 1
09-11 01:03:28.907   603 11589 D msm8974_platform: platform_set_backend_cfg:becf: afe: SLIM_0_TX Format mixer set to 0 bit for 1 format
09-11 01:03:28.907   603 11589 D msm8974_platform: platform_set_backend_cfg:becf: afe: SLIM_0_TX SampleRate set to KHZ_48
09-11 01:03:28.910   603 11589 D sound_trigger_platform: platform_stdev_check_and_update_concurrency: concurrency active 0, tx 1, rx 0, concurrency session_allowed 0
09-11 01:03:28.910   603 11589 D audio_hw_primary: enable_snd_device: snd_device(35: handset-mic)
09-11 01:03:28.925   603 11589 D audio_hw_primary: enable_audio_route: usecase(9) apply and update mixer path: audio-record
09-11 01:03:28.941   833  3274 D ConnectivityService: ConnectivityService NetworkRequestInfo binderDied(NetworkRequest [ LISTEN id=18, [ Capabilities: INTERNET&NOT_RESTRICTED&TRUSTED] ], android.os.BinderProxy@77effb)
09-11 01:03:28.942   833  2596 I ActivityManager: Process com.UCMobile:launchboost (pid 8380) has died: cch+6CEM 
09-11 01:03:28.945   833  1818 E ConnectivityService: RemoteException caught trying to send a callback msg for NetworkRequest [ LISTEN id=18, [ Capabilities: INTERNET&NOT_RESTRICTED&TRUSTED] ]
09-11 01:03:29.426 11596 11596 I chatty  : uid=10065(u0_a65) expire 1 line
09-11 01:03:29.472   833  2596 I ActivityManager: Process android.process.acore (pid 5467) has died: cch+6CEM 
09-11 01:03:29.491 10639 11597 I chatty  : uid=10065(u0_a65) com.baidu.BaiduMap expire 1 line
09-11 01:03:29.715   833   849 E KernelCpuSpeedReader: Failed to read cpu-freq: /sys/devices/system/cpu/cpu4/cpufreq/stats/time_in_state (No such file or directory)
09-11 01:03:29.754   833   852 E BatteryStatsService: no controller energy info supplied
09-11 01:03:29.754   833   852 E BatteryStatsService: no controller energy info supplied
09-11 01:03:29.793   833   852 E KernelCpuSpeedReader: Failed to read cpu-freq: /sys/devices/system/cpu/cpu4/cpufreq/stats/time_in_state (No such file or directory)
09-11 01:03:29.858 10639 11608 I chatty  : uid=10065(u0_a65) com.baidu.BaiduMap expire 2 lines
09-11 01:03:29.863 10639 10695 I chatty  : uid=10065(u0_a65) Thread-2 expire 8 lines
09-11 01:03:29.927 10659 11176 I chatty  : uid=10065(u0_a65) sec-1-thread-3 expire 40 lines
09-11 01:03:31.024   423   423 I chatty  : uid=1010 wifi@1.0-servic expire 10 lines
09-11 01:03:31.390 10639 11432 I chatty  : uid=10065(u0_a65) com.baidu.BaiduMap expire 2 lines
09-11 01:03:31.443 10659 11181 I chatty  : uid=10065(u0_a65) sec-1-thread-4 expire 33 lines
09-11 01:03:31.747 10639 11452 I chatty  : uid=10065(u0_a65) com.baidu.BaiduMap expire 15 lines
09-11 01:03:31.780 11659 11659 I chatty  : uid=10065(u0_a65) expire 1 line
09-11 01:03:31.800 11657 11657 I chatty  : uid=10065(u0_a65) expire 1 line
09-11 01:03:32.011   615  2408 I OMXMaster: makeComponentInstance(OMX.google.mp3.decoder) in android.hardwar process
09-11 01:03:32.051   615  2877 I OMXMaster: makeComponentInstance(OMX.google.mp3.decoder) in android.hardwar process
09-11 01:03:32.054   615  2417 I OMXMaster: makeComponentInstance(OMX.google.mp3.decoder) in android.hardwar process
09-11 01:03:32.056 11671 11671 I chatty  : uid=10065(u0_a65) expire 1 line
09-11 01:03:32.061   615   615 I OMXMaster: makeComponentInstance(OMX.google.mp3.decoder) in android.hardwar process
09-11 01:03:32.075   615 11687 E OMXNodeInstance: getConfig(0xe7d07120:google.mp3.decoder, ConfigAndroidVendorExtension(0x6f100004)) ERROR: Undefined(0x80001001)
09-11 01:03:32.076   615   615 E OMXNodeInstance: getConfig(0xe80a3200:google.mp3.decoder, ConfigAndroidVendorExtension(0x6f100004)) ERROR: Undefined(0x80001001)
09-11 01:03:32.079   615   615 E OMXNodeInstance: getConfig(0xe80a36e0:google.mp3.decoder, ConfigAndroidVendorExtension(0x6f100004)) ERROR: Undefined(0x80001001)
09-11 01:03:32.080 11682 11682 I chatty  : uid=10065(u0_a65) expire 1 line
09-11 01:03:32.085   615  2408 E OMXNodeInstance: getConfig(0xe80a3620:google.mp3.decoder, ConfigAndroidVendorExtension(0x6f100004)) ERROR: Undefined(0x80001001)
09-11 01:03:32.126   615  2877 I OMXMaster: makeComponentInstance(OMX.google.mp3.decoder) in android.hardwar process
09-11 01:03:32.138   615  2408 E OMXNodeInstance: getConfig(0xe80a3140:google.mp3.decoder, ConfigAndroidVendorExtension(0x6f100004)) ERROR: Undefined(0x80001001)
09-11 01:03:32.349   609  2549 E MP3Extractor: Unable to resync. Signalling end of stream.
09-11 01:03:32.391   609   609 E MP3Extractor: Unable to resync. Signalling end of stream.
09-11 01:03:32.420 11696 11696 I chatty  : uid=10065(u0_a65) expire 1 line
09-11 01:03:32.589   833   849 W ActivityManager: Stopping service due to app idle: u0a63 -1m39s74ms com.UCMobile/com.uc.application.search.service.SearchBackgroundService
09-11 01:03:32.589   833   849 W ActivityManager: Stopping service due to app idle: u0a63 -1m39s100ms com.UCMobile/com.taobao.accs.data.MsgDistributeService
09-11 01:03:32.589   833   849 W ActivityManager: Stopping service due to app idle: u0a63 -7m37s855ms com.UCMobile/com.uc.base.push.dispatcher.PushHandlerService
09-11 01:03:32.589   833   849 W ActivityManager: Stopping service due to app idle: u0a63 -1m39s77ms com.UCMobile/.main.NotificationService
09-11 01:03:32.936 11722 11722 I chatty  : uid=10065(u0_a65) expire 1 line
09-11 01:03:33.080 11728 11728 I chatty  : uid=10065(u0_a65) expire 1 line
09-11 01:03:33.230 11730 11730 I chatty  : uid=10065(u0_a65) expire 1 line
09-11 01:03:33.293 11733 11733 I chatty  : uid=10065(u0_a65) expire 1 line
09-11 01:03:33.373 11735 11735 I chatty  : uid=10065(u0_a65) expire 1 line
09-11 01:03:33.392 10639 11625 I chatty  : uid=10065(u0_a65) com.baidu.BaiduMap expire 9 lines
09-11 01:03:33.493   833  3279 D ConnectivityService: ConnectivityService NetworkRequestInfo binderDied(NetworkRequest [ LISTEN id=22, [ Capabilities: INTERNET&NOT_RESTRICTED&TRUSTED] ], android.os.BinderProxy@f93e760)
09-11 01:03:33.495   833  2596 I ActivityManager: Process com.UCMobile:SearchBackgroundProcess (pid 10276) has died: fore SVC 
09-11 01:03:33.496   833  1818 E ConnectivityService: RemoteException caught trying to send a callback msg for NetworkRequest [ LISTEN id=22, [ Capabilities: INTERNET&NOT_RESTRICTED&TRUSTED] ]
09-11 01:03:33.601   833  5934 I ActivityManager: Process com.android.inputmethod.latin (pid 2276) has died: cch+6CEM 
09-11 01:03:33.609   833   857 W ActivityManager: setHasOverlayUi called on unknown pid: 2276
09-11 01:03:33.743   429   429 I chatty  : uid=1000(system) /system/bin/surfaceflinger expire 7 lines
09-11 01:03:33.744   833   846 I ActivityManager: Process com.android.printspooler (pid 3314) has died: cch+6CEM 
09-11 01:03:33.907   833  3274 I ActivityManager: Process com.android.email (pid 4261) has died: cch+6CEM 
09-11 01:03:34.194   603  4736 D audio_hw_primary: enable_snd_device: snd_device(2: speaker)
09-11 01:03:34.197   603  4736 D audio_hw_primary: enable_audio_route: usecase(1) apply and update mixer path: low-latency-playback speaker
09-11 01:03:34.226   375   375 W auditd  : type=2 
09-11 01:03:34.275 10639 10708 I chatty  : uid=10065(u0_a65) com.baidu.BaiduMap expire 12 lines
09-11 01:03:34.638 10639 10733 I chatty  : uid=10065(u0_a65) com.baidu.BaiduMap expire 28 lines
09-11 01:03:34.752   603   773 D audio_hw_primary: disable_audio_route: usecase(1) reset and update mixer path: low-latency-playback speaker
09-11 01:03:34.763   603   773 D audio_hw_primary: disable_snd_device: snd_device(2: speaker)
09-11 01:03:34.940   593   884 E QC-QMI  : linux_qmi_qmux_io_wake_lock: Err in writing wakelock=qmuxd_port_wl_0, error [1:Operation not permitted]
09-11 01:03:34.941   593   884 E QC-QMI  : linux_qmi_qmux_io_wake_unlock: Err in writing wakelock=qmuxd_port_wl_0, error [1:Operation not permitted]
09-11 01:03:34.943 11744 11744 I chatty  : uid=10065(u0_a65) expire 1 line
09-11 01:03:35.144 10639 10732 I chatty  : uid=10065(u0_a65) com.baidu.BaiduMap expire 11 lines
09-11 01:03:35.489 10639 11769 I chatty  : uid=10065(u0_a65) com.baidu.BaiduMap expire 2 lines
09-11 01:03:35.509   603  4736 D audio_hw_primary: enable_snd_device: snd_device(2: speaker)
09-11 01:03:35.513   603  4736 D audio_hw_primary: enable_audio_route: usecase(1) apply and update mixer path: low-latency-playback speaker
09-11 01:03:35.613 11761 11761 I chatty  : uid=10065(u0_a65) expire 1 line
09-11 01:03:35.628 10639 10736 I chatty  : uid=10065(u0_a65) com.baidu.BaiduMap expire 10 lines
09-11 01:03:35.697 10639 10731 I chatty  : uid=10065(u0_a65) com.baidu.BaiduMap expire 7 lines
09-11 01:03:35.790 11777 11777 I chatty  : uid=10065(u0_a65) expire 1 line
09-11 01:03:35.880 11778 11778 W cat     : type=1400 audit(0.0:659): avc: denied { read } for name="address" dev="sysfs" ino=23800 scontext=u:r:untrusted_app:s0:c512,c768 tcontext=u:object_r:sysfs_mac_address:s0 tclass=file permissive=0
09-11 01:03:36.054   603   773 D audio_hw_primary: disable_audio_route: usecase(1) reset and update mixer path: low-latency-playback speaker
09-11 01:03:36.063 11426 11753 I chatty  : uid=10065(u0_a65) com.baidu.BaiduMap:MapCoreService expire 11 lines
09-11 01:03:36.064   603   773 D audio_hw_primary: disable_snd_device: snd_device(2: speaker)
09-11 01:03:36.126 11781 11781 I chatty  : uid=10065(u0_a65) expire 1 line
09-11 01:03:36.209   833  2552 I chatty  : uid=1000(system) Loc_hal_worker expire 11 lines
09-11 01:03:36.413 11791 11791 I chatty  : uid=10065(u0_a65) cat expire 1 line
09-11 01:03:36.634   593   884 E QC-QMI  : linux_qmi_qmux_io_wake_lock: Err in writing wakelock=qmuxd_port_wl_0, error [1:Operation not permitted]
09-11 01:03:36.634   593   884 E QC-QMI  : linux_qmi_qmux_io_wake_unlock: Err in writing wakelock=qmuxd_port_wl_0, error [1:Operation not permitted]
09-11 01:03:36.706 11800 11800 I chatty  : uid=10065(u0_a65) expire 1 line
09-11 01:03:37.143 11811 11811 W cat     : type=1400 audit(0.0:663): avc: denied { read } for name="address" dev="sysfs" ino=23800 scontext=u:r:untrusted_app:s0:c512,c768 tcontext=u:object_r:sysfs_mac_address:s0 tclass=file permissive=0
09-11 01:03:37.416 11814 11814 I chatty  : uid=10065(u0_a65) cat expire 1 line
09-11 01:03:37.443   593   884 E QC-QMI  : linux_qmi_qmux_io_wake_lock: Err in writing wakelock=qmuxd_port_wl_0, error [1:Operation not permitted]
09-11 01:03:37.449   593   884 E QC-QMI  : linux_qmi_qmux_io_wake_unlock: Err in writing wakelock=qmuxd_port_wl_0, error [1:Operation not permitted]
09-11 01:03:37.536   833   849 W ActivityManager: Launch timeout has expired, giving up wake lock!
09-11 01:03:37.710 11828 11828 I chatty  : uid=10065(u0_a65) cat expire 1 line
09-11 01:03:37.843 11844 11844 I chatty  : uid=10065(u0_a65) expire 1 line
09-11 01:03:38.489  7280  7280 I ServiceManager: Waiting for service AtCmdFwd...
09-11 01:03:38.706 11851 11851 I chatty  : uid=10065(u0_a65) /system/bin/dex2oat expire 3 lines
09-11 01:03:38.945   833  1215 I chatty  : uid=1000(system) InputDispatcher expire 10 lines
09-11 01:03:38.982 10639 10730 I chatty  : uid=10065(u0_a65) com.baidu.BaiduMap expire 11 lines
09-11 01:03:39.466 11867 11867 I chatty  : uid=10065(u0_a65) /system/bin/dex2oat expire 4 lines
09-11 01:03:39.490  7280  7280 I ServiceManager: Waiting for service AtCmdFwd...
09-11 01:03:39.632   603  4736 D audio_hw_primary: enable_snd_device: snd_device(2: speaker)
09-11 01:03:39.635   603  4736 D audio_hw_primary: enable_audio_route: usecase(1) apply and update mixer path: low-latency-playback speaker
09-11 01:03:40.184   603   773 D audio_hw_primary: disable_audio_route: usecase(1) reset and update mixer path: low-latency-playback speaker
09-11 01:03:40.200   603   773 D audio_hw_primary: disable_snd_device: snd_device(2: speaker)
09-11 01:03:40.382 10639 11849 I chatty  : uid=10065(u0_a65) com.baidu.BaiduMap expire 1 line
09-11 01:03:40.490  7280  7280 I ServiceManager: Waiting for service AtCmdFwd...
09-11 01:03:40.629   833   845 W ActivityManager: Slow operation: 118ms so far, now at startProcess: returned from zygote!
09-11 01:03:40.629   833   845 W ActivityManager: Slow operation: 119ms so far, now at startProcess: done updating battery stats
09-11 01:03:40.629   833   845 W ActivityManager: Slow operation: 119ms so far, now at startProcess: building log message
09-11 01:03:40.631   833   845 I ActivityManager: Start proc 11889:com.baidu.BaiduMap:patch/u0a65 for service com.baidu.BaiduMap/com.baidu.needle.loader.NeedleService
09-11 01:03:40.631   833   845 W ActivityManager: Slow operation: 120ms so far, now at startProcess: starting to update pids map
09-11 01:03:40.631   833   845 W ActivityManager: Slow operation: 120ms so far, now at startProcess: done updating pids map
09-11 01:03:40.631   833   845 W ActivityManager: Slow operation: 120ms so far, now at startProcess: done starting proc!
09-11 01:03:40.659   615   718 I OMXMaster: makeComponentInstance(OMX.google.mp3.decoder) in android.hardwar process
09-11 01:03:40.687   615  2877 I OMXMaster: makeComponentInstance(OMX.google.mp3.decoder) in android.hardwar process
09-11 01:03:40.696   615   718 E OMXNodeInstance: getConfig(0xe80a39e0:google.mp3.decoder, ConfigAndroidVendorExtension(0x6f100004)) ERROR: Undefined(0x80001001)
09-11 01:03:40.698   615   615 E OMXNodeInstance: getConfig(0xe7d07120:google.mp3.decoder, ConfigAndroidVendorExtension(0x6f100004)) ERROR: Undefined(0x80001001)
09-11 01:03:41.119   593   884 E QC-QMI  : linux_qmi_qmux_io_wake_lock: Err in writing wakelock=qmuxd_port_wl_0, error [1:Operation not permitted]
09-11 01:03:41.119   593   884 E QC-QMI  : linux_qmi_qmux_io_wake_unlock: Err in writing wakelock=qmuxd_port_wl_0, error [1:Operation not permitted]
09-11 01:03:41.121   593   884 E QC-QMI  : linux_qmi_qmux_io_wake_lock: Err in writing wakelock=qmuxd_port_wl_0, error [1:Operation not permitted]
09-11 01:03:41.121   593   884 E QC-QMI  : linux_qmi_qmux_io_wake_unlock: Err in writing wakelock=qmuxd_port_wl_0, error [1:Operation not permitted]
09-11 01:03:41.402 11889 11889 I chatty  : uid=10065(u0_a65) com.baidu.BaiduMap:patch expire 5 lines
09-11 01:03:41.438 10639 11866 I chatty  : uid=10065(u0_a65) com.baidu.BaiduMap expire 1 line
09-11 01:03:41.491  7280  7280 I ServiceManager: Waiting for service AtCmdFwd...
09-11 01:03:41.689 11922 11922 I chatty  : uid=10065(u0_a65) /system/bin/dex2oat expire 3 lines
09-11 01:03:42.499  7280  7280 W Atfwd_Sendcmd: AtCmdFwd service not published, waiting... retryCnt : 4
09-11 01:03:43.188 11889 11938 I chatty  : uid=10065(u0_a65) com.baidu.BaiduMap:patch expire 1 line
09-11 01:03:43.559   603  4736 D audio_hw_primary: enable_snd_device: snd_device(2: speaker)
09-11 01:03:43.562   603  4736 D audio_hw_primary: enable_audio_route: usecase(1) apply and update mixer path: low-latency-playback speaker
09-11 01:03:44.112   603   773 D audio_hw_primary: disable_audio_route: usecase(1) reset and update mixer path: low-latency-playback speaker
09-11 01:03:44.118   603   773 D audio_hw_primary: disable_snd_device: snd_device(2: speaker)
09-11 01:03:44.170 11959 11959 I chatty  : uid=10065(u0_a65) /system/bin/dex2oat expire 3 lines
09-11 01:03:44.424 11962 11962 I chatty  : uid=10065(u0_a65) /system/bin/dex2oat expire 3 lines
09-11 01:03:44.691 10639 11917 I chatty  : uid=10065(u0_a65) com.baidu.BaiduMap expire 1 line
09-11 01:03:44.782 10639 11956 I chatty  : uid=10065(u0_a65) com.baidu.BaiduMap expire 1 line
09-11 01:03:44.948 10639 10639 I chatty  : uid=10065(u0_a65) com.baidu.BaiduMap expire 17 lines
09-11 01:03:45.035 10639 11960 I chatty  : uid=10065(u0_a65) com.baidu.BaiduMap expire 1 line
09-11 01:03:45.371 11972 11972 I chatty  : uid=10065(u0_a65) /system/bin/dex2oat expire 3 lines
09-11 01:03:45.718   833   833 W WindowManager: removeWindowToken: Attempted to remove non-existing token: android.os.Binder@a87d2a2
09-11 01:03:46.316 10639 10644 I chatty  : uid=10065(u0_a65) Jit thread pool expire 5 lines
09-11 01:03:46.982   833   846 I ActivityManager: Process com.android.calendar (pid 4156) has died: cch+6CEM 
09-11 01:03:47.024   593   884 E QC-QMI  : linux_qmi_qmux_io_wake_lock: Err in writing wakelock=qmuxd_port_wl_0, error [1:Operation not permitted]
09-11 01:03:47.024   593   884 E QC-QMI  : linux_qmi_qmux_io_wake_unlock: Err in writing wakelock=qmuxd_port_wl_0, error [1:Operation not permitted]
09-11 01:03:47.211   833  2552 I chatty  : uid=1000(system) Loc_hal_worker expire 20 lines
09-11 01:03:47.232   833  3279 I ActivityManager: Process com.baidu.BaiduMap:patch (pid 11889) has died: fore SVC 
09-11 01:03:47.314   603  4736 D audio_hw_primary: enable_snd_device: snd_device(2: speaker)
09-11 01:03:47.317   603  4736 D audio_hw_primary: enable_audio_route: usecase(1) apply and update mixer path: low-latency-playback speaker
