--------- beginning of system
01-17 12:06:17.828   833  3274 I ActivityManager: START u0 {act=android.intent.action.MAIN cat=[android.intent.category.LAUNCHER] flg=0x10200000 pkg=com.android.camera2 cmp=com.android.camera2/com.android.camera.CameraLauncher bnds=[1151,2129][1427,2409]} from uid 10014
01-17 12:06:17.926   833  2263 I ActivityManager: START u0 {cmp=com.android.camera2/com.android.camera.PermissionsActivity} from uid 10037
01-17 12:06:18.428   833   849 W ActivityManager: Activity pause timeout for ActivityRecord{384803f u0 com.android.camera2/com.android.camera.CameraLauncher t7 f}
01-17 12:06:18.761   833  2596 I ActivityManager: START u0 {act=android.content.pm.action.REQUEST_PERMISSIONS pkg=com.android.packageinstaller cmp=com.android.packageinstaller/.permission.ui.GrantPermissionsActivity (has extras)} from uid 10037
01-17 12:06:19.990   833   846 I ActivityManager: START u0 {cmp=com.android.camera2/com.android.camera.CameraActivity} from uid 10037
01-17 12:06:21.374   833  2232 E TaskPersister: File error accessing recents directory (directory doesn't exist?).
01-17 12:06:27.450   833  2596 W ActivityManager: Unable to start service Intent { cmp=com.android.camera2/com.android.camera.processing.ProcessingService } U=0: not found
01-17 12:06:29.256   833  1215 I ActivityManager: START u0 {act=android.intent.action.MAIN cat=[android.intent.category.HOME] flg=0x10200000 cmp=com.android.launcher3/.Launcher (has extras)} from uid 1000
01-17 12:06:31.538   833   852 E BatteryStatsService: no controller energy info supplied
01-17 12:06:31.554   833   852 E KernelUidCpuFreqTimeReader: Failed to read /proc/uid_time_in_state: java.io.FileNotFoundException: /proc/uid_time_in_state (No such file or directory)
01-17 12:06:32.776   833  2263 I ActivityManager: START u0 {act=android.intent.action.MAIN cat=[android.intent.category.LAUNCHER] flg=0x10008000 cmp=com.android.settings/.deviceinfo.UsbModeChooserActivity} from uid 1000
01-17 12:06:32.797   833  2390 E ActivityManager: applyOptionsLocked: Unknown animationType=0
01-17 12:06:34.757   833   855 D UsbDeviceManager: applyOemOverride usbfunctions=adb bootmode=normal
01-17 12:06:34.757   833   855 I UsbDeviceManager: Setting USB config to adb
01-17 12:06:34.758   833   833 D ZenLog  : disable_effects: -1|android|32|null|1000,booleanState
01-17 12:06:34.790   833   846 W ActivityManager: Finishing task with all activities already finished
01-17 12:06:34.790   833   846 W ActivityManager: Duplicate finish request for ActivityRecord{59f76cb u0 com.android.settings/.deviceinfo.UsbModeChooserActivity t8 f}
01-17 12:06:37.492   833  3279 I ActivityManager: START u0 {act=android.intent.action.MAIN cat=[android.intent.category.LAUNCHER] flg=0x10008000 cmp=com.android.settings/.deviceinfo.UsbModeChooserActivity} from uid 1000
01-17 12:06:37.508   833  2305 E ActivityManager: applyOptionsLocked: Unknown animationType=0
01-17 12:06:38.564   833   855 D UsbDeviceManager: applyOemOverride usbfunctions=mtp,adb bootmode=normal
01-17 12:06:38.565   833   855 I UsbDeviceManager: Setting USB config to mtp,adb
01-17 12:06:38.598   833  3274 W ActivityManager: Finishing task with all activities already finished
01-17 12:06:38.598   833  3274 W ActivityManager: Duplicate finish request for ActivityRecord{8cab5b4 u0 com.android.settings/.deviceinfo.UsbModeChooserActivity t9 f}
01-17 12:06:38.731   833   852 E BatteryStatsService: no controller energy info supplied
01-17 12:06:38.739   833   833 D ZenLog  : disable_effects: -1|android|27|null|1000,booleanState
01-17 12:06:38.746   833   852 E KernelUidCpuFreqTimeReader: Failed to read /proc/uid_time_in_state: java.io.FileNotFoundException: /proc/uid_time_in_state (No such file or directory)
01-17 12:06:38.752   833   852 I BatteryStatsImpl: Resetting battery stats: level=96 status=2 dischargeLevel=96 lowAmount=0 highAmount=0
01-17 12:06:38.848   833   833 I EntropyMixer: Writing entropy...
01-17 12:06:38.851   833   852 E BatteryStatsService: no controller energy info supplied
01-17 12:07:08.852   833   859 I PowerManagerService: Going to sleep due to screen timeout (uid 1000)...
01-17 12:07:09.425   833   859 I DisplayPowerController: Blocking screen off
01-17 12:07:09.438   833   859 I DisplayPowerController: Unblocked screen off after 14 ms
01-17 12:07:09.497   833   859 I DreamManagerService: Entering dreamland.
01-17 12:07:09.500   833   859 I PowerManagerService: Dozing...
01-17 12:07:09.502   833   855 I DreamController: Starting dream: name=ComponentInfo{com.android.systemui/com.android.systemui.doze.DozeService}, isTest=false, canDoze=true, userId=0
01-17 12:07:09.502   833   857 I DisplayManagerService: Display device changed state: "Built-in Screen", OFF
01-17 12:07:13.885   833  3279 D CryptdConnector: SND -> {3 cryptfs getpw}
01-17 12:07:13.887   387   405 D VoldCryptCmdListener: cryptfs getpw
01-17 12:07:13.887   833  1370 D CryptdConnector: RCV <- {200 3 -1}
01-17 12:07:13.888   833  3279 D CryptdConnector: SND -> {4 cryptfs clearpw}
01-17 12:07:13.889   387   405 D VoldCryptCmdListener: cryptfs clearpw
01-17 12:07:13.889   833  1370 D CryptdConnector: RCV <- {200 4 0}
01-17 12:07:31.092   833   859 I DisplayPowerController: Blocking screen on until initial contents have been drawn.
01-17 12:07:31.095   833   857 I DisplayManagerService: Display device changed state: "Built-in Screen", DOZE
01-17 12:07:31.165   833   859 I DisplayPowerController: Unblocked screen on after 74 ms
01-17 12:07:34.581   833  1216 I PowerManagerService: Waking up from dozing (uid 1000)...
01-17 12:07:34.599   833   857 I DisplayManagerService: Display device changed state: "Built-in Screen", ON
01-17 12:07:34.609   833   859 I DreamManagerService: Gently waking up from dream.
01-17 12:07:34.609   833   855 I DreamManagerService: Performing gentle wake from dream.
01-17 12:07:34.610   833  3274 I DreamManagerService: Leaving dreamland.
01-17 12:07:34.610   833   855 I DreamManagerService: Performing gentle wake from dream.
01-17 12:07:34.610   833   855 I DreamController: Stopping dream: name=ComponentInfo{com.android.systemui/com.android.systemui.doze.DozeService}, isTest=false, canDoze=true, userId=0
01-17 12:07:37.173   833  2596 D WifiService: setWifiEnabled: true pid=2312, uid=10025, package=com.android.systemui
01-17 12:07:37.178   423   423 I android.hardware.wifi@1.0-service: Wifi HAL started
01-17 12:07:37.825   614   614 I wificond: create scanner for interface with index: 5
01-17 12:07:37.825   614   614 I wificond: subscribe scan result for interface with index: 5
01-17 12:07:38.157   614   614 I wificond: New interface event callback registered
01-17 12:07:38.161   833  1816 E WifiP2pService: Unable to change interface settings: java.lang.IllegalStateException: command '28 interface setcfg p2p0 0.0.0.0 0 up' failed with '400 28 Failed to clear address (No such device)'
01-17 12:07:38.307   833   852 E BatteryStatsService: no controller energy info supplied
01-17 12:07:38.316   833   852 E BatteryStatsService: no controller energy info supplied
01-17 12:08:07.078   833   859 I PowerManagerService: Going to sleep due to screen timeout (uid 1000)...
01-17 12:08:07.595   833   859 I DisplayPowerController: Blocking screen off
01-17 12:08:07.609   833   859 I DisplayPowerController: Unblocked screen off after 13 ms
01-17 12:08:07.683   833   859 I DreamManagerService: Entering dreamland.
01-17 12:08:07.684   833   859 I PowerManagerService: Dozing...
01-17 12:08:07.686   833   857 I DisplayManagerService: Display device changed state: "Built-in Screen", OFF
01-17 12:08:07.686   833   855 I DreamController: Starting dream: name=ComponentInfo{com.android.systemui/com.android.systemui.doze.DozeService}, isTest=false, canDoze=true, userId=0
01-17 12:09:28.812   833  1216 I PowerManagerService: Waking up from dozing (uid 1000)...
01-17 12:09:28.820   833   859 I DisplayPowerController: Blocking screen on until initial contents have been drawn.
01-17 12:09:28.830   833   857 I DisplayManagerService: Display device changed state: "Built-in Screen", ON
01-17 12:09:28.880   833   859 I DisplayPowerController: Unblocked screen on after 60 ms
01-17 12:09:29.153   833   859 W PowerManagerService: Screen on took 345 ms
01-17 12:09:29.153   833   859 I DreamManagerService: Gently waking up from dream.
01-17 12:09:29.154   833   855 I DreamManagerService: Performing gentle wake from dream.
01-17 12:09:29.183   833   846 I DreamManagerService: Leaving dreamland.
01-17 12:09:29.184   833   855 I DreamManagerService: Performing gentle wake from dream.
01-17 12:09:29.184   833   855 I DreamController: Stopping dream: name=ComponentInfo{com.android.systemui/com.android.systemui.doze.DozeService}, isTest=false, canDoze=true, userId=0
01-17 12:09:42.518   833   852 E BatteryStatsService: no controller energy info supplied
01-17 12:09:42.528   833  1201 I UsbPortManager: ClientCallback: otg_default
01-17 12:09:42.529   833   855 I UsbPortManager: USB port changed: port=UsbPort{id=otg_default, supportedModes=dual}, status=UsbPortStatus{connected=false, currentMode=none, currentPowerRole=no-power, currentDataRole=no-data, supportedRoleCombinations=[no-power:no-data]}, canChangeMode=true, canChangePowerRole=false, canChangeDataRole=false
01-17 12:09:42.544   833   852 I BatteryStatsImpl: Resetting battery stats: level=96 status=2 dischargeLevel=96 lowAmount=0 highAmount=0
01-17 12:09:43.555   833   855 D UsbDeviceManager: applyOemOverride usbfunctions=adb bootmode=normal
01-17 12:09:43.557   833   855 I UsbDeviceManager: Setting USB config to adb
01-17 12:09:43.577   833   846 I ActivityManager: Killing 4170:com.android.carrierconfig/u0a3 (adj 906): empty #17
01-17 12:09:47.962   833   845 D WifiService: setWifiEnabled: false pid=2312, uid=10025, package=com.android.systemui
01-17 12:09:47.992   614   614 I wificond: Unregister interface event callback
01-17 12:09:48.024   614   614 I wificond: Unsubscribe scan result for interface with index: 5
01-17 12:09:48.280   423   423 I android.hardware.wifi@1.0-service: Wifi HAL stopped
01-17 12:09:48.283   833   852 E BatteryStatsService: no controller energy info supplied
01-17 12:09:48.291   833   852 E BatteryStatsService: no controller energy info supplied
01-17 12:09:58.948   833  3279 I ActivityManager: START u0 {act=android.intent.action.MAIN cat=[android.intent.category.LAUNCHER] flg=0x10200000 cmp=com.android.settings/.Settings bnds=[582,1070][857,1442]} from uid 10014
01-17 12:09:58.995   833  2596 I ActivityManager: Config changes=480 {1.0 ?mcc?mnc [en_US] ldltr sw411dp w683dp h387dp 560dpi nrml widecg land finger -keyb/v/h -nav/h appBounds=Rect(0, 0 - 2392, 1440) s.7}
01-17 12:09:59.004   833  2596 I ActivityManager: Override config changes=480 {1.0 ?mcc?mnc [en_US] ldltr sw411dp w683dp h387dp 560dpi nrml widecg land finger -keyb/v/h -nav/h appBounds=Rect(0, 0 - 2392, 1440) s.7} for displayId=0
01-17 12:09:59.222   833  2390 D PackageManager: Ephemeral installer not found with new action; try old one
01-17 12:09:59.222   833  2390 D PackageManager: Clear ephemeral installer activity
01-17 12:09:59.278   833   898 I WindowManager: Screen frozen for +315ms due to Window{901cdc0 u0 com.android.settings/com.android.settings.Settings}
01-17 12:09:59.463   833   846 I ActivityManager: Start proc 5467:android.process.acore/u0a0 for content provider com.android.providers.userdictionary/.UserDictionaryProvider
01-17 12:09:59.965   833   846 D PackageManager: Ephemeral installer not found with new action; try old one
01-17 12:09:59.965   833   846 D PackageManager: Clear ephemeral installer activity
01-17 12:09:59.967   833  3341 D PackageManager: Ephemeral installer not found with new action; try old one
01-17 12:09:59.967   833  3341 D PackageManager: Clear ephemeral installer activity
01-17 12:09:59.970   833  2305 D PackageManager: Ephemeral installer not found with new action; try old one
01-17 12:09:59.970   833  2305 D PackageManager: Clear ephemeral installer activity
01-17 12:09:59.971   833  2596 D PackageManager: Ephemeral installer not found with new action; try old one
01-17 12:09:59.971   833  2596 D PackageManager: Clear ephemeral installer activity
01-17 12:09:59.972   833  3279 D PackageManager: Ephemeral installer not found with new action; try old one
01-17 12:09:59.973   833  3279 D PackageManager: Clear ephemeral installer activity
01-17 12:09:59.974   833  2390 D PackageManager: Ephemeral installer not found with new action; try old one
01-17 12:09:59.974   833  2390 D PackageManager: Clear ephemeral installer activity
01-17 12:09:59.978   833   845 D PackageManager: Ephemeral installer not found with new action; try old one
01-17 12:09:59.978   833   845 D PackageManager: Clear ephemeral installer activity
01-17 12:09:59.980   833   846 D PackageManager: Ephemeral installer not found with new action; try old one
01-17 12:09:59.980   833   846 D PackageManager: Clear ephemeral installer activity
01-17 12:09:59.981   833  3274 D PackageManager: Ephemeral installer not found with new action; try old one
01-17 12:09:59.981   833  3274 D PackageManager: Clear ephemeral installer activity
01-17 12:09:59.989   833   846 D PackageManager: Ephemeral installer not found with new action; try old one
01-17 12:09:59.989   833   846 D PackageManager: Clear ephemeral installer activity
01-17 12:09:59.992   833  3341 D PackageManager: Ephemeral installer not found with new action; try old one
01-17 12:09:59.992   833  3341 D PackageManager: Clear ephemeral installer activity
01-17 12:09:59.996   833  2263 D PackageManager: Ephemeral installer not found with new action; try old one
01-17 12:09:59.997   833  2263 D PackageManager: Clear ephemeral installer activity
01-17 12:09:59.997   833   845 D PackageManager: Ephemeral installer not found with new action; try old one
01-17 12:09:59.998   833   845 D PackageManager: Clear ephemeral installer activity
01-17 12:10:00.001   833   846 D PackageManager: Ephemeral installer not found with new action; try old one
01-17 12:10:00.001   833   846 D PackageManager: Clear ephemeral installer activity
01-17 12:10:00.012   833  2390 E BatteryStatsService: no controller energy info supplied
01-17 12:10:02.835   833  1215 I ActivityManager: START u0 {act=android.intent.action.MAIN cat=[android.intent.category.HOME] flg=0x10200000 cmp=com.android.launcher3/.Launcher (has extras)} from uid 1000
01-17 12:10:02.871   833  1215 I ActivityManager: Config changes=480 {1.0 ?mcc?mnc [en_US] ldltr sw411dp w411dp h659dp 560dpi nrml widecg port finger -keyb/v/h -nav/h appBounds=Rect(0, 0 - 1440, 2392) s.8}
01-17 12:10:02.879   833  1215 I ActivityManager: Override config changes=480 {1.0 ?mcc?mnc [en_US] ldltr sw411dp w411dp h659dp 560dpi nrml widecg port finger -keyb/v/h -nav/h appBounds=Rect(0, 0 - 1440, 2392) s.8} for displayId=0
01-17 12:10:02.883   833  1215 I WindowManager: Failed to capture screenshot of Token{fa44b06 ActivityRecord{47dc1e1 u0 com.android.settings/.Settings t10}} appWin=Window{901cdc0 u0 com.android.settings/com.android.settings.Settings} drawState=4
01-17 12:10:03.038   833   898 I WindowManager: Screen frozen for +192ms due to Window{ae9bc46 u0 com.android.systemui.ImageWallpaper}
01-17 12:10:06.117   833  3274 D WifiService: setWifiEnabled: true pid=2312, uid=10025, package=com.android.systemui
01-17 12:10:06.120   423   423 I android.hardware.wifi@1.0-service: Wifi HAL started
01-17 12:10:06.817   614   614 I wificond: create scanner for interface with index: 5
01-17 12:10:06.817   614   614 I wificond: subscribe scan result for interface with index: 5
01-17 12:10:07.255   614   614 I wificond: New interface event callback registered
01-17 12:10:07.263   833  1816 E WifiP2pService: Unable to change interface settings: java.lang.IllegalStateException: command '33 interface setcfg p2p0 0.0.0.0 0 up' failed with '400 33 Failed to clear address (No such device)'
01-17 12:10:07.337   833   852 E BatteryStatsService: no controller energy info supplied
01-17 12:10:07.348   833   852 E BatteryStatsService: no controller energy info supplied
01-17 12:10:09.300   833   833 I Telecom : DefaultDialerCache: Refreshing default dialer for user 0: now com.android.dialer: DDC.oR@ADA
01-17 12:10:09.337   833   848 W VoiceInteractionManagerService: no available voice interaction services found for user 0
01-17 12:10:10.633   833  3274 I ActivityManager: START u0 {act=android.intent.action.MAIN cat=[android.intent.category.LAUNCHER] flg=0x10200000 cmp=com.android.settings/.Settings bnds=[582,1070][857,1442]} from uid 10014
01-17 12:10:10.856   833  3341 E BatteryStatsService: no controller energy info supplied
01-17 12:10:12.750   833  2390 I ActivityManager: START u0 {flg=0x8000 cmp=com.android.settings/.Settings$SystemDashboardActivity (has extras)} from uid 1000
01-17 12:10:13.632   833   846 I ActivityManager: START u0 {act=android.intent.action.MAIN cmp=com.android.settings/.SubSettings (has extras)} from uid 1000
01-17 12:10:13.694   833  3274 E UserRestrictionsUtils: Unknown restriction: null
01-17 12:10:16.583   833  3279 I ActivityManager: START u0 {act=android.intent.action.MAIN cmp=com.android.settings/.SubSettings (has extras)} from uid 1000
01-17 12:10:26.609   833  3279 I ActivityManager: Config changes=4 {1.0 ?mcc?mnc [en_US,zh_CN_#Hans] ldltr sw411dp w411dp h659dp 560dpi nrml widecg port finger -keyb/v/h -nav/h appBounds=Rect(0, 0 - 1440, 2392) s.9}
01-17 12:10:26.611   833   849 D CryptdConnector: SND -> {5 cryptfs setfield SystemLocale en-US}
01-17 12:10:26.616   833  1370 D CryptdConnector: RCV <- {200 5 0}
01-17 12:10:26.648   833  3279 I ActivityManager: Override config changes=4 {1.0 ?mcc?mnc [en_US,zh_CN_#Hans] ldltr sw411dp w411dp h659dp 560dpi nrml widecg port finger -keyb/v/h -nav/h appBounds=Rect(0, 0 - 1440, 2392) s.9} for displayId=0
01-17 12:10:26.700   833   833 W InputMethodManagerService: Illegal subtype state: old subtype = null, new subtype = android.view.inputmethod.InputMethodSubtype@c9194f98
01-17 12:10:26.701   833   833 I Telecom : : Locale change; recreating channels.
01-17 12:10:26.722   833  3341 I ActivityManager: Start proc 5641:com.android.carrierdefaultapp/u0a36 for broadcast com.android.carrierdefaultapp/.CarrierDefaultBroadcastReceiver
01-17 12:10:27.178   833   898 I WindowManager: Screen frozen for +527ms due to Window{f429dde u0 NavigationBar}
01-17 12:10:31.708   833  2390 I ActivityManager: Config changes=2004 {1.0 ?mcc?mnc [zh_CN_#Hans] ldltr sw411dp w411dp h659dp 560dpi nrml widecg port finger -keyb/v/h -nav/h appBounds=Rect(0, 0 - 1440, 2392) s.10}
01-17 12:10:31.709   833   849 D CryptdConnector: SND -> {6 cryptfs setfield SystemLocale zh-Hans-CN}
01-17 12:10:31.721   833  2390 I ActivityManager: Override config changes=2004 {1.0 ?mcc?mnc [zh_CN_#Hans] ldltr sw411dp w411dp h659dp 560dpi nrml widecg port finger -keyb/v/h -nav/h appBounds=Rect(0, 0 - 1440, 2392) s.10} for displayId=0
01-17 12:10:31.734   833  1370 D CryptdConnector: RCV <- {200 6 0}
01-17 12:10:31.852   833   849 W ActivityManager: Slow operation: 79ms so far, now at startProcess: returned from zygote!
01-17 12:10:31.853   833   849 W ActivityManager: Slow operation: 79ms so far, now at startProcess: done updating battery stats
01-17 12:10:31.853   833   849 W ActivityManager: Slow operation: 79ms so far, now at startProcess: building log message
01-17 12:10:31.853   833   849 I ActivityManager: Start proc 5683:com.android.quicksearchbox/u0a56 for broadcast com.android.quicksearchbox/.SearchWidgetProvider
01-17 12:10:31.853   833   849 W ActivityManager: Slow operation: 79ms so far, now at startProcess: starting to update pids map
01-17 12:10:31.853   833   849 W ActivityManager: Slow operation: 79ms so far, now at startProcess: done updating pids map
01-17 12:10:31.853   833   849 W ActivityManager: Slow operation: 79ms so far, now at startProcess: done starting proc!
01-17 12:10:31.855   833   833 W InputMethodManagerService: Illegal subtype state: old subtype = null, new subtype = android.view.inputmethod.InputMethodSubtype@c9194f98
01-17 12:10:31.855   833   833 I Telecom : : Locale change; recreating channels.
01-17 12:10:31.872  2564  2564 I TelecomFramework: PstnIncomingCallNotifier: Unregistering: Handler (com.android.internal.telephony.GsmCdmaPhone) {d93f7d8}
01-17 12:10:31.887   833  2305 I Telecom : PhoneAccountRegistrar: Modify account: [ComponentInfo{com.android.phone/com.android.services.telephony.TelephonyConnectionService}, [e0184adedf913b076626646d3f52c3b49c39ad6d], UserHandle{0}(lbl: 紧急呼救 -> Emergency calls)(desc: 只能拨打紧急呼救电话 -> Emergency calling only)]: TSI.rPA@ADE
01-17 12:10:31.892  2564  2564 I TelecomFramework: AccountEntry: Registered phoneAccount: [[ ] PhoneAccount: ComponentInfo{com.android.phone/com.android.services.telephony.TelephonyConnectionService}, [e0184adedf913b076626646d3f52c3b49c39ad6d], UserHandle{0} Capabilities: CallProvider MultiUser PlaceEmerg SimSub  Audio Routes: BESW Schemes: tel voicemail  Extras: null GroupId: [da39a3ee5e6b4b0d3255bfef95601890afd80709]] with handle: ComponentInfo{com.android.phone/com.android.services.telephony.TelephonyConnectionService}, [e0184adedf913b076626646d3f52c3b49c39ad6d], UserHandle{0}
01-17 12:10:31.893  2564  2564 I TelecomFramework: PstnIncomingCallNotifier: Registering: Handler (com.android.internal.telephony.GsmCdmaPhone) {d93f7d8}
01-17 12:10:31.904  2564  2564 I TelecomFramework: PstnPhoneCapabilitiesNotifier: handleVideoCapabilitesChanged. Video capability - false
01-17 12:10:31.910   833  3274 I Telecom : PhoneAccountRegistrar: Modify account: [ComponentInfo{com.android.phone/com.android.services.telephony.TelephonyConnectionService}, [e0184adedf913b076626646d3f52c3b49c39ad6d], UserHandle{0}]: TSI.rPA@ADQ
01-17 12:10:32.107   833   898 I WindowManager: Screen frozen for +382ms due to Window{f429dde u0 NavigationBar}
01-17 12:10:33.092   833  2390 E UserRestrictionsUtils: Unknown restriction: null
01-17 12:10:36.733   833   845 I ActivityManager: START u0 {act=android.intent.action.MAIN cmp=com.android.settings/.SubSettings (has extras)} from uid 1000
01-17 12:10:37.916   833   846 I ActivityManager: START u0 {act=android.intent.action.MAIN cmp=com.android.inputmethod.latin/.settings.SettingsActivity} from uid 1000
01-17 12:10:40.108   833  2596 I ActivityManager: START u0 {act=android.intent.action.MAIN cmp=com.android.settings/.SubSettings (has extras)} from uid 1000
01-17 12:10:44.689   833  1215 I ActivityManager: START u0 {act=android.intent.action.MAIN cat=[android.intent.category.HOME] flg=0x10200000 cmp=com.android.launcher3/.Launcher (has extras)} from uid 1000
01-17 12:10:47.868   833   845 I ActivityManager: START u0 {act=android.intent.action.MAIN cat=[android.intent.category.LAUNCHER] flg=0x10200000 cmp=com.android.settings/.Settings bnds=[32,698][307,1070]} from uid 10014
01-17 12:10:47.896   833   898 W WindowManager: Failed looking up window callers=com.android.server.wm.WindowManagerService.windowForClientLocked:5700 com.android.server.wm.WindowManagerService.relayoutWindow:1899 com.android.server.wm.Session.relayout:228 
01-17 12:10:47.899   833   898 W WindowManager: Failed looking up window callers=com.android.server.wm.WindowManagerService.windowForClientLocked:5700 com.android.server.wm.WindowManagerService.removeWindow:1684 com.android.server.wm.Session.remove:212 
01-17 12:10:48.043   833   846 E BatteryStatsService: no controller energy info supplied
01-17 12:10:49.851   833  1215 I ActivityManager: START u0 {act=android.intent.action.MAIN cat=[android.intent.category.HOME] flg=0x10200000 cmp=com.android.launcher3/.Launcher (has extras)} from uid 1000
01-17 12:10:57.430   833  2263 I ActivityManager: START u0 {act=android.intent.action.MAIN cat=[android.intent.category.LAUNCHER] flg=0x10200000 cmp=com.android.documentsui/.LauncherActivity bnds=[1132,698][1408,1070]} from uid 10014
01-17 12:10:57.456   833  3341 I ActivityManager: Start proc 5799:com.android.documentsui/u0a8 for activity com.android.documentsui/.LauncherActivity
01-17 12:10:57.493   833  2596 I ActivityManager: Killing 4243:com.android.contacts/u0a6 (adj 906): empty #17
01-17 12:10:57.589   833  3274 I ActivityManager: START u0 {dat=//com.android.documentsui.launchControl flg=0x10200000 cmp=com.android.documentsui/.files.FilesActivity (has extras)} from uid 10008
01-17 12:10:57.623   833  3341 I ActivityManager: Start proc 5817:com.android.externalstorage/u0a12 for content provider com.android.externalstorage/.ExternalStorageProvider
01-17 12:10:57.735   833  2305 I ActivityManager: Start proc 5838:com.android.mtp/u0a9 for content provider com.android.mtp/.MtpDocumentsProvider
01-17 12:11:03.033   833  3274 I ActivityManager: START u0 {act=android.provider.action.MANAGE_DOCUMENT dat=content://com.android.providers.downloads.documents/document/raw:/storage/emulated/0/Download/sougoushurufa_1050.apk cmp=com.android.providers.downloads.ui/.TrampolineActivity} from uid 10008
01-17 12:11:03.071   833   846 I ActivityManager: START u0 {act=android.intent.action.VIEW dat=content://com.android.providers.downloads.documents/document/raw:/storage/emulated/0/Download/sougoushurufa_1050.apk flg=0x3 cmp=com.android.packageinstaller/.InstallStart (has extras)} from uid 10009
01-17 12:11:03.104   833  2390 I ActivityManager: START u0 {act=android.intent.action.VIEW dat=content://com.android.providers.downloads.documents/document/raw:/storage/emulated/0/Download/sougoushurufa_1050.apk flg=0x2000000 cmp=com.android.packageinstaller/.InstallStaging (has extras)} from uid 10020
01-17 12:11:03.634   833  3279 I ActivityManager: START u0 {act=android.intent.action.VIEW dat=file:///data/user_de/0/com.android.packageinstaller/no_backup/package5801298953783619701.apk flg=0x10000 cmp=com.android.packageinstaller/.PackageInstallerActivity (has extras)} from uid 10020
01-17 12:11:03.757  4373  4373 W PackageParser: No actions in intent filter at /data/user_de/0/com.android.packageinstaller/no_backup/package5801298953783619701.apk Binary XML file line #1052
01-17 12:11:09.104   833  2263 I ActivityManager: START u0 {act=android.provider.action.MANAGE_DOCUMENT dat=content://com.android.providers.downloads.documents/document/raw:/storage/emulated/0/Download/sougoushurufa_1050.apk cmp=com.android.providers.downloads.ui/.TrampolineActivity} from uid 10008
01-17 12:11:09.126   833  2390 I ActivityManager: START u0 {act=android.intent.action.VIEW dat=content://com.android.providers.downloads.documents/document/raw:/storage/emulated/0/Download/sougoushurufa_1050.apk flg=0x3 cmp=com.android.packageinstaller/.InstallStart (has extras)} from uid 10009
01-17 12:11:09.147   833   845 I ActivityManager: START u0 {act=android.intent.action.VIEW dat=content://com.android.providers.downloads.documents/document/raw:/storage/emulated/0/Download/sougoushurufa_1050.apk flg=0x2000000 cmp=com.android.packageinstaller/.InstallStaging (has extras)} from uid 10020
01-17 12:11:09.576   833  3279 I ActivityManager: START u0 {act=android.intent.action.VIEW dat=file:///data/user_de/0/com.android.packageinstaller/no_backup/package5376178451348268802.apk flg=0x10000 cmp=com.android.packageinstaller/.PackageInstallerActivity (has extras)} from uid 10020
01-17 12:11:09.681  4373  4373 W PackageParser: No actions in intent filter at /data/user_de/0/com.android.packageinstaller/no_backup/package5376178451348268802.apk Binary XML file line #1052
01-17 12:11:14.030   833  3341 I ActivityManager: START u0 {dat=file:///data/user_de/0/com.android.packageinstaller/no_backup/package5376178451348268802.apk cmp=com.android.packageinstaller/.InstallInstalling (has extras)} from uid 10020
01-17 12:11:20.201   833   864 I ActivityManager: Start proc 5911:com.android.defcontainer/u0a7 for service com.android.defcontainer/.DefaultContainerService
01-17 12:11:20.235   833  3279 I ActivityManager: Killing 3353:com.android.dialer/u0a13 (adj 906): empty #17
01-17 12:11:20.404   833   864 W PackageParser: No actions in intent filter at /data/app/vmdl770763291.tmp/base.apk Binary XML file line #1052
01-17 12:11:28.456   833   864 D PackageManager: Ephemeral installer not found with new action; try old one
01-17 12:11:28.456   833   864 D PackageManager: Clear ephemeral installer activity
01-17 12:11:28.469   833  3274 I ActivityManager: START u0 {dat=file:///data/user_de/0/com.android.packageinstaller/no_backup/package5376178451348268802.apk flg=0x2000000 cmp=com.android.packageinstaller/.InstallSuccess (has extras)} from uid 10020
01-17 12:11:28.511   833   833 I Telecom : DefaultDialerCache: Refreshing default dialer for user 0: now com.android.dialer: DDC.oR@ADc
01-17 12:11:28.519   833  3274 W BroadcastQueue: Background execution not allowed: receiving Intent { act=android.intent.action.PACKAGE_ADDED dat=package:com.sohu.inputmethod.sogou flg=0x4000010 (has extras) } to com.android.musicfx/.Compatibility$Receiver
01-17 12:11:28.521   833   849 W BroadcastQueue: Background execution not allowed: receiving Intent { act=android.intent.action.PACKAGE_ADDED dat=package:com.sohu.inputmethod.sogou flg=0x4000010 (has extras) } to com.svox.pico/.VoiceDataInstallerReceiver
01-17 12:11:28.668   833   848 W VoiceInteractionManagerService: no available voice recognition services found for user 0
01-17 12:11:30.354   833   864 I ActivityManager: Killing 3857:com.android.managedprovisioning/u0a15 (adj 906): empty #17
01-17 12:11:30.368   833   845 I ActivityManager: Killing 4353:com.android.onetimeinitializer/u0a16 (adj 906): empty #17
01-17 12:11:31.301   833  3279 I ActivityManager: START u0 {act=android.intent.action.MAIN cat=[android.intent.category.LAUNCHER] flg=0x10000000 pkg=com.sohu.inputmethod.sogou cmp=com.sohu.inputmethod.sogou/.SogouIMELauncher} from uid 10020
01-17 12:11:31.333   833  3274 I ActivityManager: Start proc 5957:com.sohu.inputmethod.sogou/u0a62 for activity com.sohu.inputmethod.sogou/.SogouIMELauncher
01-17 12:11:31.639   833  2263 I ActivityManager: START u0 {cmp=com.sohu.inputmethod.sogou/com.sohu.inputmethod.settings.guide.SettingGuideActivity (has extras)} from uid 10062
01-17 12:11:33.650   833  2305 I ActivityManager: START u0 {act=android.settings.INPUT_METHOD_SETTINGS cmp=com.android.settings/.Settings$AvailableVirtualKeyboardActivity} from uid 10062
01-17 12:11:37.426   833   833 W WindowManager: removeWindowToken: Attempted to remove non-existing token: android.os.Binder@a261b91
01-17 12:11:38.160   833   833 W InputMethodManagerService: Illegal subtype state: old subtype = null, new subtype = android.view.inputmethod.InputMethodSubtype@c9194f98
01-17 12:11:38.176   833   855 D UsbDeviceManager: applyOemOverride usbfunctions=adb bootmode=normal
01-17 12:11:38.180   833  3274 I ActivityManager: START u0 {flg=0x10000000 cmp=com.sohu.inputmethod.sogou/com.sohu.inputmethod.settings.guide.SettingGuideActivity (has extras)} from uid 10062
01-17 12:11:38.258   833  2263 I NotificationService: cancelToast pkg=com.sohu.inputmethod.sogou callback=android.app.ITransientNotification$Stub$Proxy@2de4b7e
01-17 12:11:38.258   833  2263 W NotificationService: Toast already cancelled. pkg=com.sohu.inputmethod.sogou callback=android.app.ITransientNotification$Stub$Proxy@2de4b7e
01-17 12:11:39.821   833   846 I ActivityManager: Killing 4330:com.android.messaging/u0a61 (adj 906): empty #17
01-17 12:11:39.837   833   855 D UsbDeviceManager: applyOemOverride usbfunctions=adb bootmode=normal
01-17 12:11:39.861   833  2596 D PackageManager: Ephemeral installer not found with new action; try old one
01-17 12:11:39.861   833  2596 D PackageManager: Clear ephemeral installer activity
01-17 12:11:39.861   833  3341 D PackageManager: Ephemeral installer not found with new action; try old one
01-17 12:11:39.861   833  3341 D PackageManager: Clear ephemeral installer activity
01-17 12:11:40.466   833   833 W WindowManager: removeWindowToken: Attempted to remove non-existing token: android.os.Binder@a94b671
01-17 12:11:45.488   833  5934 I ActivityManager: START u0 {flg=0x14000000 cmp=com.sohu.inputmethod.sogou/.SogouIMEHomeActivity} from uid 10062
01-17 12:11:46.091   833  2263 I NotificationService: cancelToast pkg=com.sohu.inputmethod.sogou callback=android.app.ITransientNotification$Stub$Proxy@688b115
01-17 12:11:46.091   833  2263 W NotificationService: Toast already cancelled. pkg=com.sohu.inputmethod.sogou callback=android.app.ITransientNotification$Stub$Proxy@688b115
01-17 12:11:46.839   833  2305 I ActivityManager: START u0 {act=android.content.pm.action.REQUEST_PERMISSIONS pkg=com.android.packageinstaller cmp=com.android.packageinstaller/.permission.ui.GrantPermissionsActivity (has extras)} from uid 10062
01-17 12:11:49.923   833   833 I Telecom : DefaultDialerCache: Refreshing default dialer for user 0: now com.android.dialer: DDC.oR@ADs
01-17 12:11:49.972   833   848 W VoiceInteractionManagerService: no available voice interaction services found for user 0
01-17 12:11:50.163   833  3279 I ActivityManager: START u0 {act=android.content.pm.action.REQUEST_PERMISSIONS pkg=com.android.packageinstaller cmp=com.android.packageinstaller/.permission.ui.GrantPermissionsActivity (has extras)} from uid 10062
01-17 12:11:51.328   833  5934 I ActivityManager: START u0 {act=android.content.pm.action.REQUEST_PERMISSIONS pkg=com.android.packageinstaller cmp=com.android.packageinstaller/.permission.ui.GrantPermissionsActivity (has extras)} from uid 10062
01-17 12:11:52.398   833  2263 D VoldConnector: SND -> {38 volume remount_uid 10062 read}
01-17 12:11:52.402   387   404 D vold    : Remounting 10062 as mode read
01-17 12:11:52.425   387   404 D vold    : Found matching PID 5957
01-17 12:11:52.437   833  1369 D VoldConnector: RCV <- {200 38 Command succeeded}
01-17 12:11:52.441   833  5934 D VoldConnector: SND -> {39 volume remount_uid 10062 write}
01-17 12:11:52.442   387   404 D vold    : Remounting 10062 as mode write
01-17 12:11:52.454   387   404 D vold    : Found matching PID 5957
01-17 12:11:52.458   833  1369 D VoldConnector: RCV <- {200 39 Command succeeded}
01-17 12:11:52.531   833  2305 I ActivityManager: START u0 {act=android.content.pm.action.REQUEST_PERMISSIONS pkg=com.android.packageinstaller cmp=com.android.packageinstaller/.permission.ui.GrantPermissionsActivity (has extras)} from uid 10062
01-17 12:11:55.488   833  1215 I ActivityManager: START u0 {act=android.intent.action.MAIN cat=[android.intent.category.HOME] flg=0x10200000 cmp=com.android.launcher3/.Launcher (has extras)} from uid 1000
01-17 12:11:56.913   833  2390 D WifiService: setWifiEnabled: false pid=2312, uid=10025, package=com.android.systemui
01-17 12:11:56.941   614   614 I wificond: Unregister interface event callback
01-17 12:11:57.054   614   614 I wificond: Unsubscribe scan result for interface with index: 5
01-17 12:11:57.308   423   423 I android.hardware.wifi@1.0-service: Wifi HAL stopped
01-17 12:11:57.309   833   852 E BatteryStatsService: no controller energy info supplied
01-17 12:11:57.315   833   852 E BatteryStatsService: no controller energy info supplied
01-17 12:11:59.229   833  2263 I ActivityManager: START u0 {act=android.settings.WIFI_SETTINGS flg=0x14000000 cmp=com.android.settings/.Settings$WifiSettingsActivity} from uid 10025
01-17 12:11:59.248   833  5934 E ActivityManager: applyOptionsLocked: Unknown animationType=0
01-17 12:12:01.165   833   846 D WifiService: setWifiEnabled: true pid=2703, uid=1000, package=com.android.settings
01-17 12:12:01.168   423   423 I android.hardware.wifi@1.0-service: Wifi HAL started
01-17 12:12:01.883   614   614 I wificond: create scanner for interface with index: 5
01-17 12:12:01.883   614   614 I wificond: subscribe scan result for interface with index: 5
01-17 12:12:02.286   614   614 I wificond: New interface event callback registered
01-17 12:12:02.289   833  1816 E WifiP2pService: Unable to change interface settings: java.lang.IllegalStateException: command '40 interface setcfg p2p0 0.0.0.0 0 up' failed with '400 40 Failed to clear address (No such device)'
01-17 12:12:02.377   833   852 E BatteryStatsService: no controller energy info supplied
01-17 12:12:02.388   833   852 E BatteryStatsService: no controller energy info supplied
01-17 12:12:28.127   833  1803 D WifiService: New client listening to asynchronous messages
01-17 12:12:28.130   833  1803 D WiFiServiceImpl : SAVE nid=0 uid=1000 name=android.uid.system:1000
01-17 12:12:28.130   833  1803 D WifiService: Save network with config * ID: -1 SSID: "5GYHQ" PROVIDER-NAME: null BSSID: null FQDN: null PRIO: 0 HIDDEN: false
01-17 12:12:28.130   833  1803 D WifiService:  NetworkSelectionStatus NETWORK_SELECTION_ENABLED
01-17 12:12:28.130   833  1803 D WifiService:  hasEverConnected: false
01-17 12:12:28.130   833  1803 D WifiService:  KeyMgmt: WPA_PSK Protocols:
01-17 12:12:28.130   833  1803 D WifiService:  AuthAlgorithms:
01-17 12:12:28.130   833  1803 D WifiService:  PairwiseCiphers:
01-17 12:12:28.130   833  1803 D WifiService:  GroupCiphers:
01-17 12:12:28.130   833  1803 D WifiService:  PSK: *
01-17 12:12:28.130   833  1803 D WifiService: Enterprise config:
01-17 12:12:28.130   833  1803 D WifiService: IP config:
01-17 12:12:28.130   833  1803 D WifiService: IP assignment: DHCP
01-17 12:12:28.130   833  1803 D WifiService: Proxy settings: NONE
01-17 12:12:28.130   833  1803 D WifiService:  cuid=-1 luid=-1 lcuid=0 userApproved=USER_UNSPECIFIED noInternetAccessExpected=false roamingFailureBlackListTimeMilli: 1000
01-17 12:12:28.131   833  1803 D WiFiServiceImpl : CONNECT  nid=-1 uid=1000 name=android.uid.system:1000
01-17 12:12:28.131   833  1803 D WifiService: Connect with config * ID: -1 SSID: "5GYHQ" PROVIDER-NAME: null BSSID: null FQDN: null PRIO: 0 HIDDEN: false
01-17 12:12:28.131   833  1803 D WifiService:  NetworkSelectionStatus NETWORK_SELECTION_ENABLED
01-17 12:12:28.131   833  1803 D WifiService:  hasEverConnected: false
01-17 12:12:28.131   833  1803 D WifiService:  KeyMgmt: WPA_PSK Protocols:
01-17 12:12:28.131   833  1803 D WifiService:  AuthAlgorithms:
01-17 12:12:28.131   833  1803 D WifiService:  PairwiseCiphers:
01-17 12:12:28.131   833  1803 D WifiService:  GroupCiphers:
01-17 12:12:28.131   833  1803 D WifiService:  PSK: *
01-17 12:12:28.131   833  1803 D WifiService: Enterprise config:
01-17 12:12:28.131   833  1803 D WifiService: IP config:
01-17 12:12:28.131   833  1803 D WifiService: IP assignment: DHCP
01-17 12:12:28.131   833  1803 D WifiService: Proxy settings: NONE
01-17 12:12:28.131   833  1803 D WifiService:  cuid=-1 luid=-1 lcuid=0 userApproved=USER_UNSPECIFIED noInternetAccessExpected=false roamingFailureBlackListTimeMilli: 1000
01-17 12:12:28.209   614   614 W wificond: Scan is not started. Ignore abort request
01-17 12:12:28.909   833  1804 D ConnectivityService: registerNetworkAgent NetworkAgentInfo{ ni{[type: WIFI[], state: CONNECTING/CONNECTING, reason: (unspecified), extra: "5GYHQ", failover: false, available: true, roaming: false, metered: false]}  network{100}  nethandle{429513165534}  lp{{LinkAddresses: []  Routes: [] DnsAddresses: [] Domains: null MTU: 0}}  nc{[ Transports: WIFI Capabilities: NOT_METERED&INTERNET&NOT_RESTRICTED&TRUSTED&NOT_VPN LinkUpBandwidth>=1048576Kbps LinkDnBandwidth>=1048576Kbps]}  Score{20}  everValidated{false}  lastValidated{false}  created{false} lingering{false} explicitlySelected{false} acceptUnvalidated{false} everCaptivePortalDetected{false} lastCaptivePortalDetected{false} }
01-17 12:12:28.910   833  1818 D ConnectivityService: NetworkAgentInfo [WIFI () - 100] EVENT_NETWORK_INFO_CHANGED, going from null to CONNECTING
01-17 12:12:31.246   833  1818 D ConnectivityService: NetworkAgentInfo [WIFI () - 100] EVENT_NETWORK_INFO_CHANGED, going from CONNECTING to CONNECTED
01-17 12:12:31.253   833  1818 D ConnectivityService: Adding iface wlan0 to network 100
01-17 12:12:31.273   833  1818 D ConnectivityService: Setting DNS servers for network 100 to [/192.168.5.1]
01-17 12:12:31.302   833  1818 D ConnectivityService: Switching to new default network: NetworkAgentInfo{ ni{[type: WIFI[], state: CONNECTED/CONNECTED, reason: (unspecified), extra: "5GYHQ", failover: false, available: true, roaming: false, metered: false]}  network{100}  nethandle{429513165534}  lp{{InterfaceName: wlan0 LinkAddresses: [fe80::ba08:d7ff:fe43:c8c/64,192.168.5.8/24,]  Routes: [fe80::/64 -> :: wlan0,192.168.5.0/24 -> 0.0.0.0 wlan0,0.0.0.0/0 -> 192.168.5.1 wlan0,] DnsAddresses: [192.168.5.1,] Domains: null MTU: 0 TcpBufferSizes: 524288,2097152,4194304,262144,524288,1048576}}  nc{[ Transports: WIFI Capabilities: NOT_METERED&INTERNET&NOT_RESTRICTED&TRUSTED&NOT_VPN&FOREGROUND LinkUpBandwidth>=1048576Kbps LinkDnBandwidth>=1048576Kbps SignalStrength: -52]}  Score{20}  everValidated{false}  lastValidated{false}  created{true} lingering{false} explicitlySelected{true} acceptUnvalidated{false} everCaptivePortalDetected{false} lastCaptivePortalDetected{false} }
01-17 12:12:31.326   833   852 E BatteryStatsService: no controller energy info supplied
01-17 12:12:31.390   833  1818 D ConnectivityService: Sending CONNECTED broadcast for type 1 NetworkAgentInfo [WIFI () - 100] isDefaultNetwork=true
01-17 12:12:31.391   833   852 E BatteryStatsService: no controller energy info supplied
01-17 12:12:34.353   833  1215 I ActivityManager: START u0 {act=android.intent.action.MAIN cat=[android.intent.category.HOME] flg=0x10200000 cmp=com.android.launcher3/.Launcher (has extras)} from uid 1000
01-17 12:12:38.650   833  2305 I ActivityManager: START u0 {act=android.intent.action.MAIN cat=[android.intent.category.LAUNCHER] flg=0x10200000 cmp=com.android.settings/.Settings bnds=[32,698][307,1070]} from uid 10014
01-17 12:12:39.301   833  1818 D NetworkNotificationManager: showNotification tag=ConnectivityNotification:100 event=NO_INTERNET transport=WLAN extraInfo="5GYHQ" highPrioriy=true
01-17 12:12:41.570   833  1818 D ConnectivityService: NetworkAgentInfo [WIFI () - 100] validation failed
01-17 12:12:42.702   833   852 E BatteryStatsService: no controller energy info supplied
01-17 12:12:42.732   833  3274 E BatteryStatsService: no controller energy info supplied
01-17 12:12:42.958   833  1818 D ConnectivityService: NetworkAgentInfo [WIFI () - 100] validation failed
01-17 12:12:45.070   833  2263 I ActivityManager: START u0 {flg=0x8000 cmp=com.android.settings/.Settings$SystemDashboardActivity (has extras)} from uid 1000
01-17 12:12:45.288   833  1818 D ConnectivityService: NetworkAgentInfo [WIFI () - 100] validation failed
01-17 12:12:46.454   833  2263 I ActivityManager: START u0 {act=android.intent.action.MAIN cmp=com.android.settings/.SubSettings (has extras)} from uid 1000
01-17 12:12:46.507   833  2596 E UserRestrictionsUtils: Unknown restriction: null
01-17 12:12:51.664   833   846 I ActivityManager: START u0 {act=android.intent.action.MAIN cmp=com.android.settings/.SubSettings (has extras)} from uid 1000
01-17 12:12:54.828   833  5934 I ActivityManager: START u0 {act=android.intent.action.MAIN cmp=com.android.settings/.SubSettings (has extras)} from uid 1000
01-17 12:12:54.917   833   849 W BroadcastQueue: Permission Denial: broadcasting Intent { act=android.net.conn.CONNECTIVITY_CHANGE flg=0x4000010 (has extras) } from null (pid=-1, uid=-1) requires android.permission.CHANGE_NETWORK_STATE due to registered receiver BroadcastFilter{fcfdd04 u0 ReceiverList{9408517 2703 com.android.settings/1000/u0 remote:cb74596}}
01-17 12:12:54.917   833   849 W BroadcastQueue: Permission Denial: broadcasting Intent { act=android.net.wifi.STATE_CHANGE flg=0x4000010 (has extras) } from null (pid=-1, uid=-1) requires android.permission.CHANGE_NETWORK_STATE due to registered receiver BroadcastFilter{fcfdd04 u0 ReceiverList{9408517 2703 com.android.settings/1000/u0 remote:cb74596}}
01-17 12:12:59.465   833  1818 D ConnectivityService: NetworkAgentInfo [WIFI () - 100] validation failed
01-17 12:13:00.165   833   846 I ActivityManager: START u0 {act=android.intent.action.MAIN cmp=com.android.settings/.SubSettings (has extras)} from uid 1000
01-17 12:13:00.211   833  3279 E UserRestrictionsUtils: Unknown restriction: null
09-11 12:13:14.323   833   833 D ConditionProviders.SCP: onReceive android.intent.action.TIME_SET
09-11 12:13:14.332   833   833 D ConditionProviders.SCP: notifyCondition condition://android/schedule?days=6.7&start=23.30&end=10.0&exitAtAlarm=false STATE_FALSE reason=!meetsSchedule
09-11 12:13:14.332   833   833 D ConditionProviders.SCP: notifyCondition condition://android/schedule?days=1.2.3.4.5&start=22.0&end=7.0&exitAtAlarm=false STATE_TRUE reason=meetsSchedule
09-11 12:13:14.333   833   833 D ConditionProviders.SCP: Scheduling evaluate for Wed Sep 11 07:00:00 GMT+00:00 2019 (1568185200000), in +2h46m45s676ms, now=Wed Sep 11 04:13:14 GMT+00:00 2019 (1568175194324)
09-11 12:13:14.337   833   833 D ConditionProviders.SCP: onReceive ScheduleConditionProvider.EVALUATE
09-11 12:13:14.337   833   833 D ConditionProviders.SCP: notifyCondition condition://android/schedule?days=6.7&start=23.30&end=10.0&exitAtAlarm=false STATE_FALSE reason=!meetsSchedule
09-11 12:13:14.337   833   833 D ConditionProviders.SCP: notifyCondition condition://android/schedule?days=1.2.3.4.5&start=22.0&end=7.0&exitAtAlarm=false STATE_TRUE reason=meetsSchedule
09-11 12:13:14.338   833   833 D ConditionProviders.SCP: Scheduling evaluate for Wed Sep 11 07:00:00 GMT+00:00 2019 (1568185200000), in +2h46m45s663ms, now=Wed Sep 11 04:13:14 GMT+00:00 2019 (1568175194337)
09-11 12:13:14.340   833   833 D ZenLog  : config: conditionChanged,ZenModeConfig[user=0,allowCalls=true,allowRepeatCallers=false,allowMessages=false,allowCallsFrom=contacts,allowMessagesFrom=contacts,allowReminders=true,allowEvents=true,allowWhenScreenOff=true,allowWhenScreenOn=true,automaticRules={2074914b6f7a4014998af2619e67c222=ZenRule[enabled=false,snoozing=false,name=Event,zenMode=ZEN_MODE_ALARMS,conditionId=condition://android/event?userId=-10000&calendar=&reply=1,condition=Condition[id=condition://android/event?userId=-10000&calendar=&reply=1,summary=...,line1=...,line2=...,icon=0,state=STATE_FALSE,flags=2],component=ComponentInfo{android/com.android.server.notification.EventConditionProvider},id=2074914b6f7a4014998af2619e67c222,creationTime=1397122073,enabler=null], 7172d31ccc0b41f9baee02b1e7f4e2c3=ZenRule[enabled=false,snoozing=false,name=Weeknight,zenMode=ZEN_MODE_ALARMS,conditionId=condition://android/schedule?days=1.2.3.4.5&start=22.0&end=7.0&exitAtAlarm=false,condition=Condition[id=condition://android/schedule?days=1.2.3.4.5&start=22.0&end=7.0&exitAtAlarm=false,summary=...,line1=...,line2=...,icon=0,state=STATE_FALSE,flags=2],component=ComponentInfo{android/com.android.server.notification.ScheduleConditionProvider},id=7172d31ccc0b41f9baee02b1e7f4e2c3,creationTime=1397122072,enabler=null], 3f49769cf73243149a957cbf4c21cc0b=ZenRule[enabled=false,snoozing=false,name=Weekend,zenMode=ZEN_MODE_ALARMS,conditionId=condition://android/schedule?days=6.7&start=23.30&end=10.0&exitAtAlarm=false,condition=Condition[id=condition://android/schedule?days=6.7&start=23.30&end=10.0&exitAtAlarm=false,summary=...,line1=...,line2=...,icon=0,state=STATE_FALSE,flags=2],component=ComponentInfo{android/com.android.server.notification.ScheduleConditionProvider},id=3f49769cf73243149a957cbf4c21cc0b,creationTime=1397122073,enabler=null]},manualRule=null],Diff[automaticRule[3f49769cf73243149a957cbf4c21cc0b].condition:Condition[id=condition://android/schedule?days=6.7&start=23.30&end=10.0&exitAtAlarm=false,summary=...,line1=...,line2=...,icon=0,state=STATE_TRUE,flags=2]->Condition[id=condition://android/schedule?days=6.7&start=23.30&end=10.0&exitAtAlarm=false,summary=...,line1=...,line2=...,icon=0,state=STATE_FALSE,flags=2]]
09-11 12:13:14.341   833   833 D ZenLog  : config: conditionChanged,ZenModeConfig[user=0,allowCalls=true,allowRepeatCallers=false,allowMessages=false,allowCallsFrom=contacts,allowMessagesFrom=contacts,allowReminders=true,allowEvents=true,allowWhenScreenOff=true,allowWhenScreenOn=true,automaticRules={2074914b6f7a4014998af2619e67c222=ZenRule[enabled=false,snoozing=false,name=Event,zenMode=ZEN_MODE_ALARMS,conditionId=condition://android/event?userId=-10000&calendar=&reply=1,condition=Condition[id=condition://android/event?userId=-10000&calendar=&reply=1,summary=...,line1=...,line2=...,icon=0,state=STATE_FALSE,flags=2],component=ComponentInfo{android/com.android.server.notification.EventConditionProvider},id=2074914b6f7a4014998af2619e67c222,creationTime=1397122073,enabler=null], 7172d31ccc0b41f9baee02b1e7f4e2c3=ZenRule[enabled=false,snoozing=false,name=Weeknight,zenMode=ZEN_MODE_ALARMS,conditionId=condition://android/schedule?days=1.2.3.4.5&start=22.0&end=7.0&exitAtAlarm=false,condition=Condition[id=condition://android/schedule?days=1.2.3.4.5&start=22.0&end=7.0&exitAtAlarm=false,summary=...,line1=...,line2=...,icon=0,state=STATE_TRUE,flags=2],component=ComponentInfo{android/com.android.server.notification.ScheduleConditionProvider},id=7172d31ccc0b41f9baee02b1e7f4e2c3,creationTime=1397122072,enabler=null], 3f49769cf73243149a957cbf4c21cc0b=ZenRule[enabled=false,snoozing=false,name=Weekend,zenMode=ZEN_MODE_ALARMS,conditionId=condition://android/schedule?days=6.7&start=23.30&end=10.0&exitAtAlarm=false,condition=Condition[id=condition://android/schedule?days=6.7&start=23.30&end=10.0&exitAtAlarm=false,summary=...,line1=...,line2=...,icon=0,state=STATE_FALSE,flags=2],component=ComponentInfo{android/com.android.server.notification.ScheduleConditionProvider},id=3f49769cf73243149a957cbf4c21cc0b,creationTime=1397122073,enabler=null]},manualRule=null],Diff[automaticRule[7172d31ccc0b41f9baee02b1e7f4e2c3].condition:Condition[id=condition://android/schedule?days=1.2.3.4.5&start=22.0&end=7.0&exitAtAlarm=false,summary=...,line1=...,line2=...,icon=0,state=STATE_FALSE,flags=2]->Condition[id=condition://android/schedule?days=1.2.3.4.5&start=22.0&end=7.0&exitAtAlarm=false,summary=...,line1=...,line2=...,icon=0,state=STATE_TRUE,flags=2]]
