09-11 13:16:40.127 13750 13750 I ServiceManager: Waiting for service AtCmdFwd...
09-11 13:16:40.132   423   423 D WifiHAL : In DebugCommand::handleResponse
09-11 13:16:40.132   423   423 D WifiHAL : len = 4, expected len = 4
09-11 13:12:20.210   833   852 E BatteryStatsService: no controller energy info supplied
09-11 13:16:40.141   833   852 E BatteryStatsService: no controller energy info supplied
09-11 13:16:40.148   423   423 D WifiHAL : In DebugCommand::handleResponse
09-11 13:16:40.148   423   423 D WifiHAL : len = 4, expected len = 4
09-11 13:16:41.128 13750 13750 I ServiceManager: Waiting for service AtCmdFwd...
09-11 13:16:42.130 13750 13750 W Atfwd_Sendcmd: AtCmdFwd service not published, waiting... retryCnt : 1
09-11 13:16:45.170   833  1798 I chatty  : uid=1000(system) NetworkStats expire 4 lines
09-11 13:16:45.310  5957 13968 D Sogou#Thread: beforeExecute new runnable:Thread[Sogou-Aysnc-Thread#10,4,main],Sogou-Aysnc
09-11 13:16:45.648   423   423 D WifiHAL : In DebugCommand::handleResponse
09-11 13:16:45.648   423   423 D WifiHAL : len = 4, expected len = 4
09-11 13:16:45.683   593   884 E QC-QMI  : linux_qmi_qmux_io_wake_lock: Err in writing wakelock=qmuxd_port_wl_0, error [1:Operation not permitted]
09-11 13:16:45.684   593   884 E QC-QMI  : linux_qmi_qmux_io_wake_unlock: Err in writing wakelock=qmuxd_port_wl_0, error [1:Operation not permitted]
09-11 13:16:45.684   593   884 E QC-QMI  : linux_qmi_qmux_io_wake_lock: Err in writing wakelock=qmuxd_port_wl_0, error [1:Operation not permitted]
09-11 13:16:45.685   593   884 E QC-QMI  : linux_qmi_qmux_io_wake_unlock: Err in writing wakelock=qmuxd_port_wl_0, error [1:Operation not permitted]
09-11 13:19:28.103   423   423 D WifiHAL : In DebugCommand::handleResponse
09-11 13:19:28.103   423   423 D WifiHAL : len = 4, expected len = 4
09-11 13:16:45.671   833   852 I chatty  : uid=1000(system) batterystats-sy identical 2 lines
09-11 13:16:45.672   833   852 E BatteryStatsService: no controller energy info supplied
09-11 13:19:28.110   833   852 E BatteryStatsService: no controller energy info supplied
09-11 13:19:28.146   423   423 D WifiHAL : In DebugCommand::handleResponse
09-11 13:19:28.146   423   423 D WifiHAL : len = 4, expected len = 4
09-11 13:20:59.097   423   423 D WifiHAL : In DebugCommand::handleResponse
09-11 13:20:59.097   423   423 D WifiHAL : len = 4, expected len = 4
09-11 13:19:28.151   833   852 E BatteryStatsService: no controller energy info supplied
09-11 13:20:59.102   833   852 E BatteryStatsService: no controller energy info supplied
09-11 13:22:48.044   423   423 D WifiHAL : In DebugCommand::handleResponse
09-11 13:22:48.044   423   423 D WifiHAL : len = 4, expected len = 4
09-11 13:22:48.044   833   901 I chatty  : uid=1000(system) HubConnection expire 1 line
09-11 13:22:48.051 13750 13750 I ServiceManager: Waiting for service AtCmdFwd...
09-11 13:22:48.095   833   852 E BatteryStatsService: no controller energy info supplied
09-11 13:22:48.100   423   423 D WifiHAL : In DebugCommand::handleResponse
09-11 13:22:48.100   423   423 D WifiHAL : len = 4, expected len = 4
09-11 13:22:48.493   423   423 D WifiHAL : In DebugCommand::handleResponse
09-11 13:22:48.493   423   423 D WifiHAL : len = 4, expected len = 4
09-11 13:22:48.106   833   852 I chatty  : uid=1000(system) batterystats-sy identical 1 line
09-11 13:22:48.500   833   852 E BatteryStatsService: no controller energy info supplied
09-11 13:24:01.047   833  1124 W ActivityManager: Background start not allowed: service Intent { act=action.interval.alarm.timer flg=0x4 cmp=com.UCMobile/com.uc.base.multiprocess.server.EventManagerService (has extras) } to com.UCMobile/com.uc.base.multiprocess.server.EventManagerService from pid=-1 uid=10063 pkg=com.UCMobile
09-11 13:24:01.051 13750 13750 I ServiceManager: Waiting for service AtCmdFwd...
09-11 13:24:01.060   423   423 D WifiHAL : In DebugCommand::handleResponse
09-11 13:24:01.060   423   423 D WifiHAL : len = 4, expected len = 4
09-11 13:24:01.072   833   852 E BatteryStatsService: no controller energy info supplied
09-11 13:24:01.078   423   423 D WifiHAL : In DebugCommand::handleResponse
09-11 13:24:01.078   423   423 D WifiHAL : len = 4, expected len = 4
09-11 13:24:01.110 10659 10877 I chatty  : uid=10065(u0_a65) AntiHijackEngin expire 20 lines
09-11 13:24:01.273 13981 13981 I chatty  : uid=10065(u0_a65) expire 1 line
09-11 13:24:01.286   423   423 D WifiHAL : In DebugCommand::handleResponse
09-11 13:24:01.286   423   423 D WifiHAL : len = 4, expected len = 4
09-11 13:24:01.296 10659 13850 I chatty  : uid=10065(u0_a65) com.baidu.BaiduMap:SandBoxProcess expire 1 line
09-11 13:29:13.075 13750 13750 I ServiceManager: Waiting for service AtCmdFwd...
09-11 13:24:01.083   833   852 E BatteryStatsService: no controller energy info supplied
09-11 13:29:13.077   833  1124 W ActivityManager: Background start not allowed: service Intent { act=action.interval.alarm.timer flg=0x4 cmp=com.UCMobile/com.uc.base.multiprocess.server.EventManagerService (has extras) } to com.UCMobile/com.uc.base.multiprocess.server.EventManagerService from pid=-1 uid=10063 pkg=com.UCMobile
09-11 13:29:13.078   423   423 D WifiHAL : In DebugCommand::handleResponse
09-11 13:29:13.079   423   423 D WifiHAL : len = 4, expected len = 4
09-11 13:29:13.145   833   852 E BatteryStatsService: no controller energy info supplied
09-11 13:29:13.522   423   423 D WifiHAL : In DebugCommand::handleResponse
09-11 13:29:13.522   423   423 D WifiHAL : len = 4, expected len = 4
09-11 13:30:59.103 13750 13750 I ServiceManager: Waiting for service AtCmdFwd...
09-11 13:30:59.141   423   423 D WifiHAL : In DebugCommand::handleResponse
09-11 13:30:59.141   423   423 D WifiHAL : len = 4, expected len = 4
09-11 13:29:13.530   833   852 E BatteryStatsService: no controller energy info supplied
09-11 13:30:59.147   833   852 E BatteryStatsService: no controller energy info supplied
09-11 13:34:14.799 13986 13986 I chatty  : uid=10065(u0_a65) com.baidu.BaiduMap:SandBoxProcess expire 2 lines
09-11 13:34:15.156 13750 13750 W Atfwd_Sendcmd: AtCmdFwd service not published, waiting... retryCnt : 2
09-11 13:34:15.172 11181 11181 I chatty  : uid=10065(u0_a65) sec-1-thread-4 expire 17 lines
09-11 13:34:15.182 11181 11181 W sec-1-thread-4: type=1400 audit(0.0:992): avc: denied { getattr } for path="/system/bin/hwservicemanager" dev="dm-0" ino=388 scontext=u:r:untrusted_app:s0:c512,c768 tcontext=u:object_r:hwservicemanager_exec:s0 tclass=file permissive=0
09-11 13:34:15.182 11181 11181 W sec-1-thread-4: type=1400 audit(0.0:993): avc: denied { getattr } for path="/system/bin/idmap" dev="dm-0" ino=390 scontext=u:r:untrusted_app:s0:c512,c768 tcontext=u:object_r:idmap_exec:s0 tclass=file permissive=0
09-11 13:34:15.182 11181 11181 W sec-1-thread-4: type=1400 audit(0.0:994): avc: denied { getattr } for path="/system/bin/incident" dev="dm-0" ino=397 scontext=u:r:untrusted_app:s0:c512,c768 tcontext=u:object_r:incident_exec:s0 tclass=file permissive=0
09-11 13:34:15.182 11181 11181 W sec-1-thread-4: type=1400 audit(0.0:995): avc: denied { getattr } for path="/system/bin/incidentd" dev="dm-0" ino=398 scontext=u:r:untrusted_app:s0:c512,c768 tcontext=u:object_r:incidentd_exec:s0 tclass=file permissive=0
09-11 13:34:15.182 11181 11181 W sec-1-thread-4: type=1400 audit(0.0:996): avc: denied { getattr } for path="/system/bin/init.angler.power.sh" dev="dm-0" ino=399 scontext=u:r:untrusted_app:s0:c512,c768 tcontext=u:object_r:init-power-sh_exec:s0 tclass=file permissive=0
09-11 13:34:15.182 11181 11181 W sec-1-thread-4: type=1400 audit(0.0:997): avc: denied { getattr } for path="/system/bin/init.angler.qseecomd.sh" dev="dm-0" ino=400 scontext=u:r:untrusted_app:s0:c512,c768 tcontext=u:object_r:init-angler-qseecomd-sh_exec:s0 tclass=file permissive=0
09-11 13:34:15.182 11181 11181 W sec-1-thread-4: type=1400 audit(0.0:998): avc: denied { getattr } for path="/system/bin/init.mcfg.sh" dev="dm-0" ino=401 scontext=u:r:untrusted_app:s0:c512,c768 tcontext=u:object_r:init-mcfg-sh_exec:s0 tclass=file permissive=0
09-11 13:34:15.182 11181 11181 W sec-1-thread-4: type=1400 audit(0.0:999): avc: denied { getattr } for path="/system/bin/init.qcom.devstart.sh" dev="dm-0" ino=402 scontext=u:r:untrusted_app:s0:c512,c768 tcontext=u:object_r:init-qcom-devstart-sh_exec:s0 tclass=file permissive=0
09-11 13:34:15.182 11181 11181 W sec-1-thread-4: type=1400 audit(0.0:1000): avc: denied { getattr } for path="/system/bin/init.qcom.devwait.sh" dev="dm-0" ino=403 scontext=u:r:untrusted_app:s0:c512,c768 tcontext=u:object_r:init-qcom-devwait-sh_exec:s0 tclass=file permissive=0
09-11 13:34:15.182 11181 11181 W sec-1-thread-4: type=1400 audit(0.0:1001): avc: denied { getattr } for path="/system/bin/init.radio.sh" dev="dm-0" ino=404 scontext=u:r:untrusted_app:s0:c512,c768 tcontext=u:object_r:init-radio-sh_exec:s0 tclass=file permissive=0
09-11 13:34:15.182 11181 11181 W sec-1-thread-4: type=1400 audit(0.0:1002): avc: denied { getattr } for path="/system/bin/installd" dev="dm-0" ino=408 scontext=u:r:untrusted_app:s0:c512,c768 tcontext=u:object_r:installd_exec:s0 tclass=file permissive=0
09-11 13:34:15.182 11181 11181 W sec-1-thread-4: type=1400 audit(0.0:1003): avc: denied { getattr } for path="/system/bin/keystore" dev="dm-0" ino=420 scontext=u:r:untrusted_app:s0:c512,c768 tcontext=u:object_r:keystore_exec:s0 tclass=file permissive=0
09-11 13:34:15.213   423   423 D WifiHAL : In DebugCommand::handleResponse
09-11 13:34:15.214   423   423 D WifiHAL : len = 4, expected len = 4
09-11 13:34:15.224   833   852 E BatteryStatsService: no controller energy info supplied
09-11 13:34:54.627   423   423 D WifiHAL : In DebugCommand::handleResponse
09-11 13:34:54.627   423   423 D WifiHAL : len = 4, expected len = 4
09-11 13:34:54.679   423   423 D WifiHAL : In DebugCommand::handleResponse
09-11 13:34:54.679   423   423 D WifiHAL : len = 4, expected len = 4
09-11 13:34:54.695 10659 11181 W Settings: Setting adb_enabled has moved from android.provider.Settings.Secure to android.provider.Settings.Global.
09-11 13:34:54.634   833   852 I chatty  : uid=1000(system) batterystats-sy identical 1 line
09-11 13:34:54.685   833   852 E BatteryStatsService: no controller energy info supplied
09-11 13:39:25.095   833  1124 W ActivityManager: Background start not allowed: service Intent { act=action.interval.alarm.timer flg=0x4 cmp=com.UCMobile/com.uc.base.multiprocess.server.EventManagerService (has extras) } to com.UCMobile/com.uc.base.multiprocess.server.EventManagerService from pid=-1 uid=10063 pkg=com.UCMobile
09-11 13:39:25.097   423   423 D WifiHAL : In DebugCommand::handleResponse
09-11 13:39:25.097   423   423 D WifiHAL : len = 4, expected len = 4
09-11 13:39:25.109   833   852 E BatteryStatsService: no controller energy info supplied
09-11 13:39:25.139 11181 11181 W sec-1-thread-4: type=1400 audit(0.0:1055): avc: denied { read } for name="id" dev="proc" ino=4026549176 scontext=u:r:untrusted_app:s0:c512,c768 tcontext=u:object_r:proc:s0 tclass=file permissive=0
09-11 13:39:25.139 11181 11181 W sec-1-thread-4: type=1400 audit(0.0:1056): avc: denied { read } for name="address" dev="sysfs" ino=15694 scontext=u:r:untrusted_app:s0:c512,c768 tcontext=u:object_r:sysfs:s0 tclass=file permissive=0
09-11 13:39:25.139 11181 11181 W sec-1-thread-4: type=1400 audit(0.0:1057): avc: denied { read } for name="address" dev="sysfs" ino=23800 scontext=u:r:untrusted_app:s0:c512,c768 tcontext=u:object_r:sysfs_mac_address:s0 tclass=file permissive=0
09-11 13:39:25.142 11181 11181 W sec-1-thread-4: type=1400 audit(0.0:1058): avc: denied { read } for name="stat" dev="proc" ino=4026548033 scontext=u:r:untrusted_app:s0:c512,c768 tcontext=u:object_r:proc_stat:s0 tclass=file permissive=0
09-11 13:39:25.142 11181 11181 W sec-1-thread-4: type=1400 audit(0.0:1059): avc: denied { search } for name="irq" dev="proc" ino=4026544443 scontext=u:r:untrusted_app:s0:c512,c768 tcontext=u:object_r:proc_irq:s0 tclass=dir permissive=0
09-11 13:39:25.146 11181 11181 W sec-1-thread-4: type=1400 audit(0.0:1060): avc: denied { read } for name="input" dev="tmpfs" ino=10148 scontext=u:r:untrusted_app:s0:c512,c768 tcontext=u:object_r:input_device:s0 tclass=dir permissive=0
09-11 13:39:25.156 11181 11181 W sec-1-thread-4: type=1400 audit(0.0:1061): avc: denied { read } for name="devices" dev="sysfs" ino=4 scontext=u:r:untrusted_app:s0:c512,c768 tcontext=u:object_r:sysfs:s0 tclass=dir permissive=0
09-11 13:39:25.246   423   423 D WifiHAL : In DebugCommand::handleResponse
09-11 13:39:25.246   423   423 D WifiHAL : len = 4, expected len = 4
09-11 13:39:25.379 10659 11181 W System.err: java.lang.SecurityException: getDeviceId: Neither user 10065 nor current process has android.permission.READ_PHONE_STATE.
09-11 13:39:25.385 10659 11181 W System.err: 	at android.os.Parcel.readException(Parcel.java:1942)
09-11 13:39:25.385 10659 11181 W System.err: 	at android.os.Parcel.readException(Parcel.java:1888)
09-11 13:39:25.385 10659 11181 W System.err: 	at com.baidu.sofire.x0.j.d$b.a(XServiceManager.java:230)
09-11 13:39:25.385 10659 11181 W System.err: 	at com.baidu.sofire.x0.j.a.a(EnvironmentDetector.java:1323)
09-11 13:39:25.385 10659 11181 W System.err: 	at com.baidu.sofire.x0.j.a.c(EnvironmentDetector.java:1625)
09-11 13:39:25.385 10659 11181 W System.err: 	at com.baidu.sofire.x0.j.a.b(EnvironmentDetector.java:58)
09-11 13:39:25.385 10659 11181 W System.err: 	at com.baidu.sofire.x0.j.a$1.doRun(EnvironmentDetector.java:171)
09-11 13:39:25.385 10659 11181 W System.err: 	at com.baidu.sofire.x0.e.a.b.run(SecRunnable.java:26)
09-11 13:39:25.385 10659 11181 W System.err: 	at java.util.concurrent.ThreadPoolExecutor.runWorker(ThreadPoolExecutor.java:1162)
09-11 13:39:25.385 10659 11181 W System.err: 	at java.util.concurrent.ThreadPoolExecutor$Worker.run(ThreadPoolExecutor.java:636)
09-11 13:39:25.385 10659 11181 W System.err: 	at java.lang.Thread.run(Thread.java:764)
09-11 13:39:25.391 10659 11181 W System.err: java.lang.SecurityException: getSubscriberId: Neither user 10065 nor current process has android.permission.READ_PHONE_STATE.
09-11 13:39:25.391 10659 11181 W System.err: 	at android.os.Parcel.readException(Parcel.java:1942)
09-11 13:39:25.391 10659 11181 W System.err: 	at android.os.Parcel.readException(Parcel.java:1888)
09-11 13:39:25.391 10659 11181 W System.err: 	at com.baidu.sofire.x0.j.d$b.a(XServiceManager.java:362)
09-11 13:39:25.391 10659 11181 W System.err: 	at com.baidu.sofire.x0.j.a.a(EnvironmentDetector.java:1354)
09-11 13:39:25.391 10659 11181 W System.err: 	at com.baidu.sofire.x0.j.a.c(EnvironmentDetector.java:1625)
09-11 13:39:25.391 10659 11181 W System.err: 	at com.baidu.sofire.x0.j.a.b(EnvironmentDetector.java:58)
09-11 13:39:25.391 10659 11181 W System.err: 	at com.baidu.sofire.x0.j.a$1.doRun(EnvironmentDetector.java:171)
09-11 13:39:25.391 10659 11181 W System.err: 	at com.baidu.sofire.x0.e.a.b.run(SecRunnable.java:26)
09-11 13:39:25.392 10659 11181 W System.err: 	at java.util.concurrent.ThreadPoolExecutor.runWorker(ThreadPoolExecutor.java:1162)
09-11 13:39:25.392 10659 11181 W System.err: 	at java.util.concurrent.ThreadPoolExecutor$Worker.run(ThreadPoolExecutor.java:636)
09-11 13:39:25.392 10659 11181 W System.err: 	at java.lang.Thread.run(Thread.java:764)
09-11 13:39:25.397 10659 11181 W System.err: java.lang.SecurityException: getIccSerialNumber: Neither user 10065 nor current process has android.permission.READ_PHONE_STATE.
09-11 13:39:25.397 10659 11181 W System.err: 	at android.os.Parcel.readException(Parcel.java:1942)
09-11 13:39:25.397 10659 11181 W System.err: 	at android.os.Parcel.readException(Parcel.java:1888)
09-11 13:39:25.397 10659 11181 W System.err: 	at com.baidu.sofire.x0.j.d$b.b(XServiceManager.java:317)
09-11 13:39:25.397 10659 11181 W System.err: 	at com.baidu.sofire.x0.j.a.a(EnvironmentDetector.java:1377)
09-11 13:39:25.397 10659 11181 W System.err: 	at com.baidu.sofire.x0.j.a.c(EnvironmentDetector.java:1625)
09-11 13:39:25.397 10659 11181 W System.err: 	at com.baidu.sofire.x0.j.a.b(EnvironmentDetector.java:58)
09-11 13:39:25.397 10659 11181 W System.err: 	at com.baidu.sofire.x0.j.a$1.doRun(EnvironmentDetector.java:171)
09-11 13:39:25.397 10659 11181 W System.err: 	at com.baidu.sofire.x0.e.a.b.run(SecRunnable.java:26)
09-11 13:39:25.397 10659 11181 W System.err: 	at java.util.concurrent.ThreadPoolExecutor.runWorker(ThreadPoolExecutor.java:1162)
09-11 13:39:25.397 10659 11181 W System.err: 	at java.util.concurrent.ThreadPoolExecutor$Worker.run(ThreadPoolExecutor.java:636)
09-11 13:39:25.397 10659 11181 W System.err: 	at java.lang.Thread.run(Thread.java:764)
09-11 13:40:59.128   423   423 D WifiHAL : In DebugCommand::handleResponse
09-11 13:40:59.128   423   423 D WifiHAL : len = 4, expected len = 4
09-11 13:40:59.120 13986 13986 W pool-7-thread-9: type=1400 audit(0.0:1062): avc: denied { read } for name="address" dev="sysfs" ino=23800 scontext=u:r:untrusted_app:s0:c512,c768 tcontext=u:object_r:sysfs_mac_address:s0 tclass=file permissive=0
09-11 13:40:59.123 13986 13986 W pool-7-thread-9: type=1400 audit(0.0:1063): avc: denied { read } for name="type" dev="sysfs" ino=19026 scontext=u:r:untrusted_app:s0:c512,c768 tcontext=u:object_r:sysfs:s0 tclass=file permissive=0
09-11 13:39:25.251   833   852 E BatteryStatsService: no controller energy info supplied
09-11 13:40:59.147   833   852 E BatteryStatsService: no controller energy info supplied
09-11 13:46:40.113   423   423 D WifiHAL : In DebugCommand::handleResponse
09-11 13:46:40.113   423   423 D WifiHAL : len = 4, expected len = 4
09-11 13:46:40.120   833   852 E BatteryStatsService: no controller energy info supplied
09-11 13:46:40.125   423   423 D WifiHAL : In DebugCommand::handleResponse
09-11 13:46:40.125   423   423 D WifiHAL : len = 4, expected len = 4
09-11 13:46:41.018 13986 13986 W pool-7-thread-9: type=1400 audit(0.0:1064): avc: denied { getattr } for path="/system/bin/atrace" dev="dm-0" ino=299 scontext=u:r:untrusted_app:s0:c512,c768 tcontext=u:object_r:atrace_exec:s0 tclass=file permissive=0
09-11 13:46:41.018 13986 13986 W pool-7-thread-9: type=1400 audit(0.0:1065): avc: denied { getattr } for path="/system/bin/audioserver" dev="dm-0" ino=300 scontext=u:r:untrusted_app:s0:c512,c768 tcontext=u:object_r:audioserver_exec:s0 tclass=file permissive=0
09-11 13:46:41.018 13986 13986 W pool-7-thread-9: type=1400 audit(0.0:1066): avc: denied { getattr } for path="/system/bin/blkid" dev="dm-0" ino=304 scontext=u:r:untrusted_app:s0:c512,c768 tcontext=u:object_r:blkid_exec:s0 tclass=file permissive=0
09-11 13:46:41.018 13986 13986 W pool-7-thread-9: type=1400 audit(0.0:1067): avc: denied { getattr } for path="/system/bin/bootanimation" dev="dm-0" ino=307 scontext=u:r:untrusted_app:s0:c512,c768 tcontext=u:object_r:bootanim_exec:s0 tclass=file permissive=0
09-11 13:46:41.018 13986 13986 W pool-7-thread-9: type=1400 audit(0.0:1068): avc: denied { getattr } for path="/system/bin/bootstat" dev="dm-0" ino=308 scontext=u:r:untrusted_app:s0:c512,c768 tcontext=u:object_r:bootstat_exec:s0 tclass=file permissive=0
09-11 13:46:41.018 13986 13986 W pool-7-thread-9: type=1400 audit(0.0:1069): avc: denied { getattr } for path="/system/bin/cameraserver" dev="dm-0" ino=316 scontext=u:r:untrusted_app:s0:c512,c768 tcontext=u:object_r:cameraserver_exec:s0 tclass=file permissive=0
09-11 13:46:41.018 13986 13986 W pool-7-thread-9: type=1400 audit(0.0:1070): avc: denied { getattr } for path="/system/bin/clatd" dev="dm-0" ino=325 scontext=u:r:untrusted_app:s0:c512,c768 tcontext=u:object_r:clatd_exec:s0 tclass=file permissive=0
09-11 13:46:41.018 13986 13986 W pool-7-thread-9: type=1400 audit(0.0:1071): avc: denied { getattr } for path="/system/bin/dexoptanalyzer" dev="dm-0" ino=346 scontext=u:r:untrusted_app:s0:c512,c768 tcontext=u:object_r:dexoptanalyzer_exec:s0 tclass=file permissive=0
09-11 13:46:41.018 13986 13986 W pool-7-thread-9: type=1400 audit(0.0:1072): avc: denied { getattr } for path="/system/bin/dnsmasq" dev="dm-0" ino=350 scontext=u:r:untrusted_app:s0:c512,c768 tcontext=u:object_r:dnsmasq_exec:s0 tclass=file permissive=0
09-11 13:46:41.018 13986 13986 W pool-7-thread-9: type=1400 audit(0.0:1073): avc: denied { getattr } for path="/system/bin/drmserver" dev="dm-0" ino=353 scontext=u:r:untrusted_app:s0:c512,c768 tcontext=u:object_r:drmserver_exec:s0 tclass=file permissive=0
09-11 13:46:41.018 13986 13986 W pool-7-thread-9: type=1400 audit(0.0:1074): avc: denied { getattr } for path="/system/bin/dumpstate" dev="dm-0" ino=355 scontext=u:r:untrusted_app:s0:c512,c768 tcontext=u:object_r:dumpstate_exec:s0 tclass=file permissive=0
09-11 13:46:41.018 13986 13986 W pool-7-thread-9: type=1400 audit(0.0:1075): avc: denied { getattr } for path="/system/bin/e2fsck" dev="dm-0" ino=357 scontext=u:r:untrusted_app:s0:c512,c768 tcontext=u:object_r:fsck_exec:s0 tclass=file permissive=0
09-11 13:46:41.018 13986 13986 W pool-7-thread-9: type=1400 audit(0.0:1076): avc: denied { getattr } for path="/system/bin/fsck.f2fs" dev="dm-0" ino=370 scontext=u:r:untrusted_app:s0:c512,c768 tcontext=u:object_r:fsck_exec:s0 tclass=file permissive=0
09-11 13:46:41.018 13986 13986 W pool-7-thread-9: type=1400 audit(0.0:1077): avc: denied { getattr } for path="/system/bin/fsck_msdos" dev="dm-0" ino=371 scontext=u:r:untrusted_app:s0:c512,c768 tcontext=u:object_r:fsck_exec:s0 tclass=file permissive=0
09-11 13:46:41.018 13986 13986 W pool-7-thread-9: type=1400 audit(0.0:1078): avc: denied { getattr } for path="/system/bin/gatekeeperd" dev="dm-0" ino=372 scontext=u:r:untrusted_app:s0:c512,c768 tcontext=u:object_r:gatekeeperd_exec:s0 tclass=file permissive=0
09-11 13:46:41.018 13986 13986 W pool-7-thread-9: type=1400 audit(0.0:1079): avc: denied { getattr } for path="/system/bin/healthd" dev="dm-0" ino=382 scontext=u:r:untrusted_app:s0:c512,c768 tcontext=u:object_r:healthd_exec:s0 tclass=file permissive=0
09-11 13:46:41.022 13986 13986 W pool-7-thread-9: type=1400 audit(0.0:1080): avc: denied { getattr } for path="/system/bin/hw/android.hidl.allocator@1.0-service" dev="dm-0" ino=386 scontext=u:r:untrusted_app:s0:c512,c768 tcontext=u:object_r:hal_allocator_default_exec:s0 tclass=file permissive=0
09-11 13:46:41.022 13986 13986 W pool-7-thread-9: type=1400 audit(0.0:1081): avc: denied { getattr } for path="/system/bin/hwservicemanager" dev="dm-0" ino=388 scontext=u:r:untrusted_app:s0:c512,c768 tcontext=u:object_r:hwservicemanager_exec:s0 tclass=file permissive=0
09-11 13:46:41.022 13986 13986 W pool-7-thread-9: type=1400 audit(0.0:1082): avc: denied { getattr } for path="/system/bin/idmap" dev="dm-0" ino=390 scontext=u:r:untrusted_app:s0:c512,c768 tcontext=u:object_r:idmap_exec:s0 tclass=file permissive=0
09-11 13:46:41.022 13986 13986 W pool-7-thread-9: type=1400 audit(0.0:1083): avc: denied { getattr } for path="/system/bin/incident" dev="dm-0" ino=397 scontext=u:r:untrusted_app:s0:c512,c768 tcontext=u:object_r:incident_exec:s0 tclass=file permissive=0
09-11 13:46:41.022 13986 13986 W pool-7-thread-9: type=1400 audit(0.0:1084): avc: denied { getattr } for path="/system/bin/incidentd" dev="dm-0" ino=398 scontext=u:r:untrusted_app:s0:c512,c768 tcontext=u:object_r:incidentd_exec:s0 tclass=file permissive=0
09-11 13:46:41.022 13986 13986 W pool-7-thread-9: type=1400 audit(0.0:1085): avc: denied { getattr } for path="/system/bin/init.angler.power.sh" dev="dm-0" ino=399 scontext=u:r:untrusted_app:s0:c512,c768 tcontext=u:object_r:init-power-sh_exec:s0 tclass=file permissive=0
09-11 13:46:41.022 13986 13986 W pool-7-thread-9: type=1400 audit(0.0:1086): avc: denied { getattr } for path="/system/bin/init.angler.qseecomd.sh" dev="dm-0" ino=400 scontext=u:r:untrusted_app:s0:c512,c768 tcontext=u:object_r:init-angler-qseecomd-sh_exec:s0 tclass=file permissive=0
09-11 13:46:41.022 13986 13986 W pool-7-thread-9: type=1400 audit(0.0:1087): avc: denied { getattr } for path="/system/bin/init.mcfg.sh" dev="dm-0" ino=401 scontext=u:r:untrusted_app:s0:c512,c768 tcontext=u:object_r:init-mcfg-sh_exec:s0 tclass=file permissive=0
09-11 13:46:41.022 13986 13986 W pool-7-thread-9: type=1400 audit(0.0:1088): avc: denied { getattr } for path="/system/bin/init.qcom.devstart.sh" dev="dm-0" ino=402 scontext=u:r:untrusted_app:s0:c512,c768 tcontext=u:object_r:init-qcom-devstart-sh_exec:s0 tclass=file permissive=0
09-11 13:46:41.022 13986 13986 W pool-7-thread-9: type=1400 audit(0.0:1089): avc: denied { getattr } for path="/system/bin/init.qcom.devwait.sh" dev="dm-0" ino=403 scontext=u:r:untrusted_app:s0:c512,c768 tcontext=u:object_r:init-qcom-devwait-sh_exec:s0 tclass=file permissive=0
09-11 13:46:41.022 13986 13986 W pool-7-thread-9: type=1400 audit(0.0:1090): avc: denied { getattr } for path="/system/bin/init.radio.sh" dev="dm-0" ino=404 scontext=u:r:untrusted_app:s0:c512,c768 tcontext=u:object_r:init-radio-sh_exec:s0 tclass=file permissive=0
09-11 13:46:41.022 13986 13986 W pool-7-thread-9: type=1400 audit(0.0:1091): avc: denied { getattr } for path="/system/bin/installd" dev="dm-0" ino=408 scontext=u:r:untrusted_app:s0:c512,c768 tcontext=u:object_r:installd_exec:s0 tclass=file permissive=0
09-11 13:46:41.022 13986 13986 W pool-7-thread-9: type=1400 audit(0.0:1092): avc: denied { getattr } for path="/system/bin/keystore" dev="dm-0" ino=420 scontext=u:r:untrusted_app:s0:c512,c768 tcontext=u:object_r:keystore_exec:s0 tclass=file permissive=0
09-11 13:46:41.022 13986 13986 W pool-7-thread-9: type=1400 audit(0.0:1093): avc: denied { getattr } for path="/system/bin/lmkd" dev="dm-0" ino=430 scontext=u:r:untrusted_app:s0:c512,c768 tcontext=u:object_r:lmkd_exec:s0 tclass=file permissive=0
09-11 13:46:41.022 13986 13986 W pool-7-thread-9: type=1400 audit(0.0:1094): avc: denied { getattr } for path="/system/bin/logd" dev="dm-0" ino=437 scontext=u:r:untrusted_app:s0:c512,c768 tcontext=u:object_r:logd_exec:s0 tclass=file permissive=0
09-11 13:46:41.218   423   423 D WifiHAL : In DebugCommand::handleResponse
09-11 13:46:41.219   423   423 D WifiHAL : len = 4, expected len = 4
09-11 13:46:43.128 11174 11174 W sec-1-thread-1: type=1400 audit(0.0:1232): avc: denied { search } for name="irq" dev="proc" ino=4026544443 scontext=u:r:untrusted_app:s0:c512,c768 tcontext=u:object_r:proc_irq:s0 tclass=dir permissive=0
09-11 13:46:43.142 11174 11174 W sec-1-thread-1: type=1400 audit(0.0:1233): avc: denied { read } for name="partitions" dev="proc" ino=4026548045 scontext=u:r:untrusted_app:s0:c512,c768 tcontext=u:object_r:proc:s0 tclass=file permissive=0
09-11 13:46:43.332 11174 11174 W sec-1-thread-1: type=1400 audit(0.0:1234): avc: denied { search } for name="irq" dev="proc" ino=4026544443 scontext=u:r:untrusted_app:s0:c512,c768 tcontext=u:object_r:proc_irq:s0 tclass=dir permissive=0
09-11 13:46:43.335 11174 11174 W sec-1-thread-1: type=1400 audit(0.0:1235): avc: denied { getattr } for path="/dev/mtp_usb" dev="tmpfs" ino=12454 scontext=u:r:untrusted_app:s0:c512,c768 tcontext=u:object_r:mtp_device:s0 tclass=chr_file permissive=0
09-11 13:46:43.335 11174 11174 W sec-1-thread-1: type=1400 audit(0.0:1236): avc: denied { read } for name="partitions" dev="proc" ino=4026548045 scontext=u:r:untrusted_app:s0:c512,c768 tcontext=u:object_r:proc:s0 tclass=file permissive=0
09-11 13:46:43.338 11174 11174 W sec-1-thread-1: type=1400 audit(0.0:1237): avc: denied { read } for name="devices" dev="sysfs" ino=4 scontext=u:r:untrusted_app:s0:c512,c768 tcontext=u:object_r:sysfs:s0 tclass=dir permissive=0
09-11 13:46:43.382 14007 14007 W cat     : type=1400 audit(0.0:1238): avc: denied { read } for name="address" dev="sysfs" ino=23800 scontext=u:r:untrusted_app:s0:c512,c768 tcontext=u:object_r:sysfs_mac_address:s0 tclass=file permissive=0
09-11 13:46:43.393   423   423 D WifiHAL : In DebugCommand::handleResponse
09-11 13:46:43.393   423   423 D WifiHAL : len = 4, expected len = 4
09-11 13:46:43.425 14008 14008 W cat     : type=1400 audit(0.0:1239): avc: denied { read } for name="address" dev="sysfs" ino=23800 scontext=u:r:untrusted_app:s0:c512,c768 tcontext=u:object_r:sysfs_mac_address:s0 tclass=file permissive=0
09-11 13:46:43.439   423   423 D WifiHAL : In DebugCommand::handleResponse
09-11 13:46:43.440   423   423 D WifiHAL : len = 4, expected len = 4
09-11 13:46:43.475 14009 14009 W cat     : type=1400 audit(0.0:1240): avc: denied { read } for name="address" dev="sysfs" ino=23800 scontext=u:r:untrusted_app:s0:c512,c768 tcontext=u:object_r:sysfs_mac_address:s0 tclass=file permissive=0
09-11 13:46:43.566 10659 11174 W System.err: java.lang.SecurityException: getDeviceId: Neither user 10065 nor current process has android.permission.READ_PHONE_STATE.
09-11 13:46:43.567 10659 11174 W System.err: 	at android.os.Parcel.readException(Parcel.java:1942)
09-11 13:46:43.567 10659 11174 W System.err: 	at android.os.Parcel.readException(Parcel.java:1888)
09-11 13:46:43.567 10659 11174 W System.err: 	at com.baidu.sofire.x0.j.d$b.a(XServiceManager.java:230)
09-11 13:46:43.568 10659 11174 W System.err: 	at com.baidu.sofire.x0.k.h.a(ParseAllData.java:280)
09-11 13:46:43.568 10659 11174 W System.err: 	at com.baidu.sofire.x0.k.d.a(HandleData.java:29)
09-11 13:46:43.568 10659 11174 W System.err: 	at com.baidu.sofire.x0.k.j$2.doRun(RpSD.java:101)
09-11 13:46:43.568 10659 11174 W System.err: 	at com.baidu.sofire.x0.e.a.b.run(SecRunnable.java:26)
09-11 13:46:43.568 10659 11174 W System.err: 	at java.util.concurrent.ThreadPoolExecutor.runWorker(ThreadPoolExecutor.java:1162)
09-11 13:46:43.568 10659 11174 W System.err: 	at java.util.concurrent.ThreadPoolExecutor$Worker.run(ThreadPoolExecutor.java:636)
09-11 13:46:43.568 10659 11174 W System.err: 	at java.lang.Thread.run(Thread.java:764)
09-11 13:46:43.574 10659 11174 W System.err: java.lang.SecurityException: getSubscriberId: Neither user 10065 nor current process has android.permission.READ_PHONE_STATE.
09-11 13:46:43.575 10659 11174 W System.err: 	at android.os.Parcel.readException(Parcel.java:1942)
09-11 13:46:43.575 10659 11174 W System.err: 	at android.os.Parcel.readException(Parcel.java:1888)
09-11 13:46:43.575 10659 11174 W System.err: 	at com.baidu.sofire.x0.j.d$b.a(XServiceManager.java:362)
09-11 13:46:43.575 10659 11174 W System.err: 	at com.baidu.sofire.x0.k.h.a(ParseAllData.java:289)
09-11 13:46:43.575 10659 11174 W System.err: 	at com.baidu.sofire.x0.k.d.a(HandleData.java:29)
09-11 13:46:43.575 10659 11174 W System.err: 	at com.baidu.sofire.x0.k.j$2.doRun(RpSD.java:101)
09-11 13:46:43.575 10659 11174 W System.err: 	at com.baidu.sofire.x0.e.a.b.run(SecRunnable.java:26)
09-11 13:46:43.575 10659 11174 W System.err: 	at java.util.concurrent.ThreadPoolExecutor.runWorker(ThreadPoolExecutor.java:1162)
09-11 13:46:43.575 10659 11174 W System.err: 	at java.util.concurrent.ThreadPoolExecutor$Worker.run(ThreadPoolExecutor.java:636)
09-11 13:46:43.575 10659 11174 W System.err: 	at java.lang.Thread.run(Thread.java:764)
09-11 13:46:43.579 10659 11174 W System.err: java.lang.SecurityException: getIccSerialNumber: Neither user 10065 nor current process has android.permission.READ_PHONE_STATE.
09-11 13:46:43.580 10659 11174 W System.err: 	at android.os.Parcel.readException(Parcel.java:1942)
09-11 13:46:43.580 10659 11174 W System.err: 	at android.os.Parcel.readException(Parcel.java:1888)
09-11 13:46:43.580 10659 11174 W System.err: 	at com.baidu.sofire.x0.j.d$b.b(XServiceManager.java:317)
09-11 13:46:43.580 10659 11174 W System.err: 	at com.baidu.sofire.x0.k.h.a(ParseAllData.java:293)
09-11 13:46:43.580 10659 11174 W System.err: 	at com.baidu.sofire.x0.k.d.a(HandleData.java:29)
09-11 13:46:43.580 10659 11174 W System.err: 	at com.baidu.sofire.x0.k.j$2.doRun(RpSD.java:101)
09-11 13:46:43.580 10659 11174 W System.err: 	at com.baidu.sofire.x0.e.a.b.run(SecRunnable.java:26)
09-11 13:46:43.580 10659 11174 W System.err: 	at java.util.concurrent.ThreadPoolExecutor.runWorker(ThreadPoolExecutor.java:1162)
09-11 13:46:43.580 10659 11174 W System.err: 	at java.util.concurrent.ThreadPoolExecutor$Worker.run(ThreadPoolExecutor.java:636)
09-11 13:46:43.580 10659 11174 W System.err: 	at java.lang.Thread.run(Thread.java:764)
09-11 13:46:43.713  5957 14010 D SogouApm: ❖ com.sohu.inputmethod.sogou/ArgusApmConfigManager  ❖  start down cloud file
09-11 13:46:43.867  5957 14010 D SogouApm: ❖ com.sohu.inputmethod.sogou/CloudRule  ❖  config update success
09-11 13:46:43.900  5957  5957 D SogouApm: ❖ com.sohu.inputmethod.sogou/ArgusApmConfigManager  ❖  initLocalData success
09-11 13:46:43.906  6540  6540 D SogouApm: ❖ com.sohu.inputmethod.sogou:classic/ArgusApmConfigManager  ❖  initLocalData success
09-11 13:46:43.908  5957  5957 D SogouApm: ❖ com.sohu.inputmethod.sogou/Manager  ❖  startWork ：apm.disable
09-11 13:46:43.916  6540  6540 D SogouApm: ❖ com.sohu.inputmethod.sogou:classic/Manager  ❖  startWork ：apm.disable
09-11 13:46:44.459 13750 13750 I ServiceManager: Waiting for service AtCmdFwd...
09-11 13:46:45.168  8857  8857 I chromium: [INFO:CONSOLE(2)] "Uncaught (in promise) #<Object>", source: https://g.alicdn.com/dingding/h5-attendance/0.9.57/lib/merge.js?dd_cache=true (2)
09-11 13:46:45.184   423   423 I WifiHAL : Got channel list with 11 channels
09-11 13:46:45.201   423   423 I WifiHAL : Got channel list with 9 channels
09-11 13:46:45.220   423   423 I WifiHAL : Got channel list with 15 channels
09-11 13:46:45.461 13750 13750 I ServiceManager: Waiting for service AtCmdFwd...
09-11 13:46:46.462 13750 13750 I ServiceManager: Waiting for service AtCmdFwd...
09-11 13:46:47.464 13750 13750 I ServiceManager: Waiting for service AtCmdFwd...
09-11 13:46:48.465 13750 13750 W Atfwd_Sendcmd: AtCmdFwd service not published, waiting... retryCnt : 3
09-11 13:47:12.365   423   423 D WifiHAL : In DebugCommand::handleResponse
09-11 13:47:12.365   423   423 D WifiHAL : len = 4, expected len = 4
09-11 13:49:26.174   423   423 D WifiHAL : In DebugCommand::handleResponse
09-11 13:49:26.174   423   423 D WifiHAL : len = 4, expected len = 4
09-11 13:46:41.225   833   852 I chatty  : uid=1000(system) batterystats-sy identical 2 lines
09-11 13:47:12.383   833   852 E BatteryStatsService: no controller energy info supplied
09-11 13:49:26.180   833   852 E BatteryStatsService: no controller energy info supplied
09-11 13:50:59.146   423   423 D WifiHAL : In DebugCommand::handleResponse
09-11 13:50:59.146   423   423 D WifiHAL : len = 4, expected len = 4
09-11 13:50:59.153   833   852 E BatteryStatsService: no controller energy info supplied
09-11 13:51:47.054   423   423 D WifiHAL : In DebugCommand::handleResponse
09-11 13:51:47.055   423   423 D WifiHAL : len = 4, expected len = 4
09-11 13:51:47.057   833  1124 W ActivityManager: Background start not allowed: service Intent { act=action.interval.alarm.timer flg=0x4 cmp=com.UCMobile/com.uc.base.multiprocess.server.EventManagerService (has extras) } to com.UCMobile/com.uc.base.multiprocess.server.EventManagerService from pid=-1 uid=10063 pkg=com.UCMobile
09-11 13:51:47.069   833   852 E BatteryStatsService: no controller energy info supplied
09-11 13:51:47.079   423   423 D WifiHAL : In DebugCommand::handleResponse
09-11 13:51:47.079   423   423 D WifiHAL : len = 4, expected len = 4
09-11 13:51:47.085   833   852 E BatteryStatsService: no controller energy info supplied
09-11 13:51:47.343   833  5934 W ActivityManager: Background start not allowed: service Intent { act=com.UCMobile.intent.action.FRIEND flg=0x20 cmp=com.UCMobile/com.uc.base.push.dex.PushFriendBridge (has extras) } to com.UCMobile/com.uc.base.push.dex.PushFriendBridge from pid=7427 uid=10063 pkg=com.UCMobile
09-11 13:56:00.522   423   423 D WifiHAL : In DebugCommand::handleResponse
09-11 13:56:00.523   423   423 D WifiHAL : len = 4, expected len = 4
09-11 13:56:00.528   833   852 E BatteryStatsService: no controller energy info supplied
09-11 14:00:31.102   833  1124 W ActivityManager: Background start not allowed: service Intent { act=action.interval.alarm.timer flg=0x4 cmp=com.UCMobile/com.uc.base.multiprocess.server.EventManagerService (has extras) } to com.UCMobile/com.uc.base.multiprocess.server.EventManagerService from pid=-1 uid=10063 pkg=com.UCMobile
09-11 14:00:31.109   423   423 D WifiHAL : In DebugCommand::handleResponse
09-11 14:00:31.109   423   423 D WifiHAL : len = 4, expected len = 4
09-11 14:00:31.103   833  1124 W ActivityManager: Background start not allowed: service Intent { act=action.interval.alarm.timer flg=0x4 cmp=com.UCMobile/com.uc.base.multiprocess.server.EventManagerService (has extras) } to com.UCMobile/com.uc.base.multiprocess.server.EventManagerService from pid=-1 uid=10063 pkg=com.UCMobile
09-11 14:00:31.116   833   852 E BatteryStatsService: no controller energy info supplied
09-11 14:00:59.589   423   423 D WifiHAL : In DebugCommand::handleResponse
09-11 14:00:59.589   423   423 D WifiHAL : len = 4, expected len = 4
09-11 14:04:32.126   423   423 D WifiHAL : In DebugCommand::handleResponse
09-11 14:04:32.126   423   423 D WifiHAL : len = 4, expected len = 4
09-11 14:00:59.595   833   852 E BatteryStatsService: no controller energy info supplied
09-11 14:04:32.142   833   852 E BatteryStatsService: no controller energy info supplied
09-11 14:04:32.902   423   423 D WifiHAL : In DebugCommand::handleResponse
09-11 14:04:32.902   423   423 D WifiHAL : len = 4, expected len = 4
09-11 14:07:02.180   423   423 D WifiHAL : In DebugCommand::handleResponse
09-11 14:07:02.180   423   423 D WifiHAL : len = 4, expected len = 4
09-11 14:04:32.920   833   852 E BatteryStatsService: no controller energy info supplied
09-11 14:07:02.199   833   852 E BatteryStatsService: no controller energy info supplied
09-11 14:07:02.210 10659 11010 E ActivityThread: Failed to find provider info for com.baidu.BaiduMap.BaiduGidContentProvider
09-11 14:07:02.230   833   848 I chatty  : uid=1000(system) android.bg expire 5 lines
09-11 14:07:02.249 11010 11010 W pool-11-thread-: type=1400 audit(0.0:1241): avc: denied { read } for name="version" dev="proc" ino=4026548035 scontext=u:r:untrusted_app:s0:c512,c768 tcontext=u:object_r:proc:s0 tclass=file permissive=0
09-11 14:07:02.257   423   423 D WifiHAL : In DebugCommand::handleResponse
09-11 14:07:02.257   423   423 D WifiHAL : len = 4, expected len = 4
09-11 14:07:02.265   833   852 E BatteryStatsService: no controller energy info supplied
09-11 14:07:33.050   423   423 D WifiHAL : In DebugCommand::handleResponse
09-11 14:07:33.051   423   423 D WifiHAL : len = 4, expected len = 4
09-11 14:07:33.117   423   423 D WifiHAL : In DebugCommand::handleResponse
09-11 14:07:33.117   423   423 D WifiHAL : len = 4, expected len = 4
09-11 14:10:59.090 13750 13750 I ServiceManager: Waiting for service AtCmdFwd...
09-11 14:10:59.093   423   423 D WifiHAL : In DebugCommand::handleResponse
09-11 14:10:59.093   423   423 D WifiHAL : len = 4, expected len = 4
09-11 14:07:33.061   833   852 I chatty  : uid=1000(system) batterystats-sy identical 1 line
09-11 14:07:33.124   833   852 E BatteryStatsService: no controller energy info supplied
09-11 14:10:59.099   833   852 E BatteryStatsService: no controller energy info supplied
09-11 14:12:03.080   833  1124 W ActivityManager: Background start not allowed: service Intent { act=action.interval.alarm.timer flg=0x4 cmp=com.UCMobile/com.uc.base.multiprocess.server.EventManagerService (has extras) } to com.UCMobile/com.uc.base.multiprocess.server.EventManagerService from pid=-1 uid=10063 pkg=com.UCMobile
09-11 14:16:31.328 13750 13750 I ServiceManager: Waiting for service AtCmdFwd...
09-11 14:19:26.089   833  1124 W ActivityManager: Background start not allowed: service Intent { act=action.interval.alarm.timer flg=0x4 cmp=com.UCMobile/com.uc.base.multiprocess.server.EventManagerService (has extras) } to com.UCMobile/com.uc.base.multiprocess.server.EventManagerService from pid=-1 uid=10063 pkg=com.UCMobile
09-11 14:19:26.096   423   423 D WifiHAL : In DebugCommand::handleResponse
09-11 14:19:26.096   423   423 D WifiHAL : len = 4, expected len = 4
09-11 14:19:26.124   833   852 E BatteryStatsService: no controller energy info supplied
09-11 14:19:26.164 13750 13750 I ServiceManager: Waiting for service AtCmdFwd...
09-11 14:19:27.165 13750 13750 I ServiceManager: Waiting for service AtCmdFwd...
09-11 14:19:28.167 13750 13750 W Atfwd_Sendcmd: AtCmdFwd service not published, waiting... retryCnt : 4
09-11 14:19:31.227  5957 14047 D Sogou#Thread: beforeExecute new runnable:Thread[Sogou-Aysnc-Thread#11,4,main],Sogou-Aysnc
09-11 14:20:59.170   423   423 D WifiHAL : In DebugCommand::handleResponse
09-11 14:20:59.170   423   423 D WifiHAL : len = 4, expected len = 4
09-11 14:20:59.181   833   852 E BatteryStatsService: no controller energy info supplied
09-11 14:21:03.084   423   423 D WifiHAL : In DebugCommand::handleResponse
09-11 14:21:03.084   423   423 D WifiHAL : len = 4, expected len = 4
09-11 14:22:35.074   423   423 D WifiHAL : In DebugCommand::handleResponse
09-11 14:22:35.074   423   423 D WifiHAL : len = 4, expected len = 4
09-11 14:21:03.096   833   852 E BatteryStatsService: no controller energy info supplied
09-11 14:22:35.081   833   852 E BatteryStatsService: no controller energy info supplied
09-11 14:22:35.142   423   423 D WifiHAL : In DebugCommand::handleResponse
09-11 14:22:35.142   423   423 D WifiHAL : len = 4, expected len = 4
09-11 14:22:35.148   833   852 E BatteryStatsService: no controller energy info supplied
09-11 14:29:13.082   833  1124 W ActivityManager: Background start not allowed: service Intent { act=action.interval.alarm.timer flg=0x4 cmp=com.UCMobile/com.uc.base.multiprocess.server.EventManagerService (has extras) } to com.UCMobile/com.uc.base.multiprocess.server.EventManagerService from pid=-1 uid=10063 pkg=com.UCMobile
09-11 14:29:13.087   423   423 D WifiHAL : In DebugCommand::handleResponse
09-11 14:29:13.087   423   423 D WifiHAL : len = 4, expected len = 4
09-11 14:29:13.098   833   852 E BatteryStatsService: no controller energy info supplied
09-11 14:29:13.103   423   423 D WifiHAL : In DebugCommand::handleResponse
09-11 14:29:13.103   423   423 D WifiHAL : len = 4, expected len = 4
09-11 14:29:13.466   423   423 I WifiHAL : Got channel list with 11 channels
09-11 14:29:13.469  8857  8857 I chromium: [INFO:CONSOLE(2)] "Uncaught (in promise) #<Object>", source: https://g.alicdn.com/dingding/h5-attendance/0.9.57/lib/merge.js?dd_cache=true (2)
09-11 14:29:13.480   423   423 I WifiHAL : Got channel list with 9 channels
09-11 14:29:13.492   423   423 I WifiHAL : Got channel list with 15 channels
09-11 14:29:13.718  9193  9205 W zygote  : Long monitor contention with owner AppMonitor:1 (9229) at void android.database.sqlite.SQLiteConnection.nativeExecute(long, long)(SQLiteConnection.java:-2) waiters=0 in boolean java.util.Collections$SynchronizedCollection.add(java.lang.Object) for 321ms
09-11 14:29:43.737   423   423 D WifiHAL : In DebugCommand::handleResponse
09-11 14:29:43.737   423   423 D WifiHAL : len = 4, expected len = 4
09-11 14:31:00.224   423   423 D WifiHAL : In DebugCommand::handleResponse
09-11 14:31:00.224   423   423 D WifiHAL : len = 4, expected len = 4
09-11 14:29:13.110   833   852 I chatty  : uid=1000(system) batterystats-sy identical 1 line
09-11 14:29:43.747   833   852 E BatteryStatsService: no controller energy info supplied
09-11 14:31:00.247   833   852 E BatteryStatsService: no controller energy info supplied
09-11 14:34:34.116   423   423 D WifiHAL : In DebugCommand::handleResponse
09-11 14:34:34.116   423   423 D WifiHAL : len = 4, expected len = 4
09-11 14:34:34.129   833   852 E BatteryStatsService: no controller energy info supplied
09-11 14:40:35.243   423   423 D WifiHAL : In DebugCommand::handleResponse
09-11 14:40:35.243   423   423 D WifiHAL : len = 4, expected len = 4
09-11 14:40:35.249   833   852 E BatteryStatsService: no controller energy info supplied
09-11 14:40:59.102   423   423 D WifiHAL : In DebugCommand::handleResponse
09-11 14:40:59.102   423   423 D WifiHAL : len = 4, expected len = 4
09-11 14:40:59.133   833   852 E BatteryStatsService: no controller energy info supplied
09-11 14:46:40.420   833  1124 W ActivityManager: Background start not allowed: service Intent { act=action.interval.alarm.timer flg=0x4 cmp=com.UCMobile/com.uc.base.multiprocess.server.EventManagerService (has extras) } to com.UCMobile/com.uc.base.multiprocess.server.EventManagerService from pid=-1 uid=10063 pkg=com.UCMobile
09-11 14:46:40.421   833   833 I chatty  : uid=1000 system_server expire 1 line
09-11 14:46:40.428   423   423 D WifiHAL : In DebugCommand::handleResponse
09-11 14:46:40.428   423   423 D WifiHAL : len = 4, expected len = 4
09-11 14:46:40.435   833   852 E BatteryStatsService: no controller energy info supplied
09-11 14:46:40.972 13750 13750 I ServiceManager: Waiting for service AtCmdFwd...
09-11 14:46:42.975 13750 13750 I chatty  : uid=1000(system) /vendor/bin/ATFWD-daemon identical 2 lines
09-11 14:46:43.977 13750 13750 I ServiceManager: Waiting for service AtCmdFwd...
09-11 14:46:44.978 13750 13750 W Atfwd_Sendcmd: AtCmdFwd service not published, waiting... retryCnt : 5
09-11 14:49:35.153   423   423 D WifiHAL : In DebugCommand::handleResponse
09-11 14:49:35.153   423   423 D WifiHAL : len = 4, expected len = 4
09-11 14:49:35.162   833   852 E BatteryStatsService: no controller energy info supplied
09-11 14:50:59.244   423   423 D WifiHAL : In DebugCommand::handleResponse
09-11 14:50:59.244   423   423 D WifiHAL : len = 4, expected len = 4
09-11 14:50:59.252   833   852 E BatteryStatsService: no controller energy info supplied
09-11 14:50:59.258   593   884 E QC-QMI  : linux_qmi_qmux_io_wake_lock: Err in writing wakelock=qmuxd_port_wl_0, error [1:Operation not permitted]
09-11 14:50:59.258   593   884 E QC-QMI  : linux_qmi_qmux_io_wake_unlock: Err in writing wakelock=qmuxd_port_wl_0, error [1:Operation not permitted]
09-11 14:50:59.258   593   884 E QC-QMI  : linux_qmi_qmux_io_wake_lock: Err in writing wakelock=qmuxd_port_wl_0, error [1:Operation not permitted]
09-11 14:50:59.258   593   884 E QC-QMI  : linux_qmi_qmux_io_wake_unlock: Err in writing wakelock=qmuxd_port_wl_0, error [1:Operation not permitted]
09-11 14:50:59.253   833   852 E BatteryStatsService: no controller energy info supplied
09-11 14:51:47.082   833  1124 W ActivityManager: Background start not allowed: service Intent { act=action.interval.alarm.timer flg=0x4 cmp=com.UCMobile/com.uc.base.multiprocess.server.EventManagerService (has extras) } to com.UCMobile/com.uc.base.multiprocess.server.EventManagerService from pid=-1 uid=10063 pkg=com.UCMobile
09-11 15:00:59.154  8857  8898 W zygote  : Long monitor contention with owner conn-worker (8892) at void sun.nio.ch.PollArrayWrapper.interrupt(int)(PollArrayWrapper.j