09-11 01:03:47.383   833  2390 I ActivityManager: Process com.android.defcontainer (pid 5911) has died: cch+6CEM 
09-11 01:03:47.440   833  2305 I ActivityManager: Process com.android.providers.calendar (pid 4050) has died: cch+6CEM 
09-11 01:03:47.479   833  3279 I ActivityManager: Process com.android.deskclock (pid 3222) has died: cch+6CEM 
09-11 01:03:47.512 10639 11971 I chatty  : uid=10065(u0_a65) com.baidu.BaiduMap expire 1 line
09-11 01:03:47.863   603   773 D audio_hw_primary: disable_audio_route: usecase(1) reset and update mixer path: low-latency-playback speaker
09-11 01:03:47.881   603   773 D audio_hw_primary: disable_snd_device: snd_device(2: speaker)
09-11 01:03:48.230 10639 12004 I chatty  : uid=10065(u0_a65) com.baidu.BaiduMap expire 1 line
09-11 01:03:48.254 11426 11434 I chatty  : uid=10065(u0_a65) Jit thread pool expire 3 lines
09-11 01:03:48.994  9193  9206 I chatty  : uid=10064(u0_a64) Binder:9193_2 expire 1 line
09-11 01:03:49.847   593   884 E QC-QMI  : linux_qmi_qmux_io_wake_lock: Err in writing wakelock=qmuxd_port_wl_0, error [1:Operation not permitted]
09-11 01:03:49.848   593   884 E QC-QMI  : linux_qmi_qmux_io_wake_unlock: Err in writing wakelock=qmuxd_port_wl_0, error [1:Operation not permitted]
09-11 01:03:53.098   593   884 E QC-QMI  : linux_qmi_qmux_io_wake_lock: Err in writing wakelock=qmuxd_port_wl_0, error [1:Operation not permitted]
09-11 01:03:53.098   593   884 E QC-QMI  : linux_qmi_qmux_io_wake_unlock: Err in writing wakelock=qmuxd_port_wl_0, error [1:Operation not permitted]
09-11 01:03:53.411 11426 11753 I chatty  : uid=10065(u0_a65) com.baidu.BaiduMap:MapCoreService expire 10 lines
09-11 01:03:53.537   592   705 I ThermalEngine: ACTION: GPU - Setting GPU[0] to 305000000
09-11 01:03:53.686 10639 10732 I chatty  : uid=10065(u0_a65) com.baidu.BaiduMap expire 9 lines
09-11 01:03:58.610 11553 11553 I chatty  : uid=10065(u0_a65) com.baidu.BaiduMap expire 2 lines
09-11 01:03:58.670   603  4736 D audio_hw_primary: enable_snd_device: snd_device(2: speaker)
09-11 01:03:58.674   603  4736 D audio_hw_primary: enable_audio_route: usecase(1) apply and update mixer path: low-latency-playback speaker
09-11 01:03:58.685   833  1215 I ActivityManager: START u0 {act=android.intent.action.MAIN cat=[android.intent.category.HOME] flg=0x10200000 cmp=com.android.launcher3/.Launcher (has extras)} from uid 1000
09-11 01:03:58.776   833  1830 I chatty  : uid=1000(system) AudioService expire 2 lines
09-11 01:03:58.998 10639 11555 I chatty  : uid=10065(u0_a65) runTaskSync expire 6 lines
09-11 01:03:59.039   593   884 E QC-QMI  : linux_qmi_qmux_io_wake_lock: Err in writing wakelock=qmuxd_port_wl_0, error [1:Operation not permitted]
09-11 01:03:59.040   593   884 E QC-QMI  : linux_qmi_qmux_io_wake_unlock: Err in writing wakelock=qmuxd_port_wl_0, error [1:Operation not permitted]
09-11 01:03:59.253   593   884 E QC-QMI  : linux_qmi_qmux_io_wake_lock: Err in writing wakelock=qmuxd_port_wl_0, error [1:Operation not permitted]
09-11 01:03:59.254   593   884 E QC-QMI  : linux_qmi_qmux_io_wake_unlock: Err in writing wakelock=qmuxd_port_wl_0, error [1:Operation not permitted]
09-11 01:03:59.380 10639 11557 I chatty  : uid=10065(u0_a65) ctx_run expire 2 lines
09-11 01:03:59.703   603   773 D audio_hw_primary: disable_audio_route: usecase(1) reset and update mixer path: low-latency-playback speaker
09-11 01:03:59.717   603   773 D audio_hw_primary: disable_snd_device: snd_device(2: speaker)
09-11 01:03:59.857 10639 12076 I chatty  : uid=10065(u0_a65) pool-15-thread- expire 2 lines
09-11 01:03:59.887   603  4736 D audio_hw_primary: enable_snd_device: snd_device(2: speaker)
09-11 01:03:59.891   603  4736 D audio_hw_primary: enable_audio_route: usecase(1) apply and update mixer path: low-latency-playback speaker
09-11 01:03:59.972   428   428 E lowmemorykiller: Error writing /proc/4223/oom_score_adj; errno=22
09-11 01:04:00.036   603 11584 D audio_hw_primary: disable_audio_route: usecase(9) reset and update mixer path: audio-record
09-11 01:04:00.044   428   428 E lowmemorykiller: Error writing /proc/2703/oom_score_adj; errno=22
09-11 01:04:00.044   428   428 E lowmemorykiller: Error writing /proc/4223/oom_score_adj; errno=22
09-11 01:04:00.044   428   428 E lowmemorykiller: Error writing /proc/5799/oom_score_adj; errno=22
09-11 01:04:00.058   603 11584 D audio_hw_primary: disable_snd_device: snd_device(35: handset-mic)
09-11 01:04:00.070   603 11584 D sound_trigger_platform: platform_stdev_check_and_update_concurrency: concurrency active 0, tx 0, rx 0, concurrency session_allowed 1
09-11 01:04:00.122   833  2638 I chatty  : uid=1000(system) RenderThread expire 4 lines
09-11 01:04:00.136   603   797 I SoundTriggerHwService::Module: onCallbackEvent no clients
09-11 01:04:00.320   428   428 E lowmemorykiller: Error writing /proc/4223/oom_score_adj; errno=22
09-11 01:04:00.324   428   428 E lowmemorykiller: Error writing /proc/4223/oom_score_adj; errno=22
09-11 01:04:00.350   428   428 E lowmemorykiller: Error writing /proc/2703/oom_score_adj; errno=22
09-11 01:03:59.875   833  1215 I chatty  : uid=1000(system) InputDispatcher identical 6 lines
09-11 01:04:00.196   833  1215 I ActivityManager: START u0 {act=android.intent.action.MAIN cat=[android.intent.category.HOME] flg=0x10200000 cmp=com.android.launcher3/.Launcher (has extras)} from uid 1000
09-11 01:04:00.439   833  2305 I WindowManager: WIN DEATH: Window{961f437 u0 com.android.documentsui/com.android.documentsui.files.FilesActivity}
09-11 01:04:00.441   833   845 I ActivityManager: Process com.android.documentsui (pid 5799) has died: cch+1CAC 
09-11 01:04:00.467   428   428 E lowmemorykiller: Error writing /proc/2703/oom_score_adj; errno=22
09-11 01:04:00.469   833   857 W ActivityManager: setHasOverlayUi called on unknown pid: 5799
09-11 01:04:00.468   428   428 E lowmemorykiller: Error writing /proc/2703/oom_score_adj; errno=22
09-11 01:04:00.486 12092 12092 I chatty  : uid=10065(u0_a65) pool-15-thread- expire 4 lines
09-11 01:04:00.477   833  1215 I ActivityManager: START u0 {act=android.intent.action.MAIN cat=[android.intent.category.HOME] flg=0x10200000 cmp=com.android.launcher3/.Launcher (has extras)} from uid 1000
09-11 01:04:00.561   833  5934 I WindowManager: WIN DEATH: Window{b3d51c4 u0 com.android.settings/com.android.settings.SubSettings}
09-11 01:04:00.574   833  2390 I ActivityManager: Process com.android.settings (pid 2703) has died: cch+1CAC 
09-11 01:04:00.587   833   845 D ConnectivityService: ConnectivityService NetworkRequestInfo binderDied(NetworkRequest [ LISTEN id=15, [ Capabilities: INTERNET&NOT_RESTRICTED&TRUSTED] ], android.os.BinderProxy@27dc76)
09-11 01:04:00.598   833  1803 D WifiService: Client connection lost with reason: 4
09-11 01:04:00.604   833  3274 I WindowManager: WIN DEATH: Window{71fac68 u0 com.android.settings/com.android.settings.Settings}
09-11 01:04:00.608   833  1818 E ConnectivityService: RemoteException caught trying to send a callback msg for NetworkRequest [ LISTEN id=15, [ Capabilities: INTERNET&NOT_RESTRICTED&TRUSTED] ]
09-11 01:04:00.622   833  3279 I WindowManager: WIN DEATH: Window{6eecac8 u0 com.android.settings/com.android.settings.Settings$WifiSettingsActivity}
09-11 01:04:00.630   833  2596 I WindowManager: WIN DEATH: Window{c2f65ef u0 com.android.settings/com.android.settings.Settings$SystemDashboardActivity}
09-11 01:04:00.656   833  3341 I ActivityManager: Process com.UCMobile:ppappstore (pid 7989) has died: cch+4CEM 
09-11 01:04:00.657 10639 12092 I chatty  : uid=10065(u0_a65) pool-15-thread- expire 90 lines
09-11 01:04:00.664   833   857 W ActivityManager: setHasOverlayUi called on unknown pid: 2703
09-11 01:04:00.671   833  1215 I ActivityManager: START u0 {act=android.intent.action.MAIN cat=[android.intent.category.HOME] flg=0x10200000 cmp=com.android.launcher3/.Launcher (has extras)} from uid 1000
09-11 01:04:00.769  3453  3463 I zygote64: Do partial code cache collection, code=249KB, data=160KB
09-11 01:04:00.769  3453  3463 I zygote64: After code cache collection, code=249KB, data=160KB
09-11 01:04:00.769  3453  3463 I zygote64: Increasing code cache capacity to 1024KB
09-11 01:04:00.829   833  2305 I ActivityManager: Process com.android.gallery3d (pid 4312) has died: cch+2CEM 
09-11 01:04:00.879  2312  2312 D StatusBar: disable<e i a s b h r c s q >
09-11 01:04:00.929  2312  2312 D StatusBar: disable<e i a s b h r c s q >
09-11 01:04:01.021   833 12099 I chatty  : uid=1000(system) Binder:833_B expire 7 lines
09-11 01:04:01.047   833   848 I chatty  : uid=1000(system) android.bg expire 12 lines
09-11 01:04:01.052   833  2509 I chatty  : uid=1000(system) Thread-5 expire 14 lines
09-11 01:04:01.072  2312  2335 I zygote64: NativeAllocBackground concurrent copying GC freed 86015(3MB) AllocSpace objects, 0(0B) LOS objects, 49% free, 7MB/14MB, paused 22.485ms total 1.531s
09-11 01:04:01.179   603   773 D audio_hw_primary: disable_audio_route: usecase(1) reset and update mixer path: low-latency-playback speaker
09-11 01:04:01.194   603   773 D audio_hw_primary: disable_snd_device: snd_device(2: speaker)
09-11 01:04:01.257   833  2596 I WindowManager: WIN DEATH: Window{4916a1a u0 com.android.camera2/com.android.camera.CameraActivity}
09-11 01:04:01.260   833 12099 I ActivityManager: Process com.android.camera2 (pid 4223) has died: cch+1CAC 
09-11 01:04:01.301   833   857 W ActivityManager: setHasOverlayUi called on unknown pid: 4223
09-11 01:04:01.412 11426 11753 I PackageParser: map.android.baidu.collada: compat added android.permission.WRITE_EXTERNAL_STORAGE android.permission.READ_PHONE_STATE
09-11 01:04:02.216 10639 10736 I chatty  : uid=10065(u0_a65) com.baidu.BaiduMap expire 3 lines
09-11 01:04:02.500  7280  7280 I ServiceManager: Waiting for service AtCmdFwd...
09-11 01:04:03.502  7280  7280 I ServiceManager: Waiting for service AtCmdFwd...
09-11 01:04:03.519   592   705 I ThermalEngine: ACTION: GPU - Setting GPU[0] to 390000000
09-11 01:04:03.947 10639 10787 I chatty  : uid=10065(u0_a65) com.baidu.BaiduMap expire 3 lines
09-11 01:04:03.964 11426 11753 I chatty  : uid=10065(u0_a65) com.baidu.BaiduMap:MapCoreService expire 1 line
09-11 01:04:04.146 10639 10730 I chatty  : uid=10065(u0_a65) com.baidu.BaiduMap expire 3 lines
09-11 01:04:04.503  7280  7280 I ServiceManager: Waiting for service AtCmdFwd...
09-11 01:04:04.636  2312  2312 D StatusBar: disable<e i a s b h r c s q >
09-11 01:04:04.712 10639 10708 I chatty  : uid=10065(u0_a65) com.baidu.BaiduMap expire 3 lines
09-11 01:04:04.754  2312  2312 D StatusBar: disable<e i a s b h r c s q >
09-11 01:04:04.779   593   884 E QC-QMI  : linux_qmi_qmux_io_wake_lock: Err in writing wakelock=qmuxd_port_wl_0, error [1:Operation not permitted]
09-11 01:04:04.780   593   884 E QC-QMI  : linux_qmi_qmux_io_wake_unlock: Err in writing wakelock=qmuxd_port_wl_0, error [1:Operation not permitted]
09-11 01:04:05.503  7280  7280 I ServiceManager: Waiting for service AtCmdFwd...
09-11 01:04:05.527   833  1216 I PowerManagerService: Going to sleep due to power button (uid 1000)...
09-11 01:04:05.540  2312  2507 W AudioTrack: AUDIO_OUTPUT_FLAG_FAST denied by client; transfer 4, track 44100 Hz, output 48000 Hz
09-11 01:04:05.576   603  4736 D audio_hw_primary: enable_snd_device: snd_device(2: speaker)
09-11 01:04:05.579   603  4736 D audio_hw_primary: enable_audio_route: usecase(1) apply and update mixer path: low-latency-playback speaker
09-11 01:04:06.014   833   859 I DisplayPowerController: Blocking screen off
09-11 01:04:06.026   833   859 I DisplayPowerController: Unblocked screen off after 13 ms
09-11 01:04:06.046   833   859 E KernelCpuSpeedReader: Failed to read cpu-freq: /sys/devices/system/cpu/cpu4/cpufreq/stats/time_in_state (No such file or directory)
09-11 01:04:06.056   833   859 I chatty  : uid=1000(system) PowerManagerSer expire 4 lines
09-11 01:04:06.129   833   859 I DreamManagerService: Entering dreamland.
09-11 01:04:06.129   833   859 I PowerManagerService: Dozing...
09-11 01:04:06.132   833   855 I DreamController: Starting dream: name=ComponentInfo{com.android.systemui/com.android.systemui.doze.DozeService}, isTest=false, canDoze=true, userId=0
09-11 01:04:06.226   603   773 D audio_hw_primary: disable_audio_route: usecase(1) reset and update mixer path: low-latency-playback speaker
09-11 01:04:06.248   603   773 D audio_hw_primary: disable_snd_device: snd_device(2: speaker)
09-11 01:04:06.277   833   857 I DisplayManagerService: Display device changed: DisplayDeviceInfo{"内置屏幕": uniqueId="local:0", 1440 x 2560, modeId 1, defaultModeId 1, supportedModes [{id=1, width=1440, height=2560, fps=60.0}], colorMode 0, supportedColorModes [0, 7, 8, 50, 100, 101, 102, 103], HdrCapabilities android.view.Display$HdrCapabilities@1d6308, density 560, 515.154 x 516.063 dpi, appVsyncOff 2000000, presDeadline 11666667, touch INTERNAL, rotation 0, type BUILT_IN, state OFF, FLAG_DEFAULT_DISPLAY, FLAG_ROTATES_WITH_CONTENT, FLAG_SECURE, FLAG_SUPPORTS_PROTECTED_BUFFERS}
09-11 01:04:06.294   833  1216 I PowerManagerService: Waking up from dozing (uid 1000)...
09-11 01:04:06.310   833   859 E KernelCpuSpeedReader: Failed to read cpu-freq: /sys/devices/system/cpu/cpu4/cpufreq/stats/time_in_state (No such file or directory)
09-11 01:04:06.321   833   859 I DisplayPowerController: Blocking screen on until initial contents have been drawn.
09-11 01:04:06.353   833  2390 I ActivityManager: Activity reported stop, but no longer stopping: ActivityRecord{9f50c96 u0 com.android.launcher3/.Launcher t4}
09-11 01:04:06.393   593   884 E QC-QMI  : linux_qmi_qmux_io_wake_lock: Err in writing wakelock=qmuxd_port_wl_0, error [1:Operation not permitted]
09-11 01:04:06.393   593   884 E QC-QMI  : linux_qmi_qmux_io_wake_unlock: Err in writing wakelock=qmuxd_port_wl_0, error [1:Operation not permitted]
09-11 01:04:06.404   593   884 E QC-QMI  : linux_qmi_qmux_io_wake_lock: Err in writing wakelock=qmuxd_port_wl_0, error [1:Operation not permitted]
09-11 01:04:06.404   593   884 E QC-QMI  : linux_qmi_qmux_io_wake_unlock: Err in writing wakelock=qmuxd_port_wl_0, error [1:Operation not permitted]
09-11 01:04:06.409   833   859 I DreamManagerService: Gently waking up from dream.
09-11 01:04:06.410   833   855 I DreamManagerService: Performing gentle wake from dream.
09-11 01:04:06.410   593   884 E QC-QMI  : linux_qmi_qmux_io_wake_lock: Err in writing wakelock=qmuxd_port_wl_0, error [1:Operation not permitted]
09-11 01:04:06.411   593   884 E QC-QMI  : linux_qmi_qmux_io_wake_unlock: Err in writing wakelock=qmuxd_port_wl_0, error [1:Operation not permitted]
09-11 01:04:06.417   593   884 E QC-QMI  : linux_qmi_qmux_io_wake_lock: Err in writing wakelock=qmuxd_port_wl_0, error [1:Operation not permitted]
09-11 01:04:06.417   593   884 E QC-QMI  : linux_qmi_qmux_io_wake_unlock: Err in writing wakelock=qmuxd_port_wl_0, error [1:Operation not permitted]
09-11 01:04:06.424   593   884 E QC-QMI  : linux_qmi_qmux_io_wake_lock: Err in writing wakelock=qmuxd_port_wl_0, error [1:Operation not permitted]
09-11 01:04:06.424   593   884 E QC-QMI  : linux_qmi_qmux_io_wake_unlock: Err in writing wakelock=qmuxd_port_wl_0, error [1:Operation not permitted]
09-11 01:04:06.431   593   884 E QC-QMI  : linux_qmi_qmux_io_wake_lock: Err in writing wakelock=qmuxd_port_wl_0, error [1:Operation not permitted]
09-11 01:04:06.431   593   884 E QC-QMI  : linux_qmi_qmux_io_wake_unlock: Err in writing wakelock=qmuxd_port_wl_0, error [1:Operation not permitted]
09-11 01:04:06.434   593   884 E QC-QMI  : linux_qmi_qmux_io_wake_lock: Err in writing wakelock=qmuxd_port_wl_0, error [1:Operation not permitted]
09-11 01:04:06.435   593   884 E QC-QMI  : linux_qmi_qmux_io_wake_unlock: Err in writing wakelock=qmuxd_port_wl_0, error [1:Operation not permitted]
09-11 01:04:06.504  7280  7280 W Atfwd_Sendcmd: AtCmdFwd service not published, waiting... retryCnt : 5
09-11 01:04:06.537  2312  2312 D StatusBar: disable<e i a s b h r c s q >
09-11 01:04:06.585   833  2390 I DreamManagerService: Leaving dreamland.
09-11 01:04:06.585   833   855 I DreamManagerService: Performing gentle wake from dream.
09-11 01:04:06.585   833   855 I DreamController: Stopping dream: name=ComponentInfo{com.android.systemui/com.android.systemui.doze.DozeService}, isTest=false, canDoze=true, userId=0
09-11 01:04:06.628   429   527 I chatty  : uid=1000(system) hwcVsyncThread expire 1 line
09-11 01:04:06.632   833  2093 I chatty  : uid=1000(system) PhotonicModulat expire 5 lines
09-11 01:04:06.634   833   857 I DisplayManagerService: Display device changed state: "内置屏幕", ON
09-11 01:04:06.648   593   884 E QC-QMI  : linux_qmi_qmux_io_wake_lock: Err in writing wakelock=qmuxd_port_wl_0, error [1:Operation not permitted]
09-11 01:04:06.648   593   884 E QC-QMI  : linux_qmi_qmux_io_wake_unlock: Err in writing wakelock=qmuxd_port_wl_0, error [1:Operation not permitted]
09-11 01:04:06.650   593   884 E QC-QMI  : linux_qmi_qmux_io_wake_lock: Err in writing wakelock=qmuxd_port_wl_0, error [1:Operation not permitted]
09-11 01:04:06.650   593   884 E QC-QMI  : linux_qmi_qmux_io_wake_unlock: Err in writing wakelock=qmuxd_port_wl_0, error [1:Operation not permitted]
09-11 01:04:06.652   593   884 E QC-QMI  : linux_qmi_qmux_io_wake_lock: Err in writing wakelock=qmuxd_port_wl_0, error [1:Operation not permitted]
09-11 01:04:06.652   593   884 E QC-QMI  : linux_qmi_qmux_io_wake_unlock: Err in writing wakelock=qmuxd_port_wl_0, error [1:Operation not permitted]
09-11 01:04:06.656   593   884 E QC-QMI  : linux_qmi_qmux_io_wake_lock: Err in writing wakelock=qmuxd_port_wl_0, error [1:Operation not permitted]
09-11 01:04:06.656   593   884 E QC-QMI  : linux_qmi_qmux_io_wake_unlock: Err in writing wakelock=qmuxd_port_wl_0, error [1:Operation not permitted]
09-11 01:04:06.658   593   884 E QC-QMI  : linux_qmi_qmux_io_wake_lock: Err in writing wakelock=qmuxd_port_wl_0, error [1:Operation not permitted]
09-11 01:04:06.658   593   884 E QC-QMI  : linux_qmi_qmux_io_wake_unlock: Err in writing wakelock=qmuxd_port_wl_0, error [1:Operation not permitted]
09-11 01:04:06.660   593   884 E QC-QMI  : linux_qmi_qmux_io_wake_lock: Err in writing wakelock=qmuxd_port_wl_0, error [1:Operation not permitted]
09-11 01:04:06.661   593   884 E QC-QMI  : linux_qmi_qmux_io_wake_unlock: Err in writing wakelock=qmuxd_port_wl_0, error [1:Operation not permitted]
09-11 01:04:06.669   593   884 E QC-QMI  : linux_qmi_qmux_io_wake_lock: Err in writing wakelock=qmuxd_port_wl_0, error [1:Operation not permitted]
09-11 01:04:06.669   593   884 E QC-QMI  : linux_qmi_qmux_io_wake_unlock: Err in writing wakelock=qmuxd_port_wl_0, error [1:Operation not permitted]
09-11 01:04:06.671   593   884 E QC-QMI  : linux_qmi_qmux_io_wake_lock: Err in writing wakelock=qmuxd_port_wl_0, error [1:Operation not permitted]
09-11 01:04:06.671   593   884 E QC-QMI  : linux_qmi_qmux_io_wake_unlock: Err in writing wakelock=qmuxd_port_wl_0, error [1:Operation not permitted]
09-11 01:04:06.676   593   884 E QC-QMI  : linux_qmi_qmux_io_wake_lock: Err in writing wakelock=qmuxd_port_wl_0, error [1:Operation not permitted]
09-11 01:04:06.676   593   884 E QC-QMI  : linux_qmi_qmux_io_wake_unlock: Err in writing wakelock=qmuxd_port_wl_0, error [1:Operation not permitted]
09-11 01:04:06.682   593   884 E QC-QMI  : linux_qmi_qmux_io_wake_lock: Err in writing wakelock=qmuxd_port_wl_0, error [1:Operation not permitted]
09-11 01:04:06.683   593   884 E QC-QMI  : linux_qmi_qmux_io_wake_unlock: Err in writing wakelock=qmuxd_port_wl_0, error [1:Operation not permitted]
09-11 01:04:06.683   593   884 E QC-QMI  : linux_qmi_qmux_io_wake_lock: Err in writing wakelock=qmuxd_port_wl_0, error [1:Operation not permitted]
09-11 01:04:06.683   593   884 E QC-QMI  : linux_qmi_qmux_io_wake_unlock: Err in writing wakelock=qmuxd_port_wl_0, error [1:Operation not permitted]
09-11 01:04:06.685   593   884 E QC-QMI  : linux_qmi_qmux_io_wake_lock: Err in writing wakelock=qmuxd_port_wl_0, error [1:Operation not permitted]
09-11 01:04:06.686   593   884 E QC-QMI  : linux_qmi_qmux_io_wake_unlock: Err in writing wakelock=qmuxd_port_wl_0, error [1:Operation not permitted]
09-11 01:04:06.690   593   884 E QC-QMI  : linux_qmi_qmux_io_wake_lock: Err in writing wakelock=qmuxd_port_wl_0, error [1:Operation not permitted]
09-11 01:04:06.690   593   884 E QC-QMI  : linux_qmi_qmux_io_wake_unlock: Err in writing wakelock=qmuxd_port_wl_0, error [1:Operation not permitted]
09-11 01:04:06.713  2564  2564 D ServiceStateProvider: subId=-2
09-11 01:04:06.979   429   527 I qdhwcomposer: handle_blank_event: dpy:0 panel power state: 1
09-11 01:04:06.981   429   429 D qdhwcomposer: hwc_setPowerMode: Done setting mode 2 on display 0
09-11 01:04:07.003  2312  2312 D StatusBar: disable<e i a s b H!R!c s q >
09-11 01:04:07.008  2312  2312 I zygote64: Deoptimizing void com.android.systemui.statusbar.ActivatableNotificationView.updateBackgroundAlpha(float) due to JIT inline cache
09-11 01:04:07.069   833   859 I DisplayPowerController: Unblocked screen on after 748 ms
09-11 01:04:07.071   833   859 W PowerManagerService: Screen on took 866 ms
09-11 01:04:07.214  2312  2312 W KeyguardUpdateMonitor: invalid subId in handleServiceStateChange()
09-11 01:04:07.443  6790  6790 I chatty  : uid=10063(u0_a63) BackgroundHandl expire 23 lines
09-11 01:04:07.614   833  1804 I chatty  : uid=1000(system) WifiStateMachin expire 11 lines
09-11 01:04:07.639   423   423 I chatty  : uid=1010 wifi@1.0-servic expire 10 lines
09-11 01:04:08.042 10659 11004 E ActivityThread: Failed to find provider info for com.baidu.BaiduMap.BaiduGidContentProvider
09-11 01:04:08.278  5957 12211 D Sogou#Thread: beforeExecute new runnable:Thread[Sogou-Background-Thread#18,3,main],Sogou-Background
09-11 01:04:09.273 10639 10888 I chatty  : uid=10065(u0_a65) Nirvana-ThreadF expire 4 lines
09-11 01:04:09.613  2312  2670 I vol.Events: writeEvent active_stream_changed STREAM_RING
09-11 01:04:09.626  2312  2670 I vol.Events: writeEvent key STREAM_RING 5
09-11 01:04:09.638  2312  2312 I vol.Events: writeEvent show_dialog volume_changed keyguard=true
09-11 01:04:09.845  2312  2312 W StatusBar: removeNotification for unknown key: 0|com.baidu.BaiduMap|3|null|10065
09-11 01:04:11.132   833   849 E KernelCpuSpeedReader: Failed to read cpu-freq: /sys/devices/system/cpu/cpu4/cpufreq/stats/time_in_state (No such file or directory)
09-11 01:04:12.470   593   884 E QC-QMI  : linux_qmi_qmux_io_wake_lock: Err in writing wakelock=qmuxd_port_wl_0, error [1:Operation not permitted]
09-11 01:04:12.470   593   884 E QC-QMI  : linux_qmi_qmux_io_wake_unlock: Err in writing wakelock=qmuxd_port_wl_0, error [1:Operation not permitted]
09-11 01:04:12.647  2312  2312 I vol.Events: writeEvent dismiss_dialog timeout
09-11 01:04:12.650  2312  2670 I vol.Events: writeEvent active_stream_changed UNKNOWN_STREAM_-1
09-11 01:04:19.550   592   705 I ThermalEngine: ACTION: GPU - Setting GPU[0] to 450000000
09-11 01:04:20.113 12229 12229 I chatty  : uid=10065(u0_a65) expire 1 line
09-11 01:04:20.143   593   884 E QC-QMI  : linux_qmi_qmux_io_wake_lock: Err in writing wakelock=qmuxd_port_wl_0, error [1:Operation not permitted]
09-11 01:04:20.144   593   884 E QC-QMI  : linux_qmi_qmux_io_wake_unlock: Err in writing wakelock=qmuxd_port_wl_0, error [1:Operation not permitted]
09-11 01:04:20.786 11175 11175 I chatty  : uid=10065(u0_a65) sec-1-thread-2 expire 1 line
09-11 01:04:21.292 10659 10670 I chatty  : uid=10065(u0_a65) HeapTaskDaemon expire 2 lines
09-11 01:04:22.336 12232 12232 I chatty  : uid=10065(u0_a65) expire 1 line
09-11 01:04:22.362 10659 11362 I chatty  : uid=10065(u0_a65) BackgroundThrea expire 1 line
09-11 01:04:22.973   833   859 I PowerManagerService: Going to sleep due to screen timeout (uid 1000)...
09-11 01:04:23.463   833   859 I DisplayPowerController: Blocking screen off
09-11 01:04:23.471   833   859 I DisplayPowerController: Unblocked screen off after 9 ms
09-11 01:04:23.504   429   429 D SurfaceFlinger: Set power mode=0, type=0 flinger=0x721ec5e000
09-11 01:04:23.505   833   857 I DisplayManagerService: Display device changed state: "内置屏幕", OFF
09-11 01:04:23.505   833   859 I DreamManagerService: Entering dreamland.
09-11 01:04:23.505   833   859 I PowerManagerService: Dozing...
09-11 01:04:23.505   833   855 I DreamController: Starting dream: name=ComponentInfo{com.android.systemui/com.android.systemui.doze.DozeService}, isTest=false, canDoze=true, userId=0
09-11 01:04:23.507   429   429 D qdhwcomposer: hwc_setPowerMode: Setting mode 0 on display: 0
09-11 01:04:23.517   593   884 E QC-QMI  : linux_qmi_qmux_io_wake_lock: Err in writing wakelock=qmuxd_port_wl_0, error [1:Operation not permitted]
09-11 01:04:23.517   593   884 E QC-QMI  : linux_qmi_qmux_io_wake_unlock: Err in writing wakelock=qmuxd_port_wl_0, error [1:Operation not permitted]
09-11 01:04:23.518   593   884 E QC-QMI  : linux_qmi_qmux_io_wake_lock: Err in writing wakelock=qmuxd_port_wl_0, error [1:Operation not permitted]
09-11 01:04:23.519   593   884 E QC-QMI  : linux_qmi_qmux_io_wake_unlock: Err in writing wakelock=qmuxd_port_wl_0, error [1:Operation not permitted]
09-11 01:04:23.522   593   884 E QC-QMI  : linux_qmi_qmux_io_wake_lock: Err in writing wakelock=qmuxd_port_wl_0, error [1:Operation not permitted]
09-11 01:04:23.522   593   884 E QC-QMI  : linux_qmi_qmux_io_wake_unlock: Err in writing wakelock=qmuxd_port_wl_0, error [1:Operation not permitted]
09-11 01:04:23.524   593   884 E QC-QMI  : linux_qmi_qmux_io_wake_lock: Err in writing wakelock=qmuxd_port_wl_0, error [1:Operation not permitted]
09-11 01:04:23.524   593   884 E QC-QMI  : linux_qmi_qmux_io_wake_unlock: Err in writing wakelock=qmuxd_port_wl_0, error [1:Operation not permitted]
09-11 01:04:23.529   593   884 E QC-QMI  : linux_qmi_qmux_io_wake_lock: Err in writing wakelock=qmuxd_port_wl_0, error [1:Operation not permitted]
09-11 01:04:23.529   593   884 E QC-QMI  : linux_qmi_qmux_io_wake_unlock: Err in writing wakelock=qmuxd_port_wl_0, error [1:Operation not permitted]
09-11 01:04:23.531   593   884 E QC-QMI  : linux_qmi_qmux_io_wake_lock: Err in writing wakelock=qmuxd_port_wl_0, error [1:Operation not permitted]
09-11 01:04:23.531   593   884 E QC-QMI  : linux_qmi_qmux_io_wake_unlock: Err in writing wakelock=qmuxd_port_wl_0, error [1:Operation not permitted]
09-11 01:04:23.536   593   884 E QC-QMI  : linux_qmi_qmux_io_wake_lock: Err in writing wakelock=qmuxd_port_wl_0, error [1:Operation not permitted]
09-11 01:04:23.537   593   884 E QC-QMI  : linux_qmi_qmux_io_wake_unlock: Err in writing wakelock=qmuxd_port_wl_0, error [1:Operation not permitted]
09-11 01:04:23.610 12250 12250 I chatty  : uid=10065(u0_a65) com.baidu.BaiduMap:SandBoxProcess expire 14 lines
09-11 01:04:23.811   429   527 I qdhwcomposer: handle_blank_event: dpy:0 panel power state: 0
09-11 01:04:23.812   429   429 D qdhwcomposer: hwc_setPowerMode: Done setting mode 0 on display 0
09-11 01:04:23.830  2312  2312 D StatusBar: disable<e i a s b H R c s q >
09-11 01:04:24.879  5957 12262 D Sogou#Thread: beforeExecute new runnable:Thread[Sogou-Background-Thread#20,3,main],Sogou-Background
09-11 01:04:24.880  5957 12261 D Sogou#Thread: beforeExecute new runnable:Thread[Sogou-Background-Thread#19,3,main],Sogou-Background
09-11 01:04:34.741  7280  7280 I Atfwd_Sendcmd: AtCmdFwd service not ready - Exhausted retry attempts - :6
09-11 01:04:34.743  7280  7280 I Atfwd_Daemon: result : -1 	 ,Init step :2 	 ,qmiErrorCode: 0
09-11 01:04:34.745   592   705 I ThermalEngine: ACTION: GPU - Setting GPU[0] to 510000000
09-11 01:04:52.622   592   705 I ThermalEngine: ACTION: GPU - Setting GPU[0] to 600000000
09-11 01:04:54.053 12250 12250 I chatty  : uid=10065(u0_a65) com.baidu.BaiduMap:SandBoxProcess expire 22 lines
09-11 01:05:49.116   833   852 E BatteryStatsService: no controller energy info supplied
09-11 01:05:49.134   423   423 I chatty  : uid=1010 wifi@1.0-servic expire 24 lines
09-11 01:08:01.988  7280  7283 E QC-QMI  : qmi_client [7280] 20: failed to locate client data
09-11 01:08:01.990   593   593 E QC-QMI  : qmuxd: RX on fd=16 returned error=0 errno[2:No such file or directory]
09-11 01:08:01.994   593   593 E QC-QMI  : QMUX qmux_client_id=20 not found in qmux client list, unable to remove
09-11 01:08:01.995  7280  7280 I Atfwd_Daemon: Stop the daemon....
09-11 01:08:02.094 12316 12316 I libmdmdetect: ESOC framework not supported
09-11 01:08:02.095 12316 12316 I libmdmdetect: Found internal modem: modem
09-11 01:08:02.107 12316 12316 I Atfwd_Daemon: result : 255 	 ,Init step :0 	 ,qmiErrorCode: 0
09-11 01:08:02.107 12316 12316 I Atfwd_Daemon: result : 0 	 ,Init step :1 	 ,qmiErrorCode: 0
09-11 01:08:02.109 12316 12316 I ServiceManager: Waiting for service AtCmdFwd...
09-11 01:08:01.452   833   852 I chatty  : uid=1000(system) batterystats-sy identical 7 lines
09-11 01:08:01.548   833   852 E BatteryStatsService: no controller energy info supplied
09-11 01:09:27.884   833   852 E BatteryStatsService: no controller energy info supplied
09-11 01:09:28.180 12316 12316 I ServiceManager: Waiting for service AtCmdFwd...
09-11 01:09:29.181 12316 12316 I ServiceManager: Waiting for service AtCmdFwd...
09-11 01:09:27.914   833   852 E BatteryStatsService: no controller energy info supplied
09-11 01:10:58.879   833   852 E BatteryStatsService: no controller energy info supplied
09-11 01:11:28.420   423   423 I chatty  : uid=1010 wifi@1.0-servic expire 10 lines
09-11 01:11:28.423 12316 12316 I ServiceManager: Waiting for service AtCmdFwd...
09-11 01:11:29.424 12316 12316 W Atfwd_Sendcmd: AtCmdFwd service not published, waiting... retryCnt : 1
09-11 01:11:28.443   833   852 I chatty  : uid=1000(system) batterystats-sy identical 2 lines
09-11 01:11:28.867   833   852 E BatteryStatsService: no controller energy info supplied
09-11 01:16:34.761   833   852 E BatteryStatsService: no controller energy info supplied
09-11 01:16:39.920  2312  2325 I zygote64: Do full code cache collection, code=1016KB, data=631KB
09-11 01:16:39.925  2312  2325 I zygote64: After code cache collection, code=949KB, data=546KB
09-11 01:16:40.501 12316 12316 I ServiceManager: Waiting for service AtCmdFwd...
09-11 01:16:41.503 12316 12316 I chatty  : uid=1000(system) /vendor/bin/ATFWD-daemon identical 20 lines
09-11 01:16:42.546 12330 12330 I chatty  : uid=10065(u0_a65) expire 1 line
09-11 01:16:42.549 12331 12331 I chatty  : uid=10065(u0_a65) expire 1 line
09-11 01:16:42.560   423   423 I chatty  : uid=1010 wifi@1.0-servic expire 175 lines
09-11 01:16:34.802   833   852 E BatteryStatsService: no controller energy info supplied
09-11 01:18:06.468   833   852 E BatteryStatsService: no controller energy info supplied
09-11 01:18:30.849   833   852 I chatty  : uid=1000(system) batterystats-sy identical 2 lines
09-11 01:18:42.405   833   852 E BatteryStatsService: no controller energy info supplied
09-11 01:20:58.852   833   852 E BatteryStatsService: no controller energy info supplied
09-11 01:21:45.873   833   852 E BatteryStatsService: no controller energy info supplied
09-11 01:24:01.809   833   852 E BatteryStatsService: no controller energy info supplied
09-11 01:24:35.071   833   852 E BatteryStatsService: no controller energy info supplied
09-11 01:24:35.076   833   849 W ProcessCpuTracker: Skipping unknown process pid 12343
09-11 01:24:35.081   833   852 E BatteryStatsService: no controller energy info supplied
09-11 01:25:21.921   833   852 I chatty  : uid=1000(system) batterystats-sy identical 2 lines
09-11 01:25:21.942   833   852 E BatteryStatsService: no controller energy info supplied
09-11 01:26:46.877   833   852 E BatteryStatsService: no controller energy info supplied
09-11 01:26:46.910   833   852 I chatty  : uid=1000(system) batterystats-sy identical 1 line
09-11 01:26:47.197   833   852 E BatteryStatsService: no controller energy info supplied
09-11 01:30:58.806   833   852 E BatteryStatsService: no controller energy info supplied
09-11 01:36:49.611   833   852 E BatteryStatsService: no controller energy info supplied
09-11 01:40:58.835   833   852 E BatteryStatsService: no controller energy info supplied
09-11 01:41:49.809   833   852 I chatty  : uid=1000(system) batterystats-sy identical 2 lines
09-11 01:41:50.399   833   852 E BatteryStatsService: no controller energy info supplied
09-11 01:46:51.875   833   852 E BatteryStatsService: no controller energy info supplied
09-11 01:46:56.880   833  1798 I chatty  : uid=1000(system) NetworkStats expire 13 lines
09-11 01:46:51.911   833   852 E BatteryStatsService: no controller energy info supplied
09-11 01:48:26.211   833   852 E BatteryStatsService: no controller energy info supplied
09-11 01:48:26.392   833   852 E BatteryStatsService: no controller energy info supplied
09-11 01:50:58.826   833   852 E BatteryStatsService: no controller energy info supplied
09-11 01:51:57.848   833   845 W ActivityManager: Background start not allowed: service Intent { act=com.UCMobile.intent.action.FRIEND flg=0x20 cmp=com.UCMobile/com.uc.base.push.dex.PushFriendBridge (has extras) } to com.UCMobile/com.uc.base.push.dex.PushFriendBridge from pid=7427 uid=10063 pkg=com.UCMobile
09-11 01:56:58.798   833  1800 I chatty  : uid=1000(system) NetworkPolicy expire 14 lines
09-11 01:56:59.245   833   852 E BatteryStatsService: no controller energy info supplied
09-11 02:00:58.814   833   852 E BatteryStatsService: no controller energy info supplied
09-11 02:01:59.999   833   852 E BatteryStatsService: no controller energy info supplied
09-11 02:03:34.842   833   852 E BatteryStatsService: no controller energy info supplied
09-11 02:07:00.842 10659 11010 E ActivityThread: Failed to find provider info for com.baidu.BaiduMap.BaiduGidContentProvider
09-11 02:07:00.843   833   852 E BatteryStatsService: no controller energy info supplied
09-11 02:08:03.135   833   852 I chatty  : uid=1000(system) batterystats-sy identical 3 lines
09-11 02:08:03.153   833   852 E BatteryStatsService: no controller energy info supplied
09-11 02:10:59.869   833   852 E BatteryStatsService: no controller energy info supplied
09-11 02:12:02.294   833   852 E BatteryStatsService: no controller energy info supplied
09-11 02:18:35.904   833   852 E BatteryStatsService: no controller energy info supplied
09-11 02:18:35.992   833   852 I chatty  : uid=1000(system) batterystats-sy identical 1 line
09-11 02:19:26.892   833   852 E BatteryStatsService: no controller energy info supplied
09-11 02:19:26.919   833   833 I ActivityManager: Start proc 12410:com.UCMobile:deploy/u0a63 for service com.UCMobile/com.uc.deployment.UpgradeDeployJobService
09-11 02:19:26.942   833   852 E BatteryStatsService: no controller energy info supplied
09-11 02:19:27.324 12410 12410 I chatty  : uid=10063(u0_a63) com.UCMobile:deploy expire 3 lines
09-11 02:19:28.948 12410 12440 I chatty  : uid=10063(u0_a63) Thread-21 expire 1 line
09-11 02:19:59.910 12410 12424 I chatty  : uid=10063(u0_a63) HeapTaskDaemon expire 2 lines
09-11 02:19:59.855   833   852 I chatty  : uid=1000(system) batterystats-sy identical 1 line
09-11 02:19:59.930   833   852 E BatteryStatsService: no controller energy info supplied
09-11 02:20:00.324   833  5934 W ActivityManager: Background start not allowed: service Intent { cmp=com.UCMobile/com.uc.browser.core.download.service.RemoteDownloadService (has extras) } to com.UCMobile/com.uc.browser.core.download.service.RemoteDownloadService from pid=12410 uid=10063 pkg=com.UCMobile
09-11 02:20:58.851   833   852 E BatteryStatsService: no controller energy info supplied
09-11 02:20:58.892 12410 12473 I chatty  : uid=10063(u0_a63) com.UCMobile:deploy expire 144 lines
09-11 02:20:59.284   833   852 E BatteryStatsService: no controller energy info supplied
09-11 02:22:31.111   833   852 E BatteryStatsService: no controller energy info supplied
09-11 02:23:00.830   833   852 I chatty  : uid=1000(system) batterystats-sy identical 2 lines
09-11 02:23:00.870   833   852 E BatteryStatsService: no controller energy info supplied
09-11 02:24:32.421   833   852 E BatteryStatsService: no controller energy info supplied
09-11 02:25:55.893 12511 12511 I chatty  : uid=10063(u0_a63) sh expire 1 line
09-11 02:27:02.893   833   852 E BatteryStatsService: no controller energy info supplied
09-11 02:28:34.169   833   852 E BatteryStatsService: no controller energy info supplied
09-11 02:28:34.208   833   852 I chatty  : uid=1000(system) batterystats-sy identical 1 line
09-11 02:29:33.872   833   852 E BatteryStatsService: no controller energy info supplied
09-11 02:30:58.828   833   852 E BatteryStatsService: no controller energy info supplied
09-11 02:30:58.844   833   852 I chatty  : uid=1000(system) batterystats-sy identical 1 line
09-11 02:30:58.856   833   852 E BatteryStatsService: no controller energy info supplied
09-11 02:33:36.845   833   852 E BatteryStatsService: no controller energy info supplied
09-11 02:35:04.932   833   852 E BatteryStatsService: no controller energy info supplied
09-11 02:36:36.079   833   852 E BatteryStatsService: no controller energy info supplied
09-11 02:36:36.094   833   852 E BatteryStatsService: no controller energy info supplied
09-11 02:39:35.844   833   852 E BatteryStatsService: no controller energy info supplied
09-11 02:46:38.656   833   852 E BatteryStatsService: no controller energy info supplied
09-11 02:46:39.980  6171  6171 I chatty  : uid=1010(wifi) /vendor/bin/hw/wpa_supplicant expire 13 lines
09-11 02:46:40.070   833  1811 I chatty  : uid=1000(system) IpManager.wlan0 expire 10 lines
09-11 02:46:40.070   833  1818 D ConnectivityService: NetworkAgentInfo [WIFI () - 100] EVENT_NETWORK_INFO_CHANGED, going from CONNECTED to DISCONNECTED
09-11 02:46:40.070   833  1818 D ConnectivityService: NetworkAgentInfo [WIFI () - 100] got DISCONNECTED, was satisfying 17
09-11 02:46:40.071   833  6272 I chatty  : uid=1000 system_server expire 1 line
09-11 02:46:40.077   612   760 D CommandListener: Setting iface cfg
09-11 02:46:40.090   612   752 I Netd    : Destroyed 62 sockets on 192.168.5.8 in 2.7 ms
09-11 02:46:40.095   833  6274 I chatty  : uid=1000 system_server expire 1 line
09-11 02:46:40.104   612   760 D CommandListener: Clearing all IP addresses on wlan0
09-11 02:46:40.113   833  1813 I chatty  : uid=1000(system) WifiScanningSer expire 12 lines
09-11 02:46:40.115   833   848 I chatty  : uid=1000(system) android.bg expire 17 lines
09-11 02:46:40.115   833  2509 I chatty  : uid=1000(system) Thread-5 expire 10 lines
09-11 02:46:40.125   833   852 E BatteryStatsService: no controller energy info supplied
09-11 02:46:40.149   614   614 I wificond: Pno scan started
09-11 02:46:40.162 11012 11012 I chatty  : uid=10065(u0_a65) pool-11-thread- expire 3 lines
09-11 02:46:40.225   612   760 V IdletimerController: runCmd(/system/bin/ip6tables -w -t raw -D idletimer_raw_PREROUTING -i wlan0 -j IDLETIMER --timeout 15 --label 1 --send_nl_msg 1) res_ipv4=0, res_ipv6=0
09-11 02:46:40.253   612   760 V IdletimerController: runCmd(/system/bin/ip6tables -w -t mangle -D idletimer_mangle_POSTROUTING -o wlan0 -j IDLETIMER --timeout 15 --label 1 --send_nl_msg 1) res_ipv4=0, res_ipv6=0
09-11 02:46:40.254   833  1818 D ConnectivityService: Sending DISCONNECTED broadcast for type 1 NetworkAgentInfo [WIFI () - 100] isDefaultNetwork=true
09-11 02:46:40.273   833   852 E BatteryStatsService: no controller energy info supplied
09-11 02:46:42.650   614   614 I wificond: Pno scan result ready event
09-11 02:46:42.668   614   614 I wificond: Pno scan stopped
09-11 02:46:42.687   614   614 W wificond: Scan is not started. Ignore abort request
09-11 02:46:42.689   833  1804 I chatty  : uid=1000(system) WifiStateMachin expire 11 lines
09-11 02:46:43.095   833  1804 D ConnectivityService: registerNetworkAgent NetworkAgentInfo{ ni{[type: WIFI[], state: CONNECTING/CONNECTING, reason: (unspecified), extra: "5GYHQ", failover: false, available: true, roaming: false, metered: false]}  network{101}  nethandle{433808132830}  lp{{LinkAddresses: []  Routes: [] DnsAddresses: [] Domains: null MTU: 0}}  nc{[ Transports: WIFI Capabilities: NOT_METERED&INTERNET&NOT_RESTRICTED&TRUSTED&NOT_VPN LinkUpBandwidth>=1048576Kbps LinkDnBandwidth>=1048576Kbps]}  Score{20}  everValidated{false}  lastValidated{false}  created{false} lingering{false} explicitlySelected{false} acceptUnvalidated{false} everCaptivePortalDetected{false} lastCaptivePortalDetected{false} }
09-11 02:46:43.095   833  1818 D ConnectivityService: NetworkAgentInfo [WIFI () - 101] EVENT_NETWORK_INFO_CHANGED, going from null to CONNECTING
09-11 02:46:43.172   833 12545 I chatty  : uid=1000 system_server expire 1 line
09-11 02:46:43.194   833 12549 I chatty  : uid=1000 system_server expire 4 lines
09-11 02:46:43.309   833 12547 I chatty  : uid=1000 system_server expire 8 lines
09-11 02:46:43.673   833  5934 W BroadcastQueue: Background execution not allowed: receiving Intent { act=android.net.wifi.STATE_CHANGE flg=0x4000010 (has extras) } to com.UCMobile/com.uc.browser.business.openwifi.NetworkConnectReceiver
09-11 02:46:43.697   833   849 W BroadcastQueue: Background execution not allowed: receiving Intent { act=android.net.wifi.STATE_CHANGE flg=0x4000010 (has extras) } to com.UCMobile/com.uc.browser.business.openwifi.NetworkConnectReceiver
09-11 02:46:43.707   833   846 W BroadcastQueue: Background execution not allowed: receiving Intent { act=android.net.wifi.supplicant.STATE_CHANGE flg=0x24000010 (has extras) } to com.UCMobile/com.uc.browser.business.openwifi.NetworkConnectReceiver
09-11 02:46:43.710   833   849 W BroadcastQueue: Background execution not allowed: receiving Intent { act=android.net.wifi.STATE_CHANGE flg=0x4000010 (has extras) } to com.UCMobile/com.uc.browser.business.openwifi.NetworkConnectReceiver
09-11 02:46:45.425   612   760 D CommandListener: Setting iface cfg
09-11 02:46:43.710   833   849 I chatty  : uid=1000(system) ActivityManager identical 5 lines
09-11 02:46:45.449   833   849 W BroadcastQueue: Background execution not allowed: receiving Intent { act=android.net.wifi.STATE_CHANGE flg=0x4000010 (has extras) } to com.UCMobile/com.uc.browser.business.openwifi.NetworkConnectReceiver
09-11 02:46:45.455   833  1818 D ConnectivityService: NetworkAgentInfo [WIFI () - 101] EVENT_NETWORK_INFO_CHANGED, going from CONNECTING to CONNECTED
09-11 02:46:45.459   833  1818 D ConnectivityService: Adding iface wlan0 to network 101
09-11 02:46:45.463   833   849 W BroadcastQueue: Background execution not allowed: receiving Intent { act=android.net.wifi.STATE_CHANGE flg=0x4000010 (has extras) } to com.UCMobile/com.uc.browser.business.openwifi.NetworkConnectReceiver
09-11 02:46:45.470   833   849 W BroadcastQueue: Background execution not allowed: receiving Intent { act=android.net.wifi.STATE_CHANGE flg=0x4000010 (has extras) } to com.UCMobile/com.uc.browser.business.openwifi.NetworkConnectReceiver
09-11 02:46:45.476   833  1818 D ConnectivityService: Setting DNS servers for network 101 to [/192.168.5.1]
09-11 02:46:45.494   833   852 E BatteryStatsService: no controller energy info supplied
09-11 02:46:45.496   833  1818 D ConnectivityService: Switching to new default network: NetworkAgentInfo{ ni{[type: WIFI[], state: CONNECTED/CONNECTED, reason: (unspecified), extra: "5GYHQ", failover: false, available: true, roaming: false, metered: false]}  network{101}  nethandle{433808132830}  lp{{InterfaceName: wlan0 LinkAddresses: [fe80::ba08:d7ff:fe43:c8c/64,192.168.5.8/24,]  Routes: [fe80::/64 -> :: wlan0,192.168.5.0/24 -> 0.0.0.0 wlan0,0.0.0.0/0 -> 192.168.5.1 wlan0,] DnsAddresses: [192.168.5.1,] Domains: null MTU: 0 TcpBufferSizes: 524288,2097152,4194304,262144,524288,1048576}}  nc{[ Transports: WIFI Capabilities: NOT_METERED&INTERNET&NOT_RESTRICTED&TRUSTED&NOT_VPN&FOREGROUND LinkUpBandwidth>=1048576Kbps LinkDnBandwidth>=1048576Kbps]}  Score{20}  everValidated{false}  lastValidated{false}  created{true} lingering{false} explicitlySelected{true} acceptUnvalidated{false} everCaptivePortalDetected{false} lastCaptivePortalDetected{false} }
09-11 02:46:45.529   612   760 V IdletimerController: runCmd(/system/bin/ip6tables -w -t raw -A idletimer_raw_PREROUTING -i wlan0 -j IDLETIMER --timeout 15 --label 1 --send_nl_msg 1) res_ipv4=0, res_ipv6=0
09-11 02:46:45.556   833 12554 I chatty  : uid=1000 system_server expire 2 lines
09-11 02:46:45.560   833 12553 I chatty  : uid=1000 system_server expire 2 lines
09-11 02:46:45.560   612   760 V IdletimerController: runCmd(/system/bin/ip6tables -w -t mangle -A idletimer_mangle_POSTROUTING -o wlan0 -j IDLETIMER --timeout 15 --label 1 --send_nl_msg 1) res_ipv4=0, res_ipv6=0
09-11 02:46:45.569   833   852 E BatteryStatsService: no controller energy info supplied
09-11 02:46:45.573   833  1818 D ConnectivityService: Sending CONNECTED broadcast for type 1 NetworkAgentInfo [WIFI () - 101] isDefaultNetwork=true
09-11 02:46:45.573   833  1856 I chatty  : uid=1000(system) ConnectivityThr expire 5 lines
09-11 02:46:45.583 10659 11010 E ActivityThread: Failed to find provider info for com.baidu.BaiduMap.BaiduGidContentProvider
09-11 02:46:45.614   833 12109 I chatty  : uid=1000(system) Binder:833_C expire 4 lines
09-11 02:46:45.620   833  2552 I chatty  : uid=1000(system) Loc_hal_worker expire 12 lines
09-11 02:46:45.814   833  1818 D ConnectivityService: NetworkAgentInfo [WIFI () - 101] validation passed
09-11 02:46:45.852 12574 12574 I chatty  : uid=10065(u0_a65) expire 1 line
09-11 02:46:45.992 12578 12578 I chatty  : uid=10065(u0_a65) expire 1 line
09-11 02:46:46.186  8857  8902 W GooglePlayServicesUtil: Google Play Store is missing.
09-11 02:46:46.502 12583 12583 I chatty  : uid=10065(u0_a65) expire 1 line
09-11 02:46:46.539 12585 12585 I chatty  : uid=10065(u0_a65) expire 1 line
09-11 02:46:46.576 12586 12586 I chatty  : uid=10065(u0_a65) expire 1 line
09-11 02:46:46.609 12587 12587 I chatty  : uid=10065(u0_a65) expire 1 line
09-11 02:46:46.639 12588 12588 I chatty  : uid=10065(u0_a65) expire 1 line
09-11 02:46:46.672 12589 12589 I chatty  : uid=10065(u0_a65) expire 1 line
09-11 02:46:46.706 12590 12590 I chatty  : uid=10065(u0_a65) expire 1 line
09-11 02:46:46.742 12591 12591 I chatty  : uid=10065(u0_a65) expire 1 line
09-11 02:46:46.779 12592 12592 I chatty  : uid=10065(u0_a65) expire 1 line
09-11 02:46:46.785   833  3274 W ActivityManager: Background start not allowed: service Intent { cmp=com.alibaba.android.rimet/com.alibaba.android.dingtalkbase.service.DDBabysitterService (has extras) } to com.alibaba.android.rimet/com.alibaba.android.dingtalkbase.service.DDBabysitterService from pid=8857 uid=10064 pkg=com.alibaba.android.rimet
09-11 02:46:46.809 12593 12593 I chatty  : uid=10065(u0_a65) expire 1 line
09-11 02:46:46.842 12594 12594 I chatty  : uid=10065(u0_a65) expire 1 line
09-11 02:46:46.876 12595 12595 I chatty  : uid=10065(u0_a65) expire 1 line
09-11 02:46:46.909 12597 12597 I chatty  : uid=10065(u0_a65) expire 1 line
09-11 02:46:46.946 12598 12598 I chatty  : uid=10065(u0_a65) expire 1 line
09-11 02:46:46.979 12599 12599 I chatty  : uid=10065(u0_a65) expire 1 line
09-11 02:46:47.016 12600 12600 W cat     : type=1400 audit(0.0:822): avc: denied { read } for name="address" dev="sysfs" ino=23800 scontext=u:r:untrusted_app:s0:c512,c768 tcontext=u:object_r:sysfs_mac_address:s0 tclass=file permissive=0
09-11 02:46:47.059 12601 12601 I chatty  : uid=10065(u0_a65) expire 1 line
09-11 02:46:47.089 12602 12602 I chatty  : uid=10065(u0_a65) expire 1 line
09-11 02:46:47.122 12603 12603 I chatty  : uid=10065(u0_a65) expire 1 line
09-11 02:46:47.152 12604 12604 I chatty  : uid=10065(u0_a65) expire 1 line
09-11 02:46:47.189 12605 12605 I chatty  : uid=10065(u0_a65) expire 1 line
09-11 02:46:47.222 12606 12606 I chatty  : uid=10065(u0_a65) expire 1 line
09-11 02:46:47.256 12607 12607 I chatty  : uid=10065(u0_a65) expire 1 line
09-11 02:46:47.289 12608 12608 I chatty  : uid=10065(u0_a65) expire 1 line
09-11 02:46:47.336 12609 12609 I chatty  : uid=10065(u0_a65) expire 1 line
09-11 02:46:47.369 12610 12610 I chatty  : uid=10065(u0_a65) expire 1 line
09-11 02:46:47.406 12611 12611 I chatty  : uid=10065(u0_a65) expire 1 line
09-11 02:46:47.439 12612 12612 I chatty  : uid=10065(u0_a65) expire 1 line
09-11 02:46:47.479 12613 12613 I chatty  : uid=10065(u0_a65) expire 1 line
09-11 02:46:47.519 12614 12614 I chatty  : uid=10065(u0_a65) expire 1 line
09-11 02:46:47.556 12615 12615 I chatty  : uid=10065(u0_a65) expire 1 line
09-11 02:46:47.882 12627 12627 I chatty  : uid=10065(u0_a65) expire 1 line
09-11 02:46:47.919 12629 12629 I chatty  : uid=10065(u0_a65) expire 1 line
09-11 02:46:47.956 12630 12630 I chatty  : uid=10065(u0_a65) expire 1 line
09-11 02:46:47.992 12631 12631 I chatty  : uid=10065(u0_a65) expire 1 line
09-11 02:46:48.029 12632 12632 I chatty  : uid=10065(u0_a65) expire 1 line
09-11 02:46:48.069 12633 12633 I chatty  : uid=10065(u0_a65) expire 1 line
09-11 02:46:48.099 12634 12634 I chatty  : uid=10065(u0_a65) expire 1 line
09-11 02:46:48.132 12635 12635 I chatty  : uid=10065(u0_a65) expire 1 line
09-11 02:46:48.162 12636 12636 I chatty  : uid=10065(u0_a65) cat expire 1 line
09-11 02:46:48.199 12639 12639 I chatty  : uid=10065(u0_a65) expire 1 line
09-11 02:46:48.252 12489 12489 I chatty  : uid=10063(u0_a63) utdid:0 expire 2 lines
09-11 02:46:48.257 12410 12489 I chatty  : uid=10063(u0_a63) utdid:0 expire 1 line
09-11 02:46:48.292 12316 12316 I chatty  : uid=1000(system) /vendor/bin/ATFWD-daemon expire 10 lines
09-11 02:46:48.354  2564  2587 E PhoneInterfaceManager: [PhoneIntfMgr] getIccId: No UICC
09-11 02:46:50.816   833   848 I UsageStatsService: User[0] Flushing usage stats to disk
09-11 02:46:57.835  5957 12662 V Cursor  : Filling cursor window with start position:0 required position:0
09-11 02:47:04.048   423   423 I chatty  : uid=1010 wifi@1.0-servic expire 79 lines
09-11 02:47:04.126   833  1818 D ConnectivityService: NetworkAgentInfo [WIFI () - 101] EVENT_NETWORK_INFO_CHANGED, going from CONNECTED to DISCONNECTED
09-11 02:47:04.126   833  1818 D ConnectivityService: NetworkAgentInfo [WIFI () - 101] got DISCONNECTED, was satisfying 17
